 KPT            1  SPIN            1  KWEIGHT    3.3333333333333335E-003
     1    -21.5986  2.00000
     2    -11.1977  2.00000
     3     -7.0286  2.00000
     4     -7.0276  2.00000
     5      5.3837  0.00000
     6      8.9292  0.00000
     7      8.9303  0.00000
     8     16.2967  0.00000

 KPT            2  SPIN            1  KWEIGHT    3.3333333333333335E-003
     1    -21.5970  2.00000
     2    -11.1959  2.00000
     3     -7.0349  2.00000
     4     -7.0309  2.00000
     5      5.3793  0.00000
     6      8.9356  0.00000
     7      8.9401  0.00000
     8     16.3005  0.00000

 KPT            3  SPIN            1  KWEIGHT    3.3333333333333335E-003
     1    -21.5943  2.00000
     2    -11.1928  2.00000
     3     -7.0454  2.00000
     4     -7.0363  2.00000
     5      5.3718  0.00000
     6      8.9462  0.00000
     7      8.9565  0.00000
     8     16.3070  0.00000

 KPT            4  SPIN            1  KWEIGHT    3.3333333333333335E-003
     1    -21.5905  2.00000
     2    -11.1885  2.00000
     3     -7.0600  2.00000
     4     -7.0438  2.00000
     5      5.3614  0.00000
     6      8.9610  0.00000
     7      8.9794  0.00000
     8     16.3161  0.00000

 KPT            5  SPIN            1  KWEIGHT    3.3333333333333335E-003
     1    -21.5856  2.00000
     2    -11.1830  2.00000
     3     -7.0787  2.00000
     4     -7.0534  2.00000
     5      5.3481  0.00000
     6      8.9800  0.00000
     7      9.0087  0.00000
     8     16.3278  0.00000

 KPT            6  SPIN            1  KWEIGHT    3.3333333333333335E-003
     1    -21.5796  2.00000
     2    -11.1762  2.00000
     3     -7.1015  2.00000
     4     -7.0651  2.00000
     5      5.3317  0.00000
     6      9.0030  0.00000
     7      9.0445  0.00000
     8     16.3421  0.00000

 KPT            7  SPIN            1  KWEIGHT    3.3333333333333335E-003
     1    -21.5725  2.00000
     2    -11.1683  2.00000
     3     -7.1284  2.00000
     4     -7.0789  2.00000
     5      5.3125  0.00000
     6      9.0300  0.00000
     7      9.0867  0.00000
     8     16.3591  0.00000

 KPT            8  SPIN            1  KWEIGHT    3.3333333333333335E-003
     1    -21.5643  2.00000
     2    -11.1591  2.00000
     3     -7.1592  2.00000
     4     -7.0947  2.00000
     5      5.2903  0.00000
     6      9.0609  0.00000
     7      9.1352  0.00000
     8     16.3789  0.00000

 KPT            9  SPIN            1  KWEIGHT    3.3333333333333335E-003
     1    -21.5551  2.00000
     2    -11.1487  2.00000
     3     -7.1939  2.00000
     4     -7.1124  2.00000
     5      5.2652  0.00000
     6      9.0956  0.00000
     7      9.1900  0.00000
     8     16.4013  0.00000

 KPT           10  SPIN            1  KWEIGHT    3.3333333333333335E-003
     1    -21.5447  2.00000
     2    -11.1370  2.00000
     3     -7.2324  2.00000
     4     -7.1321  2.00000
     5      5.2373  0.00000
     6      9.1339  0.00000
     7      9.2510  0.00000
     8     16.4266  0.00000

 KPT           11  SPIN            1  KWEIGHT    3.3333333333333335E-003
     1    -21.5333  2.00000
     2    -11.1242  2.00000
     3     -7.2747  2.00000
     4     -7.1536  2.00000
     5      5.2064  0.00000
     6      9.1757  0.00000
     7      9.3181  0.00000
     8     16.4546  0.00000

 KPT           12  SPIN            1  KWEIGHT    3.3333333333333335E-003
     1    -21.5208  2.00000
     2    -11.1101  2.00000
     3     -7.3207  2.00000
     4     -7.1769  2.00000
     5      5.1728  0.00000
     6      9.2208  0.00000
     7      9.3912  0.00000
     8     16.4856  0.00000

 KPT           13  SPIN            1  KWEIGHT    3.3333333333333335E-003
     1    -21.5072  2.00000
     2    -11.0948  2.00000
     3     -7.3702  2.00000
     4     -7.2020  2.00000
     5      5.1363  0.00000
     6      9.2691  0.00000
     7      9.4703  0.00000
     8     16.5194  0.00000

 KPT           14  SPIN            1  KWEIGHT    3.3333333333333335E-003
     1    -21.4925  2.00000
     2    -11.0783  2.00000
     3     -7.4232  2.00000
     4     -7.2287  2.00000
     5      5.0970  0.00000
     6      9.3204  0.00000
     7      9.5552  0.00000
     8     16.5563  0.00000

 KPT           15  SPIN            1  KWEIGHT    3.3333333333333335E-003
     1    -21.4767  2.00000
     2    -11.0606  2.00000
     3     -7.4795  2.00000
     4     -7.2570  2.00000
     5      5.0550  0.00000
     6      9.3746  0.00000
     7      9.6459  0.00000
     8     16.5962  0.00000

 KPT           16  SPIN            1  KWEIGHT    3.3333333333333335E-003
     1    -21.4599  2.00000
     2    -11.0417  2.00000
     3     -7.5392  2.00000
     4     -7.2869  2.00000
     5      5.0102  0.00000
     6      9.4314  0.00000
     7      9.7422  0.00000
     8     16.6392  0.00000

 KPT           17  SPIN            1  KWEIGHT    3.3333333333333335E-003
     1    -21.4420  2.00000
     2    -11.0216  2.00000
     3     -7.6020  2.00000
     4     -7.3182  2.00000
     5      4.9628  0.00000
     6      9.4906  0.00000
     7      9.8440  0.00000
     8     16.6853  0.00000

 KPT           18  SPIN            1  KWEIGHT    3.3333333333333335E-003
     1    -21.4230  2.00000
     2    -11.0002  2.00000
     3     -7.6679  2.00000
     4     -7.3509  2.00000
     5      4.9127  0.00000
     6      9.5521  0.00000
     7      9.9512  0.00000
     8     16.7347  0.00000

 KPT           19  SPIN            1  KWEIGHT    3.3333333333333335E-003
     1    -21.4029  2.00000
     2    -10.9777  2.00000
     3     -7.7367  2.00000
     4     -7.3849  2.00000
     5      4.8600  0.00000
     6      9.6156  0.00000
     7     10.0637  0.00000
     8     16.7874  0.00000

 KPT           20  SPIN            1  KWEIGHT    3.3333333333333335E-003
     1    -21.3817  2.00000
     2    -10.9539  2.00000
     3     -7.8084  2.00000
     4     -7.4202  2.00000
     5      4.8047  0.00000
     6      9.6809  0.00000
     7     10.1813  0.00000
     8     16.8435  0.00000

 KPT           21  SPIN            1  KWEIGHT    3.3333333333333335E-003
     1    -21.3595  2.00000
     2    -10.9290  2.00000
     3     -7.8828  2.00000
     4     -7.4566  2.00000
     5      4.7469  0.00000
     6      9.7479  0.00000
     7     10.3039  0.00000
     8     16.9030  0.00000

 KPT           22  SPIN            1  KWEIGHT    3.3333333333333335E-003
     1    -21.3362  2.00000
     2    -10.9029  2.00000
     3     -7.9598  2.00000
     4     -7.4941  2.00000
     5      4.6866  0.00000
     6      9.8163  0.00000
     7     10.4315  0.00000
     8     16.9660  0.00000

 KPT           23  SPIN            1  KWEIGHT    3.3333333333333335E-003
     1    -21.3119  2.00000
     2    -10.8756  2.00000
     3     -8.0393  2.00000
     4     -7.5326  2.00000
     5      4.6238  0.00000
     6      9.8858  0.00000
     7     10.5638  0.00000
     8     17.0325  0.00000

 KPT           24  SPIN            1  KWEIGHT    3.3333333333333335E-003
     1    -21.2865  2.00000
     2    -10.8471  2.00000
     3     -8.1213  2.00000
     4     -7.5720  2.00000
     5      4.5586  0.00000
     6      9.9563  0.00000
     7     10.7007  0.00000
     8     17.1026  0.00000

 KPT           25  SPIN            1  KWEIGHT    3.3333333333333335E-003
     1    -21.2600  2.00000
     2    -10.8174  2.00000
     3     -8.2055  2.00000
     4     -7.6123  2.00000
     5      4.4911  0.00000
     6     10.0276  0.00000
     7     10.8421  0.00000
     8     17.1765  0.00000

 KPT           26  SPIN            1  KWEIGHT    3.3333333333333335E-003
     1    -21.2325  2.00000
     2    -10.7866  2.00000
     3     -8.2919  2.00000
     4     -7.6533  2.00000
     5      4.4213  0.00000
     6     10.0995  0.00000
     7     10.9878  0.00000
     8     17.2540  0.00000

 KPT           27  SPIN            1  KWEIGHT    3.3333333333333335E-003
     1    -21.2039  2.00000
     2    -10.7545  2.00000
     3     -8.3804  2.00000
     4     -7.6951  2.00000
     5      4.3492  0.00000
     6     10.1717  0.00000
     7     11.1377  0.00000
     8     17.3353  0.00000

 KPT           28  SPIN            1  KWEIGHT    3.3333333333333335E-003
     1    -21.1742  2.00000
     2    -10.7213  2.00000
     3     -8.4709  2.00000
     4     -7.7375  2.00000
     5      4.2749  0.00000
     6     10.2441  0.00000
     7     11.2916  0.00000
     8     17.4204  0.00000

 KPT           29  SPIN            1  KWEIGHT    3.3333333333333335E-003
     1    -21.1435  2.00000
     2    -10.6870  2.00000
     3     -8.5632  2.00000
     4     -7.7804  2.00000
     5      4.1984  0.00000
     6     10.3165  0.00000
     7     11.4494  0.00000
     8     17.5094  0.00000

 KPT           30  SPIN            1  KWEIGHT    3.3333333333333335E-003
     1    -21.1117  2.00000
     2    -10.6515  2.00000
     3     -8.6574  2.00000
     4     -7.8239  2.00000
     5      4.1199  0.00000
     6     10.3886  0.00000
     7     11.6110  0.00000
     8     17.6022  0.00000

 KPT           31  SPIN            1  KWEIGHT    3.3333333333333335E-003
     1    -21.0789  2.00000
     2    -10.6148  2.00000
     3     -8.7532  2.00000
     4     -7.8677  2.00000
     5      4.0393  0.00000
     6     10.4604  0.00000
     7     11.7762  0.00000
     8     17.6988  0.00000

 KPT           32  SPIN            1  KWEIGHT    3.3333333333333335E-003
     1    -21.0451  2.00000
     2    -10.5770  2.00000
     3     -8.8506  2.00000
     4     -7.9120  2.00000
     5      3.9567  0.00000
     6     10.5317  0.00000
     7     11.9448  0.00000
     8     17.7994  0.00000

 KPT           33  SPIN            1  KWEIGHT    3.3333333333333335E-003
     1    -21.0102  2.00000
     2    -10.5381  2.00000
     3     -8.9495  2.00000
     4     -7.9565  2.00000
     5      3.8722  0.00000
     6     10.6023  0.00000
     7     12.1167  0.00000
     8     17.9037  0.00000

 KPT           34  SPIN            1  KWEIGHT    3.3333333333333335E-003
     1    -20.9743  2.00000
     2    -10.4981  2.00000
     3     -9.0498  2.00000
     4     -8.0013  2.00000
     5      3.7858  0.00000
     6     10.6721  0.00000
     7     12.2917  0.00000
     8     18.0120  0.00000

 KPT           35  SPIN            1  KWEIGHT    3.3333333333333335E-003
     1    -20.9373  2.00000
     2    -10.4569  2.00000
     3     -9.1514  2.00000
     4     -8.0463  2.00000
     5      3.6976  0.00000
     6     10.7409  0.00000
     7     12.4696  0.00000
     8     18.1240  0.00000

 KPT           36  SPIN            1  KWEIGHT    3.3333333333333335E-003
     1    -20.8994  2.00000
     2    -10.4146  2.00000
     3     -9.2542  2.00000
     4     -8.0914  2.00000
     5      3.6077  0.00000
     6     10.8087  0.00000
     7     12.6504  0.00000
     8     18.2398  0.00000

 KPT           37  SPIN            1  KWEIGHT    3.3333333333333335E-003
     1    -20.8603  2.00000
     2    -10.3712  2.00000
     3     -9.3582  2.00000
     4     -8.1365  2.00000
     5      3.5160  0.00000
     6     10.8753  0.00000
     7     12.8339  0.00000
     8     18.3593  0.00000

 KPT           38  SPIN            1  KWEIGHT    3.3333333333333335E-003
     1    -20.8203  2.00000
     2    -10.3267  2.00000
     3     -9.4633  2.00000
     4     -8.1817  2.00000
     5      3.4228  0.00000
     6     10.9407  0.00000
     7     13.0198  0.00000
     8     18.4824  0.00000

 KPT           39  SPIN            1  KWEIGHT    3.3333333333333335E-003
     1    -20.7793  2.00000
     2    -10.2811  2.00000
     3     -9.5694  2.00000
     4     -8.2268  2.00000
     5      3.3279  0.00000
     6     11.0047  0.00000
     7     13.2080  0.00000
     8     18.6091  0.00000

 KPT           40  SPIN            1  KWEIGHT    3.3333333333333335E-003
     1    -20.7372  2.00000
     2    -10.2345  2.00000
     3     -9.6764  2.00000
     4     -8.2718  2.00000
     5      3.2316  0.00000
     6     11.0672  0.00000
     7     13.3984  0.00000
     8     18.7393  0.00000

 KPT           41  SPIN            1  KWEIGHT    3.3333333333333335E-003
     1    -20.6941  2.00000
     2    -10.1867  2.00000
     3     -9.7843  2.00000
     4     -8.3168  2.00000
     5      3.1338  0.00000
     6     11.1284  0.00000
     7     13.5908  0.00000
     8     18.8728  0.00000

 KPT           42  SPIN            1  KWEIGHT    3.3333333333333335E-003
     1    -20.6500  2.00000
     2    -10.1380  2.00000
     3     -9.8930  2.00000
     4     -8.3615  2.00000
     5      3.0346  0.00000
     6     11.1879  0.00000
     7     13.7850  0.00000
     8     19.0095  0.00000

 KPT           43  SPIN            1  KWEIGHT    3.3333333333333335E-003
     1    -20.6050  2.00000
     2    -10.0882  2.00000
     3    -10.0023  2.00000
     4     -8.4060  2.00000
     5      2.9341  0.00000
     6     11.2460  0.00000
     7     13.9809  0.00000
     8     19.1494  0.00000

 KPT           44  SPIN            1  KWEIGHT    3.3333333333333335E-003
     1    -20.5589  2.00000
     2    -10.1124  2.00000
     3    -10.0373  2.00000
     4     -8.4503  2.00000
     5      2.8323  0.00000
     6     11.3024  0.00000
     7     14.1782  0.00000
     8     19.2922  0.00000

 KPT           45  SPIN            1  KWEIGHT    3.3333333333333335E-003
     1    -20.5118  2.00000
     2    -10.2230  2.00000
     3     -9.9855  2.00000
     4     -8.4942  2.00000
     5      2.7294  0.00000
     6     11.3573  0.00000
     7     14.3769  0.00000
     8     19.4378  0.00000

 KPT           46  SPIN            1  KWEIGHT    3.3333333333333335E-003
     1    -20.4638  2.00000
     2    -10.3342  2.00000
     3     -9.9326  2.00000
     4     -8.5378  2.00000
     5      2.6253  0.00000
     6     11.4105  0.00000
     7     14.5767  0.00000
     8     19.5861  0.00000

 KPT           47  SPIN            1  KWEIGHT    3.3333333333333335E-003
     1    -20.4148  2.00000
     2    -10.4459  2.00000
     3     -9.8788  2.00000
     4     -8.5811  2.00000
     5      2.5202  0.00000
     6     11.4621  0.00000
     7     14.7774  0.00000
     8     19.7369  0.00000

 KPT           48  SPIN            1  KWEIGHT    3.3333333333333335E-003
     1    -20.3648  2.00000
     2    -10.5580  2.00000
     3     -9.8239  2.00000
     4     -8.6239  2.00000
     5      2.4142  0.00000
     6     11.5121  0.00000
     7     14.9789  0.00000
     8     19.8900  0.00000

 KPT           49  SPIN            1  KWEIGHT    3.3333333333333335E-003
     1    -20.3138  2.00000
     2    -10.6704  2.00000
     3     -9.7682  2.00000
     4     -8.6663  2.00000
     5      2.3072  0.00000
     6     11.5605  0.00000
     7     15.1811  0.00000
     8     20.0453  0.00000

 KPT           50  SPIN            1  KWEIGHT    3.3333333333333335E-003
     1    -20.2619  2.00000
     2    -10.7832  2.00000
     3     -9.7115  2.00000
     4     -8.7083  2.00000
     5      2.1993  0.00000
     6     11.6073  0.00000
     7     15.3836  0.00000
     8     20.2025  0.00000

 KPT           51  SPIN            1  KWEIGHT    3.3333333333333335E-003
     1    -20.2090  2.00000
     2    -10.8963  2.00000
     3     -9.6538  2.00000
     4     -8.7497  2.00000
     5      2.0907  0.00000
     6     11.6526  0.00000
     7     15.5864  0.00000
     8     20.3614  0.00000

 KPT           52  SPIN            1  KWEIGHT    3.3333333333333335E-003
     1    -20.1552  2.00000
     2    -11.0096  2.00000
     3     -9.5953  2.00000
     4     -8.7906  2.00000
     5      1.9813  0.00000
     6     11.6962  0.00000
     7     15.7893  0.00000
     8     20.5219  0.00000

 KPT           53  SPIN            1  KWEIGHT    3.3333333333333335E-003
     1    -20.1004  2.00000
     2    -11.1231  2.00000
     3     -9.5359  2.00000
     4     -8.8310  2.00000
     5      1.8714  0.00000
     6     11.7384  0.00000
     7     15.9920  0.00000
     8     20.6838  0.00000

 KPT           54  SPIN            1  KWEIGHT    3.3333333333333335E-003
     1    -20.0447  2.00000
     2    -11.2367  2.00000
     3     -9.4757  2.00000
     4     -8.8708  2.00000
     5      1.7608  0.00000
     6     11.7790  0.00000
     7     16.1945  0.00000
     8     20.8467  0.00000

 KPT           55  SPIN            1  KWEIGHT    3.3333333333333335E-003
     1    -19.9881  2.00000
     2    -11.3503  2.00000
     3     -9.4146  2.00000
     4     -8.9099  2.00000
     5      1.6498  0.00000
     6     11.8182  0.00000
     7     16.3964  0.00000
     8     21.0106  0.00000

 KPT           56  SPIN            1  KWEIGHT    3.3333333333333335E-003
     1    -19.9306  2.00000
     2    -11.4641  2.00000
     3     -9.3527  2.00000
     4     -8.9485  2.00000
     5      1.5383  0.00000
     6     11.8560  0.00000
     7     16.5976  0.00000
     8     21.1752  0.00000

 KPT           57  SPIN            1  KWEIGHT    3.3333333333333335E-003
     1    -19.8722  2.00000
     2    -11.5778  2.00000
     3     -9.2901  2.00000
     4     -8.9864  2.00000
     5      1.4265  0.00000
     6     11.8924  0.00000
     7     16.7980  0.00000
     8     21.3403  0.00000

 KPT           58  SPIN            1  KWEIGHT    3.3333333333333335E-003
     1    -19.8128  2.00000
     2    -11.6915  2.00000
     3     -9.2267  2.00000
     4     -9.0236  2.00000
     5      1.3145  0.00000
     6     11.9274  0.00000
     7     16.9973  0.00000
     8     21.5057  0.00000

 KPT           59  SPIN            1  KWEIGHT    3.3333333333333335E-003
     1    -19.7526  2.00000
     2    -11.8052  2.00000
     3     -9.1626  2.00000
     4     -9.0602  2.00000
     5      1.2022  0.00000
     6     11.9611  0.00000
     7     17.1953  0.00000
     8     21.6711  0.00000

 KPT           60  SPIN            1  KWEIGHT    3.3333333333333335E-003
     1    -19.6915  2.00000
     2    -11.9187  2.00000
     3     -9.0978  2.00000
     4     -9.0960  2.00000
     5      1.0898  0.00000
     6     11.9935  0.00000
     7     17.3919  0.00000
     8     21.8363  0.00000

 KPT           61  SPIN            1  KWEIGHT    3.3333333333333335E-003
     1    -19.6295  2.00000
     2    -12.0321  2.00000
     3     -9.1312  2.00000
     4     -9.0324  2.00000
     5      0.9774  0.00000
     6     12.0246  0.00000
     7     17.5868  0.00000
     8     22.0011  0.00000

 KPT           62  SPIN            1  KWEIGHT    3.3333333333333335E-003
     1    -19.5667  2.00000
     2    -12.1453  2.00000
     3     -9.1656  2.00000
     4     -8.9664  2.00000
     5      0.8650  0.00000
     6     12.0545  0.00000
     7     17.7799  0.00000
     8     22.1653  0.00000

 KPT           63  SPIN            1  KWEIGHT    3.3333333333333335E-003
     1    -19.5031  2.00000
     2    -12.2583  2.00000
     3     -9.1992  2.00000
     4     -8.8998  2.00000
     5      0.7528  0.00000
     6     12.0833  0.00000
     7     17.9710  0.00000
     8     22.3287  0.00000

 KPT           64  SPIN            1  KWEIGHT    3.3333333333333335E-003
     1    -19.4386  2.00000
     2    -12.3710  2.00000
     3     -9.2321  2.00000
     4     -8.8327  2.00000
     5      0.6408  0.00000
     6     12.1109  0.00000
     7     18.1599  0.00000
     8     22.4909  0.00000

 KPT           65  SPIN            1  KWEIGHT    3.3333333333333335E-003
     1    -19.3733  2.00000
     2    -12.4834  2.00000
     3     -9.2642  2.00000
     4     -8.7651  2.00000
     5      0.5290  0.00000
     6     12.1373  0.00000
     7     18.3463  0.00000
     8     22.6519  0.00000

 KPT           66  SPIN            1  KWEIGHT    3.3333333333333335E-003
     1    -19.3072  2.00000
     2    -12.5954  2.00000
     3     -9.2955  2.00000
     4     -8.6972  2.00000
     5      0.4177  0.00000
     6     12.1627  0.00000
     7     18.5302  0.00000
     8     22.8114  0.00000

 KPT           67  SPIN            1  KWEIGHT    3.3333333333333335E-003
     1    -19.2404  2.00000
     2    -12.7071  2.00000
     3     -9.3260  2.00000
     4     -8.6288  2.00000
     5      0.3068  0.00000
     6     12.1871  0.00000
     7     18.7113  0.00000
     8     22.9691  0.00000

 KPT           68  SPIN            1  KWEIGHT    3.3333333333333335E-003
     1    -19.1727  2.00000
     2    -12.8184  2.00000
     3     -9.3557  2.00000
     4     -8.5602  2.00000
     5      0.1966  0.00000
     6     12.2104  0.00000
     7     18.8893  0.00000
     8     23.1249  0.00000

 KPT           69  SPIN            1  KWEIGHT    3.3333333333333335E-003
     1    -19.1044  2.00000
     2    -12.9293  2.00000
     3     -9.3846  2.00000
     4     -8.4914  2.00000
     5      0.0870  0.00000
     6     12.2327  0.00000
     7     19.0643  0.00000
     8     23.2785  0.00000

 KPT           70  SPIN            1  KWEIGHT    3.3333333333333335E-003
     1    -19.0353  2.00000
     2    -13.0396  2.00000
     3     -9.4127  2.00000
     4     -8.4223  2.00000
     5     -0.0218  0.00000
     6     12.2541  0.00000
     7     19.2358  0.00000
     8     23.4297  0.00000

 KPT           71  SPIN            1  KWEIGHT    3.3333333333333335E-003
     1    -18.9655  2.00000
     2    -13.1495  2.00000
     3     -9.4398  2.00000
     4     -8.3532  2.00000
     5     -0.1297  0.00000
     6     12.2745  0.00000
     7     19.4038  0.00000
     8     23.5782  0.00000

 KPT           72  SPIN            1  KWEIGHT    3.3333333333333335E-003
     1    -18.8951  2.00000
     2    -13.2587  2.00000
     3     -9.4662  2.00000
     4     -8.2841  2.00000
     5     -0.2366  0.00000
     6     12.2940  0.00000
     7     19.5681  0.00000
     8     23.7240  0.00000

 KPT           73  SPIN            1  KWEIGHT    3.3333333333333335E-003
     1    -18.8241  2.00000
     2    -13.3674  2.00000
     3     -9.4917  2.00000
     4     -8.2151  2.00000
     5     -0.3424  0.00000
     6     12.3127  0.00000
     7     19.7285  0.00000
     8     23.8668  0.00000

 KPT           74  SPIN            1  KWEIGHT    3.3333333333333335E-003
     1    -18.7524  2.00000
     2    -13.4753  2.00000
     3     -9.5163  2.00000
     4     -8.1462  2.00000
     5     -0.4469  0.00000
     6     12.3304  0.00000
     7     19.8848  0.00000
     8     24.0063  0.00000

 KPT           75  SPIN            1  KWEIGHT    3.3333333333333335E-003
     1    -18.6802  2.00000
     2    -13.5826  2.00000
     3     -9.5400  2.00000
     4     -8.0777  2.00000
     5     -0.5501  0.00000
     6     12.3474  0.00000
     7     20.0369  0.00000
     8     24.1425  0.00000

 KPT           76  SPIN            1  KWEIGHT    3.3333333333333335E-003
     1    -18.6075  2.00000
     2    -13.6891  2.00000
     3     -9.5628  2.00000
     4     -8.0095  2.00000
     5     -0.6517  0.00000
     6     12.3635  0.00000
     7     20.1845  0.00000
     8     24.2750  0.00000

 KPT           77  SPIN            1  KWEIGHT    3.3333333333333335E-003
     1    -18.5343  2.00000
     2    -13.7948  2.00000
     3     -9.5848  2.00000
     4     -7.9418  2.00000
     5     -0.7516  0.00000
     6     12.3788  0.00000
     7     20.3275  0.00000
     8     24.4037  0.00000

 KPT           78  SPIN            1  KWEIGHT    3.3333333333333335E-003
     1    -18.4607  2.00000
     2    -13.8995  2.00000
     3     -9.6059  2.00000
     4     -7.8748  2.00000
     5     -0.8497  0.00000
     6     12.3933  0.00000
     7     20.4658  0.00000
     8     24.5284  0.00000

 KPT           79  SPIN            1  KWEIGHT    3.3333333333333335E-003
     1    -18.3867  2.00000
     2    -14.0033  2.00000
     3     -9.6260  2.00000
     4     -7.8085  2.00000
     5     -0.9459  0.00000
     6     12.4071  0.00000
     7     20.5991  0.00000
     8     24.6490  0.00000

 KPT           80  SPIN            1  KWEIGHT    3.3333333333333335E-003
     1    -18.3125  2.00000
     2    -14.1060  2.00000
     3     -9.6453  2.00000
     4     -7.7432  2.00000
     5     -1.0398  0.00000
     6     12.4202  0.00000
     7     20.7274  0.00000
     8     24.7652  0.00000

 KPT           81  SPIN            1  KWEIGHT    3.3333333333333335E-003
     1    -18.2381  2.00000
     2    -14.2076  2.00000
     3     -9.6636  2.00000
     4     -7.6790  2.00000
     5     -1.1315  0.00000
     6     12.4325  0.00000
     7     20.8504  0.00000
     8     24.8769  0.00000

 KPT           82  SPIN            1  KWEIGHT    3.3333333333333335E-003
     1    -18.1636  2.00000
     2    -14.3080  2.00000
     3     -9.6810  2.00000
     4     -7.6160  2.00000
     5     -1.2206  0.00000
     6     12.4441  0.00000
     7     20.9681  0.00000
     8     24.9839  0.00000

 KPT           83  SPIN            1  KWEIGHT    3.3333333333333335E-003
     1    -18.0891  2.00000
     2    -14.4069  2.00000
     3     -9.6975  2.00000
     4     -7.5545  2.00000
     5     -1.3069  0.00000
     6     12.4549  0.00000
     7     21.0802  0.00000
     8     25.0861  0.00000

 KPT           84  SPIN            1  KWEIGHT    3.3333333333333335E-003
     1    -18.0148  2.00000
     2    -14.5043  2.00000
     3     -9.7131  2.00000
     4     -7.4946  2.00000
     5     -1.3903  0.00000
     6     12.4652  0.00000
     7     21.1867  0.00000
     8     25.1832  0.00000

 KPT           85  SPIN            1  KWEIGHT    3.3333333333333335E-003
     1    -17.9408  2.00000
     2    -14.6001  2.00000
     3     -9.7278  2.00000
     4     -7.4366  2.00000
     5     -1.4705  0.00000
     6     12.4747  0.00000
     7     21.2874  0.00000
     8     25.2753  0.00000

 KPT           86  SPIN            1  KWEIGHT    3.3333333333333335E-003
     1    -17.8673  2.00000
     2    -14.6939  2.00000
     3     -9.7415  2.00000
     4     -7.3806  2.00000
     5     -1.5473  0.00000
     6     12.4835  0.00000
     7     21.3822  0.00000
     8     25.3621  0.00000

 KPT           87  SPIN            1  KWEIGHT    3.3333333333333335E-003
     1    -17.7946  2.00000
     2    -14.7856  2.00000
     3     -9.7543  2.00000
     4     -7.3270  2.00000
     5     -1.6204  0.00000
     6     12.4918  0.00000
     7     21.4710  0.00000
     8     25.4435  0.00000

 KPT           88  SPIN            1  KWEIGHT    3.3333333333333335E-003
     1    -17.7229  2.00000
     2    -14.8749  2.00000
     3     -9.7661  2.00000
     4     -7.2758  2.00000
     5     -1.6896  0.00000
     6     12.4993  0.00000
     7     21.5537  0.00000
     8     25.5193  0.00000

 KPT           89  SPIN            1  KWEIGHT    3.3333333333333335E-003
     1    -17.6526  2.00000
     2    -14.9614  2.00000
     3     -9.7770  2.00000
     4     -7.2275  2.00000
     5     -1.7546  0.00000
     6     12.5063  0.00000
     7     21.6302  0.00000
     8     25.5895  0.00000

 KPT           90  SPIN            1  KWEIGHT    3.3333333333333335E-003
     1    -17.5841  2.00000
     2    -15.0447  2.00000
     3     -9.7870  2.00000
     4     -7.1822  2.00000
     5     -1.8151  0.00000
     6     12.5126  0.00000
     7     21.7003  0.00000
     8     25.6540  0.00000

 KPT           91  SPIN            1  KWEIGHT    3.3333333333333335E-003
     1    -17.5179  2.00000
     2    -15.1243  2.00000
     3     -9.7960  2.00000
     4     -7.1403  2.00000
     5     -1.8709  0.00000
     6     12.5182  0.00000
     7     21.7640  0.00000
     8     25.7127  0.00000

 KPT           92  SPIN            1  KWEIGHT    3.3333333333333335E-003
     1    -17.4546  2.00000
     2    -15.1997  2.00000
     3     -9.8041  2.00000
     4     -7.1018  2.00000
     5     -1.9218  0.00000
     6     12.5233  0.00000
     7     21.8212  0.00000
     8     25.7654  0.00000

 KPT           93  SPIN            1  KWEIGHT    3.3333333333333335E-003
     1    -17.3949  2.00000
     2    -15.2699  2.00000
     3     -9.8113  2.00000
     4     -7.0672  2.00000
     5     -1.9674  0.00000
     6     12.5278  0.00000
     7     21.8719  0.00000
     8     25.8121  0.00000

 KPT           94  SPIN            1  KWEIGHT    3.3333333333333335E-003
     1    -17.3398  2.00000
     2    -15.3343  2.00000
     3     -9.8174  2.00000
     4     -7.0367  2.00000
     5     -2.0074  0.00000
     6     12.5316  0.00000
     7     21.9159  0.00000
     8     25.8527  0.00000

 KPT           95  SPIN            1  KWEIGHT    3.3333333333333335E-003
     1    -17.2901  2.00000
     2    -15.3917  2.00000
     3     -9.8227  2.00000
     4     -7.0104  2.00000
     5     -2.0418  0.00000
     6     12.5349  0.00000
     7     21.9533  0.00000
     8     25.8872  0.00000

 KPT           96  SPIN            1  KWEIGHT    3.3333333333333335E-003
     1    -17.2471  2.00000
     2    -15.4411  2.00000
     3     -9.8270  2.00000
     4     -6.9886  2.00000
     5     -2.0702  0.00000
     6     12.5375  0.00000
     7     21.9839  0.00000
     8     25.9154  0.00000

 KPT           97  SPIN            1  KWEIGHT    3.3333333333333335E-003
     1    -17.2120  2.00000
     2    -15.4813  2.00000
     3     -9.8303  2.00000
     4     -6.9714  2.00000
     5     -2.0925  0.00000
     6     12.5396  0.00000
     7     22.0078  0.00000
     8     25.9375  0.00000

 KPT           98  SPIN            1  KWEIGHT    3.3333333333333335E-003
     1    -17.1858  2.00000
     2    -15.5110  2.00000
     3     -9.8327  2.00000
     4     -6.9591  2.00000
     5     -2.1086  0.00000
     6     12.5411  0.00000
     7     22.0249  0.00000
     8     25.9533  0.00000

 KPT           99  SPIN            1  KWEIGHT    3.3333333333333335E-003
     1    -17.1696  2.00000
     2    -15.5293  2.00000
     3     -9.8341  2.00000
     4     -6.9516  2.00000
     5     -2.1182  0.00000
     6     12.5419  0.00000
     7     22.0351  0.00000
     8     25.9627  0.00000

 KPT          100  SPIN            1  KWEIGHT    3.3333333333333335E-003
     1    -17.1642  2.00000
     2    -15.5354  2.00000
     3     -9.8346  2.00000
     4     -6.9491  2.00000
     5     -2.1215  0.00000
     6     12.5422  0.00000
     7     22.0385  0.00000
     8     25.9659  0.00000

 KPT          101  SPIN            1  KWEIGHT    3.3333333333333335E-003
     1    -17.1640  2.00000
     2    -15.5353  2.00000
     3     -9.8353  2.00000
     4     -6.9489  2.00000
     5     -2.1218  0.00000
     6     12.5434  0.00000
     7     22.0377  0.00000
     8     25.9667  0.00000

 KPT          102  SPIN            1  KWEIGHT    3.3333333333333335E-003
     1    -17.1635  2.00000
     2    -15.5350  2.00000
     3     -9.8372  2.00000
     4     -6.9482  2.00000
     5     -2.1226  0.00000
     6     12.5467  0.00000
     7     22.0352  0.00000
     8     25.9693  0.00000

 KPT          103  SPIN            1  KWEIGHT    3.3333333333333335E-003
     1    -17.1627  2.00000
     2    -15.5344  2.00000
     3     -9.8405  2.00000
     4     -6.9470  2.00000
     5     -2.1240  0.00000
     6     12.5523  0.00000
     7     22.0311  0.00000
     8     25.9735  0.00000

 KPT          104  SPIN            1  KWEIGHT    3.3333333333333335E-003
     1    -17.1615  2.00000
     2    -15.5336  2.00000
     3     -9.8451  2.00000
     4     -6.9454  2.00000
     5     -2.1261  0.00000
     6     12.5600  0.00000
     7     22.0253  0.00000
     8     25.9795  0.00000

 KPT          105  SPIN            1  KWEIGHT    3.3333333333333335E-003
     1    -17.1600  2.00000
     2    -15.5326  2.00000
     3     -9.8510  2.00000
     4     -6.9434  2.00000
     5     -2.1286  0.00000
     6     12.5700  0.00000
     7     22.0180  0.00000
     8     25.9870  0.00000

 KPT          106  SPIN            1  KWEIGHT    3.3333333333333335E-003
     1    -17.1582  2.00000
     2    -15.5314  2.00000
     3     -9.8582  2.00000
     4     -6.9409  2.00000
     5     -2.1318  0.00000
     6     12.5822  0.00000
     7     22.0090  0.00000
     8     25.9963  0.00000

 KPT          107  SPIN            1  KWEIGHT    3.3333333333333335E-003
     1    -17.1561  2.00000
     2    -15.5299  2.00000
     3     -9.8667  2.00000
     4     -6.9379  2.00000
     5     -2.1355  0.00000
     6     12.5966  0.00000
     7     21.9984  0.00000
     8     26.0071  0.00000

 KPT          108  SPIN            1  KWEIGHT    3.3333333333333335E-003
     1    -17.1536  2.00000
     2    -15.5283  2.00000
     3     -9.8765  2.00000
     4     -6.9344  2.00000
     5     -2.1398  0.00000
     6     12.6132  0.00000
     7     21.9863  0.00000
     8     26.0195  0.00000

 KPT          109  SPIN            1  KWEIGHT    3.3333333333333335E-003
     1    -17.1508  2.00000
     2    -15.5264  2.00000
     3     -9.8876  2.00000
     4     -6.9305  2.00000
     5     -2.1447  0.00000
     6     12.6320  0.00000
     7     21.9727  0.00000
     8     26.0335  0.00000

 KPT          110  SPIN            1  KWEIGHT    3.3333333333333335E-003
     1    -17.1476  2.00000
     2    -15.5243  2.00000
     3     -9.9000  2.00000
     4     -6.9262  2.00000
     5     -2.1501  0.00000
     6     12.6529  0.00000
     7     21.9576  0.00000
     8     26.0490  0.00000

 KPT          111  SPIN            1  KWEIGHT    3.3333333333333335E-003
     1    -17.1442  2.00000
     2    -15.5219  2.00000
     3     -9.9136  2.00000
     4     -6.9213  2.00000
     5     -2.1561  0.00000
     6     12.6759  0.00000
     7     21.9411  0.00000
     8     26.0659  0.00000

 KPT          112  SPIN            1  KWEIGHT    3.3333333333333335E-003
     1    -17.1404  2.00000
     2    -15.5194  2.00000
     3     -9.9284  2.00000
     4     -6.9161  2.00000
     5     -2.1627  0.00000
     6     12.7011  0.00000
     7     21.9231  0.00000
     8     26.0843  0.00000

 KPT          113  SPIN            1  KWEIGHT    3.3333333333333335E-003
     1    -17.1362  2.00000
     2    -15.5166  2.00000
     3     -9.9445  2.00000
     4     -6.9103  2.00000
     5     -2.1698  0.00000
     6     12.7283  0.00000
     7     21.9039  0.00000
     8     26.1040  0.00000

 KPT          114  SPIN            1  KWEIGHT    3.3333333333333335E-003
     1    -17.1318  2.00000
     2    -15.5137  2.00000
     3     -9.9617  2.00000
     4     -6.9041  2.00000
     5     -2.1775  0.00000
     6     12.7576  0.00000
     7     21.8832  0.00000
     8     26.1251  0.00000

 KPT          115  SPIN            1  KWEIGHT    3.3333333333333335E-003
     1    -17.1270  2.00000
     2    -15.5105  2.00000
     3     -9.9802  2.00000
     4     -6.8975  2.00000
     5     -2.1858  0.00000
     6     12.7890  0.00000
     7     21.8614  0.00000
     8     26.1475  0.00000

 KPT          116  SPIN            1  KWEIGHT    3.3333333333333335E-003
     1    -17.1218  2.00000
     2    -15.5071  2.00000
     3     -9.9999  2.00000
     4     -6.8904  2.00000
     5     -2.1946  0.00000
     6     12.8224  0.00000
     7     21.8383  0.00000
     8     26.1711  0.00000

 KPT          117  SPIN            1  KWEIGHT    3.3333333333333335E-003
     1    -17.1164  2.00000
     2    -15.5035  2.00000
     3    -10.0207  2.00000
     4     -6.8828  2.00000
     5     -2.2040  0.00000
     6     12.8577  0.00000
     7     21.8140  0.00000
     8     26.1959  0.00000

 KPT          118  SPIN            1  KWEIGHT    3.3333333333333335E-003
     1    -17.1106  2.00000
     2    -15.4996  2.00000
     3    -10.0427  2.00000
     4     -6.8747  2.00000
     5     -2.2140  0.00000
     6     12.8951  0.00000
     7     21.7885  0.00000
     8     26.2218  0.00000

 KPT          119  SPIN            1  KWEIGHT    3.3333333333333335E-003
     1    -17.1045  2.00000
     2    -15.4956  2.00000
     3    -10.0658  2.00000
     4     -6.8663  2.00000
     5     -2.2245  0.00000
     6     12.9344  0.00000
     7     21.7620  0.00000
     8     26.2488  0.00000

 KPT          120  SPIN            1  KWEIGHT    3.3333333333333335E-003
     1    -17.0981  2.00000
     2    -15.4914  2.00000
     3    -10.0900  2.00000
     4     -6.8573  2.00000
     5     -2.2356  0.00000
     6     12.9755  0.00000
     7     21.7345  0.00000
     8     26.2769  0.00000

 KPT          121  SPIN            1  KWEIGHT    3.3333333333333335E-003
     1    -17.0913  2.00000
     2    -15.4870  2.00000
     3    -10.1154  2.00000
     4     -6.8479  2.00000
     5     -2.2472  0.00000
     6     13.0186  0.00000
     7     21.7059  0.00000
     8     26.3059  0.00000

 KPT          122  SPIN            1  KWEIGHT    3.3333333333333335E-003
     1    -17.0842  2.00000
     2    -15.4824  2.00000
     3    -10.1417  2.00000
     4     -6.8380  2.00000
     5     -2.2594  0.00000
     6     13.0635  0.00000
     7     21.6764  0.00000
     8     26.3358  0.00000

 KPT          123  SPIN            1  KWEIGHT    3.3333333333333335E-003
     1    -17.0768  2.00000
     2    -15.4776  2.00000
     3    -10.1691  2.00000
     4     -6.8277  2.00000
     5     -2.2721  0.00000
     6     13.1102  0.00000
     7     21.6460  0.00000
     8     26.3666  0.00000

 KPT          124  SPIN            1  KWEIGHT    3.3333333333333335E-003
     1    -17.0690  2.00000
     2    -15.4726  2.00000
     3    -10.1976  2.00000
     4     -6.8169  2.00000
     5     -2.2854  0.00000
     6     13.1586  0.00000
     7     21.6147  0.00000
     8     26.3982  0.00000

 KPT          125  SPIN            1  KWEIGHT    3.3333333333333335E-003
     1    -17.0609  2.00000
     2    -15.4674  2.00000
     3    -10.2270  2.00000
     4     -6.8057  2.00000
     5     -2.2993  0.00000
     6     13.2088  0.00000
     7     21.5826  0.00000
     8     26.4306  0.00000

 KPT          126  SPIN            1  KWEIGHT    3.3333333333333335E-003
     1    -17.0525  2.00000
     2    -15.4620  2.00000
     3    -10.2574  2.00000
     4     -6.7940  2.00000
     5     -2.3137  0.00000
     6     13.2606  0.00000
     7     21.5497  0.00000
     8     26.4637  0.00000

 KPT          127  SPIN            1  KWEIGHT    3.3333333333333335E-003
     1    -17.0438  2.00000
     2    -15.4565  2.00000
     3    -10.2887  2.00000
     4     -6.7818  2.00000
     5     -2.3286  0.00000
     6     13.3141  0.00000
     7     21.5161  0.00000
     8     26.4975  0.00000

 KPT          128  SPIN            1  KWEIGHT    3.3333333333333335E-003
     1    -17.0347  2.00000
     2    -15.4507  2.00000
     3    -10.3210  2.00000
     4     -6.7692  2.00000
     5     -2.3441  0.00000
     6     13.3692  0.00000
     7     21.4818  0.00000
     8     26.5320  0.00000

 KPT          129  SPIN            1  KWEIGHT    3.3333333333333335E-003
     1    -17.0253  2.00000
     2    -15.4449  2.00000
     3    -10.3542  2.00000
     4     -6.7561  2.00000
     5     -2.3602  0.00000
     6     13.4259  0.00000
     7     21.4468  0.00000
     8     26.5670  0.00000

 KPT          130  SPIN            1  KWEIGHT    3.3333333333333335E-003
     1    -17.0156  2.00000
     2    -15.4388  2.00000
     3    -10.3882  2.00000
     4     -6.7426  2.00000
     5     -2.3767  0.00000
     6     13.4841  0.00000
     7     21.4111  0.00000
     8     26.6025  0.00000

 KPT          131  SPIN            1  KWEIGHT    3.3333333333333335E-003
     1    -17.0056  2.00000
     2    -15.4326  2.00000
     3    -10.4230  2.00000
     4     -6.7286  2.00000
     5     -2.3938  0.00000
     6     13.5437  0.00000
     7     21.3749  0.00000
     8     26.6386  0.00000

 KPT          132  SPIN            1  KWEIGHT    3.3333333333333335E-003
     1    -16.9952  2.00000
     2    -15.4262  2.00000
     3    -10.4587  2.00000
     4     -6.7141  2.00000
     5     -2.4115  0.00000
     6     13.6048  0.00000
     7     21.3381  0.00000
     8     26.6751  0.00000

 KPT          133  SPIN            1  KWEIGHT    3.3333333333333335E-003
     1    -16.9845  2.00000
     2    -15.4197  2.00000
     3    -10.4952  2.00000
     4     -6.6992  2.00000
     5     -2.4297  0.00000
     6     13.6673  0.00000
     7     21.3007  0.00000
     8     26.7120  0.00000

 KPT          134  SPIN            1  KWEIGHT    3.3333333333333335E-003
     1    -16.9735  2.00000
     2    -15.4130  2.00000
     3    -10.5324  2.00000
     4     -6.6839  2.00000
     5     -2.4484  0.00000
     6     13.7311  0.00000
     7     21.2628  0.00000
     8     26.7493  0.00000

 KPT          135  SPIN            1  KWEIGHT    3.3333333333333335E-003
     1    -16.9622  2.00000
     2    -15.4062  2.00000
     3    -10.5703  2.00000
     4     -6.6680  2.00000
     5     -2.4676  0.00000
     6     13.7962  0.00000
     7     21.2245  0.00000
     8     26.7869  0.00000

 KPT          136  SPIN            1  KWEIGHT    3.3333333333333335E-003
     1    -16.9505  2.00000
     2    -15.3993  2.00000
     3    -10.6090  2.00000
     4     -6.6517  2.00000
     5     -2.4874  0.00000
     6     13.8625  0.00000
     7     21.1857  0.00000
     8     26.8248  0.00000

 KPT          137  SPIN            1  KWEIGHT    3.3333333333333335E-003
     1    -16.9385  2.00000
     2    -15.3922  2.00000
     3    -10.6483  2.00000
     4     -6.6350  2.00000
     5     -2.5077  0.00000
     6     13.9300  0.00000
     7     21.1465  0.00000
     8     26.8630  0.00000

 KPT          138  SPIN            1  KWEIGHT    3.3333333333333335E-003
     1    -16.9262  2.00000
     2    -15.3850  2.00000
     3    -10.6882  2.00000
     4     -6.6178  2.00000
     5     -2.5285  0.00000
     6     13.9987  0.00000
     7     21.1069  0.00000
     8     26.9014  0.00000

 KPT          139  SPIN            1  KWEIGHT    3.3333333333333335E-003
     1    -16.9136  2.00000
     2    -15.3777  2.00000
     3    -10.7288  2.00000
     4     -6.6002  2.00000
     5     -2.5499  0.00000
     6     14.0685  0.00000
     7     21.0669  0.00000
     8     26.9399  0.00000

 KPT          140  SPIN            1  KWEIGHT    3.3333333333333335E-003
     1    -16.9006  2.00000
     2    -15.3703  2.00000
     3    -10.7699  2.00000
     4     -6.5820  2.00000
     5     -2.5717  0.00000
     6     14.1393  0.00000
     7     21.0266  0.00000
     8     26.9786  0.00000

 KPT          141  SPIN            1  KWEIGHT    3.3333333333333335E-003
     1    -16.8873  2.00000
     2    -15.3628  2.00000
     3    -10.8116  2.00000
     4     -6.5635  2.00000
     5     -2.5941  0.00000
     6     14.2111  0.00000
     7     20.9859  0.00000
     8     27.0175  0.00000

 KPT          142  SPIN            1  KWEIGHT    3.3333333333333335E-003
     1    -16.8737  2.00000
     2    -15.3553  2.00000
     3    -10.8537  2.00000
     4     -6.5445  2.00000
     5     -2.6170  0.00000
     6     14.2839  0.00000
     7     20.9449  0.00000
     8     27.0564  0.00000

 KPT          143  SPIN            1  KWEIGHT    3.3333333333333335E-003
     1    -16.8598  2.00000
     2    -15.3476  2.00000
     3    -10.8964  2.00000
     4     -6.5250  2.00000
     5     -2.6403  0.00000
     6     14.3576  0.00000
     7     20.9036  0.00000
     8     27.0954  0.00000

 KPT          144  SPIN            1  KWEIGHT    3.3333333333333335E-003
     1    -16.8455  2.00000
     2    -15.3399  2.00000
     3    -10.9395  2.00000
     4     -6.5050  2.00000
     5     -2.6642  0.00000
     6     14.4321  0.00000
     7     20.8621  0.00000
     8     27.1343  0.00000

 KPT          145  SPIN            1  KWEIGHT    3.3333333333333335E-003
     1    -16.8310  2.00000
     2    -15.3321  2.00000
     3    -10.9831  2.00000
     4     -6.4846  2.00000
     5     -2.6886  0.00000
     6     14.5074  0.00000
     7     20.8203  0.00000
     8     27.1733  0.00000

 KPT          146  SPIN            1  KWEIGHT    3.3333333333333335E-003
     1    -16.8161  2.00000
     2    -15.3243  2.00000
     3    -11.0270  2.00000
     4     -6.4638  2.00000
     5     -2.7135  0.00000
     6     14.5834  0.00000
     7     20.7782  0.00000
     8     27.2122  0.00000

 KPT          147  SPIN            1  KWEIGHT    3.3333333333333335E-003
     1    -16.8009  2.00000
     2    -15.3165  2.00000
     3    -11.0712  2.00000
     4     -6.4425  2.00000
     5     -2.7388  0.00000
     6     14.6601  0.00000
     7     20.7360  0.00000
     8     27.2511  0.00000

 KPT          148  SPIN            1  KWEIGHT    3.3333333333333335E-003
     1    -16.7853  2.00000
     2    -15.3086  2.00000
     3    -11.1158  2.00000
     4     -6.4207  2.00000
     5     -2.7647  0.00000
     6     14.7375  0.00000
     7     20.6935  0.00000
     8     27.2898  0.00000

 KPT          149  SPIN            1  KWEIGHT    3.3333333333333335E-003
     1    -16.7695  2.00000
     2    -15.3008  2.00000
     3    -11.1607  2.00000
     4     -6.3985  2.00000
     5     -2.7910  0.00000
     6     14.8154  0.00000
     7     20.6508  0.00000
     8     27.3284  0.00000

 KPT          150  SPIN            1  KWEIGHT    3.3333333333333335E-003
     1    -16.7533  2.00000
     2    -15.2929  2.00000
     3    -11.2058  2.00000
     4     -6.3758  2.00000
     5     -2.8179  0.00000
     6     14.8939  0.00000
     7     20.6080  0.00000
     8     27.3669  0.00000

 KPT          151  SPIN            1  KWEIGHT    3.3333333333333335E-003
     1    -16.7368  2.00000
     2    -15.2851  2.00000
     3    -11.2511  2.00000
     4     -6.3527  2.00000
     5     -2.8452  0.00000
     6     14.9729  0.00000
     7     20.5649  0.00000
     8     27.4052  0.00000

 KPT          152  SPIN            1  KWEIGHT    3.3333333333333335E-003
     1    -16.7200  2.00000
     2    -15.2774  2.00000
     3    -11.2966  2.00000
     4     -6.3291  2.00000
     5     -2.8729  0.00000
     6     15.0523  0.00000
     7     20.5218  0.00000
     8     27.4432  0.00000

 KPT          153  SPIN            1  KWEIGHT    3.3333333333333335E-003
     1    -16.7029  2.00000
     2    -15.2696  2.00000
     3    -11.3422  2.00000
     4     -6.3051  2.00000
     5     -2.9012  0.00000
     6     15.1321  0.00000
     7     20.4785  0.00000
     8     27.4810  0.00000

 KPT          154  SPIN            1  KWEIGHT    3.3333333333333335E-003
     1    -16.6855  2.00000
     2    -15.2620  2.00000
     3    -11.3880  2.00000
     4     -6.2806  2.00000
     5     -2.9299  0.00000
     6     15.2122  0.00000
     7     20.4350  0.00000
     8     27.5186  0.00000

 KPT          155  SPIN            1  KWEIGHT    3.3333333333333335E-003
     1    -16.6677  2.00000
     2    -15.2545  2.00000
     3    -11.4338  2.00000
     4     -6.2557  2.00000
     5     -2.9591  0.00000
     6     15.2925  0.00000
     7     20.3914  0.00000
     8     27.5558  0.00000

 KPT          156  SPIN            1  KWEIGHT    3.3333333333333335E-003
     1    -16.6497  2.00000
     2    -15.2471  2.00000
     3    -11.4796  2.00000
     4     -6.2303  2.00000
     5     -2.9887  0.00000
     6     15.3731  0.00000
     7     20.3477  0.00000
     8     27.5927  0.00000

 KPT          157  SPIN            1  KWEIGHT    3.3333333333333335E-003
     1    -16.6313  2.00000
     2    -15.2398  2.00000
     3    -11.5254  2.00000
     4     -6.2044  2.00000
     5     -3.0188  0.00000
     6     15.4539  0.00000
     7     20.3040  0.00000
     8     27.6293  0.00000

 KPT          158  SPIN            1  KWEIGHT    3.3333333333333335E-003
     1    -16.6126  2.00000
     2    -15.2327  2.00000
     3    -11.5711  2.00000
     4     -6.1781  2.00000
     5     -3.0493  0.00000
     6     15.5347  0.00000
     7     20.2601  0.00000
     8     27.6655  0.00000

 KPT          159  SPIN            1  KWEIGHT    3.3333333333333335E-003
     1    -16.5936  2.00000
     2    -15.2257  2.00000
     3    -11.6167  2.00000
     4     -6.1514  2.00000
     5     -3.0803  0.00000
     6     15.6157  0.00000
     7     20.2161  0.00000
     8     27.7013  0.00000

 KPT          160  SPIN            1  KWEIGHT    3.3333333333333335E-003
     1    -16.5743  2.00000
     2    -15.2190  2.00000
     3    -11.6622  2.00000
     4     -6.1242  2.00000
     5     -3.1117  0.00000
     6     15.6966  0.00000
     7     20.1721  0.00000
     8     27.7367  0.00000

 KPT          161  SPIN            1  KWEIGHT    3.3333333333333335E-003
     1    -16.5546  2.00000
     2    -15.2126  2.00000
     3    -11.7076  2.00000
     4     -6.0965  2.00000
     5     -3.1436  0.00000
     6     15.7776  0.00000
     7     20.1280  0.00000
     8     27.7716  0.00000

 KPT          162  SPIN            1  KWEIGHT    3.3333333333333335E-003
     1    -16.5347  2.00000
     2    -15.2063  2.00000
     3    -11.7526  2.00000
     4     -6.0684  2.00000
     5     -3.1759  0.00000
     6     15.8584  0.00000
     7     20.0838  0.00000
     8     27.8061  0.00000

 KPT          163  SPIN            1  KWEIGHT    3.3333333333333335E-003
     1    -16.5144  2.00000
     2    -15.2004  2.00000
     3    -11.7974  2.00000
     4     -6.0399  2.00000
     5     -3.2086  0.00000
     6     15.9391  0.00000
     7     20.0396  0.00000
     8     27.8400  0.00000

 KPT          164  SPIN            1  KWEIGHT    3.3333333333333335E-003
     1    -16.4939  2.00000
     2    -15.1949  2.00000
     3    -11.8419  2.00000
     4     -6.0108  2.00000
     5     -3.2418  0.00000
     6     16.0196  0.00000
     7     19.9953  0.00000
     8     27.8735  0.00000

 KPT          165  SPIN            1  KWEIGHT    3.3333333333333335E-003
     1    -16.4730  2.00000
     2    -15.1897  2.00000
     3    -11.8860  2.00000
     4     -5.9814  2.00000
     5     -3.2753  0.00000
     6     16.0998  0.00000
     7     19.9510  0.00000
     8     27.9064  0.00000

 KPT          166  SPIN            1  KWEIGHT    3.3333333333333335E-003
     1    -16.4518  2.00000
     2    -15.1849  2.00000
     3    -11.9297  2.00000
     4     -5.9515  2.00000
     5     -3.3093  0.00000
     6     16.1798  0.00000
     7     19.9066  0.00000
     8     27.9387  0.00000

 KPT          167  SPIN            1  KWEIGHT    3.3333333333333335E-003
     1    -16.4303  2.00000
     2    -15.1805  2.00000
     3    -11.9729  2.00000
     4     -5.9211  2.00000
     5     -3.3437  0.00000
     6     16.2594  0.00000
     7     19.8622  0.00000
     8     27.9705  0.00000

 KPT          168  SPIN            1  KWEIGHT    3.3333333333333335E-003
     1    -16.4085  2.00000
     2    -15.1766  2.00000
     3    -12.0156  2.00000
     4     -5.8903  2.00000
     5     -3.3785  0.00000
     6     16.3387  0.00000
     7     19.8178  0.00000
     8     28.0016  0.00000

 KPT          169  SPIN            1  KWEIGHT    3.3333333333333335E-003
     1    -16.3864  2.00000
     2    -15.1732  2.00000
     3    -12.0577  2.00000
     4     -5.8591  2.00000
     5     -3.4137  0.00000
     6     16.4175  0.00000
     7     19.7734  0.00000
     8     28.0322  0.00000

 KPT          170  SPIN            1  KWEIGHT    3.3333333333333335E-003
     1    -16.3640  2.00000
     2    -15.1704  2.00000
     3    -12.0992  2.00000
     4     -5.8274  2.00000
     5     -3.4492  0.00000
     6     16.4958  0.00000
     7     19.7289  0.00000
     8     28.0620  0.00000

 KPT          171  SPIN            1  KWEIGHT    3.3333333333333335E-003
     1    -16.3413  2.00000
     2    -15.1681  2.00000
     3    -12.1399  2.00000
     4     -5.7952  2.00000
     5     -3.4852  0.00000
     6     16.5736  0.00000
     7     19.6845  0.00000
     8     28.0912  0.00000

 KPT          172  SPIN            1  KWEIGHT    3.3333333333333335E-003
     1    -16.3183  2.00000
     2    -15.1666  2.00000
     3    -12.1800  2.00000
     4     -5.7626  2.00000
     5     -3.5215  0.00000
     6     16.6508  0.00000
     7     19.6400  0.00000
     8     28.1197  0.00000

 KPT          173  SPIN            1  KWEIGHT    3.3333333333333335E-003
     1    -16.2949  2.00000
     2    -15.1657  2.00000
     3    -12.2192  2.00000
     4     -5.7296  2.00000
     5     -3.5583  0.00000
     6     16.7274  0.00000
     7     19.5955  0.00000
     8     28.1474  0.00000

 KPT          174  SPIN            1  KWEIGHT    3.3333333333333335E-003
     1    -16.2713  2.00000
     2    -15.1655  2.00000
     3    -12.2575  2.00000
     4     -5.6961  2.00000
     5     -3.5954  0.00000
     6     16.8033  0.00000
     7     19.5511  0.00000
     8     28.1744  0.00000

 KPT          175  SPIN            1  KWEIGHT    3.3333333333333335E-003
     1    -16.2474  2.00000
     2    -15.1661  2.00000
     3    -12.2949  2.00000
     4     -5.6622  2.00000
     5     -3.6328  0.00000
     6     16.8785  0.00000
     7     19.5066  0.00000
     8     28.2007  0.00000

 KPT          176  SPIN            1  KWEIGHT    3.3333333333333335E-003
     1    -16.2231  2.00000
     2    -15.1676  2.00000
     3    -12.3314  2.00000
     4     -5.6278  2.00000
     5     -3.6707  0.00000
     6     16.9529  0.00000
     7     19.4622  0.00000
     8     28.2261  0.00000

 KPT          177  SPIN            1  KWEIGHT    3.3333333333333335E-003
     1    -16.1986  2.00000
     2    -15.1700  2.00000
     3    -12.3668  2.00000
     4     -5.5930  2.00000
     5     -3.7089  0.00000
     6     17.0265  0.00000
     7     19.4177  0.00000
     8     28.2508  0.00000

 KPT          178  SPIN            1  KWEIGHT    3.3333333333333335E-003
     1    -16.1737  2.00000
     2    -15.1732  2.00000
     3    -12.4010  2.00000
     4     -5.5578  2.00000
     5     -3.7474  0.00000
     6     17.0993  0.00000
     7     19.3733  0.00000
     8     28.2746  0.00000

 KPT          179  SPIN            1  KWEIGHT    3.3333333333333335E-003
     1    -16.1486  2.00000
     2    -15.1775  2.00000
     3    -12.4341  2.00000
     4     -5.5221  2.00000
     5     -3.7863  0.00000
     6     17.1711  0.00000
     7     19.3289  0.00000
     8     28.2976  0.00000

 KPT          180  SPIN            1  KWEIGHT    3.3333333333333335E-003
     1    -16.1231  2.00000
     2    -15.1828  2.00000
     3    -12.4660  2.00000
     4     -5.4860  2.00000
     5     -3.8255  0.00000
     6     17.2421  0.00000
     7     19.2845  0.00000
     8     28.3197  0.00000

 KPT          181  SPIN            1  KWEIGHT    3.3333333333333335E-003
     1    -16.0974  2.00000
     2    -15.1892  2.00000
     3    -12.4966  2.00000
     4     -5.4494  2.00000
     5     -3.8651  0.00000
     6     17.3120  0.00000
     7     19.2401  0.00000
     8     28.3409  0.00000

 KPT          182  SPIN            1  KWEIGHT    3.3333333333333335E-003
     1    -16.0714  2.00000
     2    -15.1967  2.00000
     3    -12.5259  2.00000
     4     -5.4124  2.00000
     5     -3.9050  0.00000
     6     17.3809  0.00000
     7     19.1958  0.00000
     8     28.3612  0.00000

 KPT          183  SPIN            1  KWEIGHT    3.3333333333333335E-003
     1    -16.0450  2.00000
     2    -15.2053  2.00000
     3    -12.5538  2.00000
     4     -5.3749  2.00000
     5     -3.9452  0.00000
     6     17.4488  0.00000
     7     19.1515  0.00000
     8     28.3805  0.00000

 KPT          184  SPIN            1  KWEIGHT    3.3333333333333335E-003
     1    -16.0184  2.00000
     2    -15.2152  2.00000
     3    -12.5802  2.00000
     4     -5.3371  2.00000
     5     -3.9857  0.00000
     6     17.5155  0.00000
     7     19.1072  0.00000
     8     28.3989  0.00000

 KPT          185  SPIN            1  KWEIGHT    3.3333333333333335E-003
     1    -15.9915  2.00000
     2    -15.2263  2.00000
     3    -12.6051  2.00000
     4     -5.2987  2.00000
     5     -4.0266  0.00000
     6     17.5812  0.00000
     7     19.0629  0.00000
     8     28.4164  0.00000

 KPT          186  SPIN            1  KWEIGHT    3.3333333333333335E-003
     1    -15.9642  2.00000
     2    -15.2387  2.00000
     3    -12.6286  2.00000
     4     -5.2600  2.00000
     5     -4.0677  0.00000
     6     17.6456  0.00000
     7     19.0187  0.00000
     8     28.4328  0.00000

 KPT          187  SPIN            1  KWEIGHT    3.3333333333333335E-003
     1    -15.9367  2.00000
     2    -15.2524  2.00000
     3    -12.6504  2.00000
     4     -5.2208  2.00000
     5     -4.1092  0.00000
     6     17.7088  0.00000
     7     18.9745  0.00000
     8     28.4482  0.00000

 KPT          188  SPIN            1  KWEIGHT    3.3333333333333335E-003
     1    -15.9089  2.00000
     2    -15.2674  2.00000
     3    -12.6707  2.00000
     4     -5.1812  2.00000
     5     -4.1509  0.00000
     6     17.7708  0.00000
     7     18.9304  0.00000
     8     28.4626  0.00000

 KPT          189  SPIN            1  KWEIGHT    3.3333333333333335E-003
     1    -15.8808  2.00000
     2    -15.2838  2.00000
     3    -12.6893  2.00000
     4     -5.1411  2.00000
     5     -4.1929  0.00000
     6     17.8314  0.00000
     7     18.8863  0.00000
     8     28.4760  0.00000

 KPT          190  SPIN            1  KWEIGHT    3.3333333333333335E-003
     1    -15.8524  2.00000
     2    -15.3015  2.00000
     3    -12.7063  2.00000
     4     -5.1007  2.00000
     5     -4.2352  0.00000
     6     17.8908  0.00000
     7     18.8423  0.00000
     8     28.4883  0.00000

 KPT          191  SPIN            1  KWEIGHT    3.3333333333333335E-003
     1    -15.8237  2.00000
     2    -15.3206  2.00000
     3    -12.7217  2.00000
     4     -5.0598  2.00000
     5     -4.2778  0.00000
     6     17.9488  0.00000
     7     18.7982  0.00000
     8     28.4994  0.00000

 KPT          192  SPIN            1  KWEIGHT    3.3333333333333335E-003
     1    -15.7947  2.00000
     2    -15.3411  2.00000
     3    -12.7354  2.00000
     4     -5.0184  2.00000
     5     -4.3207  0.00000
     6     18.0054  0.00000
     7     18.7543  0.00000
     8     28.5095  0.00000

 KPT          193  SPIN            1  KWEIGHT    3.3333333333333335E-003
     1    -15.7654  2.00000
     2    -15.3629  2.00000
     3    -12.7474  2.00000
     4     -4.9767  2.00000
     5     -4.3638  0.00000
     6     18.0605  0.00000
     7     18.7104  0.00000
     8     28.5185  0.00000

 KPT          194  SPIN            1  KWEIGHT    3.3333333333333335E-003
     1    -15.7359  2.00000
     2    -15.3861  2.00000
     3    -12.7577  2.00000
     4     -4.9345  2.00000
     5     -4.4072  0.00000
     6     18.1142  0.00000
     7     18.6665  0.00000
     8     28.5263  0.00000

 KPT          195  SPIN            1  KWEIGHT    3.3333333333333335E-003
     1    -15.7060  2.00000
     2    -15.4107  2.00000
     3    -12.7664  2.00000
     4     -4.8919  2.00000
     5     -4.4508  0.00000
     6     18.1665  0.00000
     7     18.6226  0.00000
     8     28.5330  0.00000

 KPT          196  SPIN            1  KWEIGHT    3.3333333333333335E-003
     1    -15.6759  2.00000
     2    -15.4365  2.00000
     3    -12.7735  2.00000
     4     -4.8489  2.00000
     5     -4.4947  0.00000
     6     18.2172  0.00000
     7     18.5789  0.00000
     8     28.5385  0.00000

 KPT          197  SPIN            1  KWEIGHT    3.3333333333333335E-003
     1    -15.6455  2.00000
     2    -15.4636  2.00000
     3    -12.7790  2.00000
     4     -4.8054  2.00000
     5     -4.5388  0.00000
     6     18.2663  0.00000
     7     18.5351  0.00000
     8     28.5428  0.00000

 KPT          198  SPIN            1  KWEIGHT    3.3333333333333335E-003
     1    -15.6148  2.00000
     2    -15.4921  2.00000
     3    -12.7828  2.00000
     4     -4.7615  2.00000
     5     -4.5832  0.00000
     6     18.3139  0.00000
     7     18.4915  0.00000
     8     28.5459  0.00000

 KPT          199  SPIN            1  KWEIGHT    3.3333333333333335E-003
     1    -15.5838  2.00000
     2    -15.5217  2.00000
     3    -12.7851  2.00000
     4     -4.7173  2.00000
     5     -4.6278  0.00000
     6     18.3599  0.00000
     7     18.4478  0.00000
     8     28.5477  0.00000

 KPT          200  SPIN            1  KWEIGHT    3.3333333333333335E-003
     1    -15.5525  2.00000
     2    -15.5525  2.00000
     3    -12.7859  2.00000
     4     -4.6726  1.16355
     5     -4.6726  0.83645
     6     18.4043  0.00000
     7     18.4043  0.00000
     8     28.5484  0.00000

 KPT          201  SPIN            1  KWEIGHT    3.3333333333333335E-003
     1    -15.6176  2.00000
     2    -15.4891  2.00000
     3    -12.7829  2.00000
     4     -4.7628  2.00000
     5     -4.5819  0.00000
     6     18.3173  0.00000
     7     18.4880  0.00000
     8     28.5458  0.00000

 KPT          202  SPIN            1  KWEIGHT    3.3333333333333335E-003
     1    -15.6869  2.00000
     2    -15.4246  2.00000
     3    -12.7743  2.00000
     4     -4.8538  2.00000
     5     -4.4896  0.00000
     6     18.2305  0.00000
     7     18.5650  0.00000
     8     28.5382  0.00000

 KPT          203  SPIN            1  KWEIGHT    3.3333333333333335E-003
     1    -15.7602  2.00000
     2    -15.3590  2.00000
     3    -12.7603  2.00000
     4     -4.9456  2.00000
     5     -4.3957  0.00000
     6     18.1440  0.00000
     7     18.6350  0.00000
     8     28.5252  0.00000

 KPT          204  SPIN            1  KWEIGHT    3.3333333333333335E-003
     1    -15.8369  2.00000
     2    -15.2922  2.00000
     3    -12.7414  2.00000
     4     -5.0381  2.00000
     5     -4.3002  0.00000
     6     18.0577  0.00000
     7     18.6980  0.00000
     8     28.5069  0.00000

 KPT          205  SPIN            1  KWEIGHT    3.3333333333333335E-003
     1    -15.9168  2.00000
     2    -15.2244  2.00000
     3    -12.7178  2.00000
     4     -5.1313  2.00000
     5     -4.2031  0.00000
     6     17.9716  0.00000
     7     18.7536  0.00000
     8     28.4831  0.00000

 KPT          206  SPIN            1  KWEIGHT    3.3333333333333335E-003
     1    -15.9995  2.00000
     2    -15.1554  2.00000
     3    -12.6899  2.00000
     4     -5.2251  2.00000
     5     -4.1044  0.00000
     6     17.8858  0.00000
     7     18.8020  0.00000
     8     28.4538  0.00000

 KPT          207  SPIN            1  KWEIGHT    3.3333333333333335E-003
     1    -16.0846  2.00000
     2    -15.0854  2.00000
     3    -12.6580  2.00000
     4     -5.3194  2.00000
     5     -4.0041  0.00000
     6     17.8002  0.00000
     7     18.8429  0.00000
     8     28.4188  0.00000

 KPT          208  SPIN            1  KWEIGHT    3.3333333333333335E-003
     1    -16.1718  2.00000
     2    -15.0143  2.00000
     3    -12.6224  2.00000
     4     -5.4142  2.00000
     5     -3.9023  0.00000
     6     17.7148  0.00000
     7     18.8763  0.00000
     8     28.3781  0.00000

 KPT          209  SPIN            1  KWEIGHT    3.3333333333333335E-003
     1    -16.2609  2.00000
     2    -14.9421  2.00000
     3    -12.5834  2.00000
     4     -5.5095  2.00000
     5     -3.7990  0.00000
     6     17.6297  0.00000
     7     18.9021  0.00000
     8     28.3315  0.00000

 KPT          210  SPIN            1  KWEIGHT    3.3333333333333335E-003
     1    -16.3514  2.00000
     2    -14.8688  2.00000
     3    -12.5413  2.00000
     4     -5.6052  2.00000
     5     -3.6941  0.00000
     6     17.5447  0.00000
     7     18.9202  0.00000
     8     28.2791  0.00000

 KPT          211  SPIN            1  KWEIGHT    3.3333333333333335E-003
     1    -16.4433  2.00000
     2    -14.7945  2.00000
     3    -12.4963  2.00000
     4     -5.7012  2.00000
     5     -3.5878  0.00000
     6     17.4601  0.00000
     7     18.9307  0.00000
     8     28.2208  0.00000

 KPT          212  SPIN            1  KWEIGHT    3.3333333333333335E-003
     1    -16.5362  2.00000
     2    -14.7191  2.00000
     3    -12.4486  2.00000
     4     -5.7975  2.00000
     5     -3.4800  0.00000
     6     17.3756  0.00000
     7     18.9336  0.00000
     8     28.1565  0.00000

 KPT          213  SPIN            1  KWEIGHT    3.3333333333333335E-003
     1    -16.6299  2.00000
     2    -14.6427  2.00000
     3    -12.3984  2.00000
     4     -5.8941  2.00000
     5     -3.3708  0.00000
     6     17.2914  0.00000
     7     18.9288  0.00000
     8     28.0861  0.00000

 KPT          214  SPIN            1  KWEIGHT    3.3333333333333335E-003
     1    -16.7243  2.00000
     2    -14.5653  2.00000
     3    -12.3459  2.00000
     4     -5.9908  2.00000
     5     -3.2602  0.00000
     6     17.2073  0.00000
     7     18.9163  0.00000
     8     28.0098  0.00000

 KPT          215  SPIN            1  KWEIGHT    3.3333333333333335E-003
     1    -16.8192  2.00000
     2    -14.4868  2.00000
     3    -12.2913  2.00000
     4     -6.0877  2.00000
     5     -3.1482  0.00000
     6     17.1235  0.00000
     7     18.8963  0.00000
     8     27.9274  0.00000

 KPT          216  SPIN            1  KWEIGHT    3.3333333333333335E-003
     1    -16.9145  2.00000
     2    -14.4073  2.00000
     3    -12.2347  2.00000
     4     -6.1847  2.00000
     5     -3.0349  0.00000
     6     17.0399  0.00000
     7     18.8687  0.00000
     8     27.8389  0.00000

 KPT          217  SPIN            1  KWEIGHT    3.3333333333333335E-003
     1    -17.0099  2.00000
     2    -14.3268  2.00000
     3    -12.1762  2.00000
     4     -6.2818  2.00000
     5     -2.9202  0.00000
     6     16.9565  0.00000
     7     18.8337  0.00000
     8     27.7443  0.00000

 KPT          218  SPIN            1  KWEIGHT    3.3333333333333335E-003
     1    -17.1055  2.00000
     2    -14.2453  2.00000
     3    -12.1159  2.00000
     4     -6.3789  2.00000
     5     -2.8042  0.00000
     6     16.8732  0.00000
     7     18.7912  0.00000
     8     27.6437  0.00000

 KPT          219  SPIN            1  KWEIGHT    3.3333333333333335E-003
     1    -17.2010  2.00000
     2    -14.1628  2.00000
     3    -12.0540  2.00000
     4     -6.4759  2.00000
     5     -2.6870  0.00000
     6     16.7902  0.00000
     7     18.7416  0.00000
     8     27.5371  0.00000

 KPT          220  SPIN            1  KWEIGHT    3.3333333333333335E-003
     1    -17.2964  2.00000
     2    -14.0793  2.00000
     3    -11.9906  2.00000
     4     -6.5728  2.00000
     5     -2.5685  0.00000
     6     16.7073  0.00000
     7     18.6847  0.00000
     8     27.4244  0.00000

 KPT          221  SPIN            1  KWEIGHT    3.3333333333333335E-003
     1    -17.3916  2.00000
     2    -13.9948  2.00000
     3    -11.9257  2.00000
     4     -6.6696  2.00000
     5     -2.4489  0.00000
     6     16.6245  0.00000
     7     18.6209  0.00000
     8     27.3058  0.00000

 KPT          222  SPIN            1  KWEIGHT    3.3333333333333335E-003
     1    -17.4864  2.00000
     2    -13.9094  2.00000
     3    -11.8595  2.00000
     4     -6.7662  2.00000
     5     -2.3281  0.00000
     6     16.5419  0.00000
     7     18.5501  0.00000
     8     27.1813  0.00000

 KPT          223  SPIN            1  KWEIGHT    3.3333333333333335E-003
     1    -17.5809  2.00000
     2    -13.8230  2.00000
     3    -11.7920  2.00000
     4     -6.8626  2.00000
     5     -2.2062  0.00000
     6     16.4594  0.00000
     7     18.4727  0.00000
     8     27.0510  0.00000

 KPT          224  SPIN            1  KWEIGHT    3.3333333333333335E-003
     1    -17.6749  2.00000
     2    -13.7356  2.00000
     3    -11.7233  2.00000
     4     -6.9587  2.00000
     5     -2.0831  0.00000
     6     16.3769  0.00000
     7     18.3886  0.00000
     8     26.9149  0.00000

 KPT          225  SPIN            1  KWEIGHT    3.3333333333333335E-003
     1    -17.7685  2.00000
     2    -13.6474  2.00000
     3    -11.6535  2.00000
     4     -7.0545  2.00000
     5     -1.9591  0.00000
     6     16.2946  0.00000
     7     18.2982  0.00000
     8     26.7732  0.00000

 KPT          226  SPIN            1  KWEIGHT    3.3333333333333335E-003
     1    -17.8614  2.00000
     2    -13.5582  2.00000
     3    -11.5827  2.00000
     4     -7.1499  2.00000
     5     -1.8340  0.00000
     6     16.2123  0.00000
     7     18.2016  0.00000
     8     26.6259  0.00000

 KPT          227  SPIN            1  KWEIGHT    3.3333333333333335E-003
     1    -17.9537  2.00000
     2    -13.4680  2.00000
     3    -11.5108  2.00000
     4     -7.2449  2.00000
     5     -1.7080  0.00000
     6     16.1301  0.00000
     7     18.0990  0.00000
     8     26.4731  0.00000

 KPT          228  SPIN            1  KWEIGHT    3.3333333333333335E-003
     1    -18.0454  2.00000
     2    -13.3770  2.00000
     3    -11.4380  2.00000
     4     -7.3394  2.00000
     5     -1.5811  0.00000
     6     16.0479  0.00000
     7     17.9906  0.00000
     8     26.3151  0.00000

 KPT          229  SPIN            1  KWEIGHT    3.3333333333333335E-003
     1    -18.1364  2.00000
     2    -13.2850  2.00000
     3    -11.3643  2.00000
     4     -7.4335  2.00000
     5     -1.4534  0.00000
     6     15.9656  0.00000
     7     17.8766  0.00000
     8     26.1518  0.00000

 KPT          230  SPIN            1  KWEIGHT    3.3333333333333335E-003
     1    -18.2265  2.00000
     2    -13.1922  2.00000
     3    -11.2898  2.00000
     4     -7.5270  2.00000
     5     -1.3248  0.00000
     6     15.8833  0.00000
     7     17.7573  0.00000
     8     25.9836  0.00000

 KPT          231  SPIN            1  KWEIGHT    3.3333333333333335E-003
     1    -18.3159  2.00000
     2    -13.0985  2.00000
     3    -11.2145  2.00000
     4     -7.6200  2.00000
     5     -1.1954  0.00000
     6     15.8009  0.00000
     7     17.6328  0.00000
     8     25.8104  0.00000

 KPT          232  SPIN            1  KWEIGHT    3.3333333333333335E-003
     1    -18.4045  2.00000
     2    -13.0039  2.00000
     3    -11.1385  2.00000
     4     -7.7123  2.00000
     5     -1.0653  0.00000
     6     15.7184  0.00000
     7     17.5034  0.00000
     8     25.6326  0.00000

 KPT          233  SPIN            1  KWEIGHT    3.3333333333333335E-003
     1    -18.4922  2.00000
     2    -12.9085  2.00000
     3    -11.0618  2.00000
     4     -7.8041  2.00000
     5     -0.9346  0.00000
     6     15.6358  0.00000
     7     17.3693  0.00000
     8     25.4502  0.00000

 KPT          234  SPIN            1  KWEIGHT    3.3333333333333335E-003
     1    -18.5790  2.00000
     2    -12.8123  2.00000
     3    -10.9844  2.00000
     4     -7.8951  2.00000
     5     -0.8033  0.00000
     6     15.5529  0.00000
     7     17.2308  0.00000
     8     25.2636  0.00000

 KPT          235  SPIN            1  KWEIGHT    3.3333333333333335E-003
     1    -18.6649  2.00000
     2    -12.7152  2.00000
     3    -10.9065  2.00000
     4     -7.9854  2.00000
     5     -0.6714  0.00000
     6     15.4698  0.00000
     7     17.0881  0.00000
     8     25.0728  0.00000

 KPT          236  SPIN            1  KWEIGHT    3.3333333333333335E-003
     1    -18.7498  2.00000
     2    -12.6173  2.00000
     3    -10.8281  2.00000
     4     -8.0749  2.00000
     5     -0.5391  0.00000
     6     15.3864  0.00000
     7     16.9415  0.00000
     8     24.8782  0.00000

 KPT          237  SPIN            1  KWEIGHT    3.3333333333333335E-003
     1    -18.8338  2.00000
     2    -12.5186  2.00000
     3    -10.7492  2.00000
     4     -8.1637  2.00000
     5     -0.4063  0.00000
     6     15.3027  0.00000
     7     16.7911  0.00000
     8     24.6799  0.00000

 KPT          238  SPIN            1  KWEIGHT    3.3333333333333335E-003
     1    -18.9168  2.00000
     2    -12.4191  2.00000
     3    -10.6698  2.00000
     4     -8.2516  2.00000
     5     -0.2731  0.00000
     6     15.2186  0.00000
     7     16.6373  0.00000
     8     24.4782  0.00000

 KPT          239  SPIN            1  KWEIGHT    3.3333333333333335E-003
     1    -18.9987  2.00000
     2    -12.3189  2.00000
     3    -10.5900  2.00000
     4     -8.3387  2.00000
     5     -0.1396  0.00000
     6     15.1340  0.00000
     7     16.4803  0.00000
     8     24.2733  0.00000

 KPT          240  SPIN            1  KWEIGHT    3.3333333333333335E-003
     1    -19.0796  2.00000
     2    -12.2179  2.00000
     3    -10.5099  2.00000
     4     -8.4249  2.00000
     5     -0.0060  0.00000
     6     15.0488  0.00000
     7     16.3203  0.00000
     8     24.0656  0.00000

 KPT          241  SPIN            1  KWEIGHT    3.3333333333333335E-003
     1    -19.1595  2.00000
     2    -12.1162  2.00000
     3    -10.4294  2.00000
     4     -8.5102  2.00000
     5      0.1279  0.00000
     6     14.9631  0.00000
     7     16.1576  0.00000
     8     23.8552  0.00000

 KPT          242  SPIN            1  KWEIGHT    3.3333333333333335E-003
     1    -19.2382  2.00000
     2    -12.0138  2.00000
     3    -10.3487  2.00000
     4     -8.5945  2.00000
     5      0.2619  0.00000
     6     14.8767  0.00000
     7     15.9925  0.00000
     8     23.6426  0.00000

 KPT          243  SPIN            1  KWEIGHT    3.3333333333333335E-003
     1    -19.3159  2.00000
     2    -11.9107  2.00000
     3    -10.2677  2.00000
     4     -8.6778  2.00000
     5      0.3959  0.00000
     6     14.7896  0.00000
     7     15.8251  0.00000
     8     23.4279  0.00000

 KPT          244  SPIN            1  KWEIGHT    3.3333333333333335E-003
     1    -19.3924  2.00000
     2    -11.8069  2.00000
     3    -10.1866  2.00000
     4     -8.7602  2.00000
     5      0.5298  0.00000
     6     14.7016  0.00000
     7     15.6557  0.00000
     8     23.2116  0.00000

 KPT          245  SPIN            1  KWEIGHT    3.3333333333333335E-003
     1    -19.4678  2.00000
     2    -11.7025  2.00000
     3    -10.1053  2.00000
     4     -8.8415  2.00000
     5      0.6636  0.00000
     6     14.6127  0.00000
     7     15.4847  0.00000
     8     22.9938  0.00000

 KPT          246  SPIN            1  KWEIGHT    3.3333333333333335E-003
     1    -19.5421  2.00000
     2    -11.5975  2.00000
     3    -10.0239  2.00000
     4     -8.9217  2.00000
     5      0.7973  0.00000
     6     14.5228  0.00000
     7     15.3121  0.00000
     8     22.7750  0.00000

 KPT          247  SPIN            1  KWEIGHT    3.3333333333333335E-003
     1    -19.6152  2.00000
     2    -11.4919  2.00000
     3     -9.9425  2.00000
     4     -9.0008  2.00000
     5      0.9306  0.00000
     6     14.4318  0.00000
     7     15.1383  0.00000
     8     22.5555  0.00000

 KPT          248  SPIN            1  KWEIGHT    3.3333333333333335E-003
     1    -19.6871  2.00000
     2    -11.3857  2.00000
     3     -9.8611  2.00000
     4     -9.0789  2.00000
     5      1.0637  0.00000
     6     14.3396  0.00000
     7     14.9635  0.00000
     8     22.3357  0.00000

 KPT          249  SPIN            1  KWEIGHT    3.3333333333333335E-003
     1    -19.7579  2.00000
     2    -11.2790  2.00000
     3     -9.7797  2.00000
     4     -9.1557  2.00000
     5      1.1963  0.00000
     6     14.2460  0.00000
     7     14.7878  0.00000
     8     22.1158  0.00000

 KPT          250  SPIN            1  KWEIGHT    3.3333333333333335E-003
     1    -19.8274  2.00000
     2    -11.1718  2.00000
     3     -9.6984  2.00000
     4     -9.2315  2.00000
     5      1.3283  0.00000
     6     14.1511  0.00000
     7     14.6116  0.00000
     8     21.8963  0.00000

 KPT          251  SPIN            1  KWEIGHT    3.3333333333333335E-003
     1    -19.8958  2.00000
     2    -11.0641  2.00000
     3     -9.6173  2.00000
     4     -9.3060  2.00000
     5      1.4598  0.00000
     6     14.0546  0.00000
     7     14.4351  0.00000
     8     21.6775  0.00000

 KPT          252  SPIN            1  KWEIGHT    3.3333333333333335E-003
     1    -19.9629  2.00000
     2    -10.9560  2.00000
     3     -9.5363  2.00000
     4     -9.3793  2.00000
     5      1.5907  0.00000
     6     13.9564  0.00000
     7     14.2585  0.00000
     8     21.4598  0.00000

 KPT          253  SPIN            1  KWEIGHT    3.3333333333333335E-003
     1    -20.0287  2.00000
     2    -10.8475  2.00000
     3     -9.4556  2.00000
     4     -9.4514  2.00000
     5      1.7207  0.00000
     6     13.8565  0.00000
     7     14.0819  0.00000
     8     21.2436  0.00000

 KPT          254  SPIN            1  KWEIGHT    3.3333333333333335E-003
     1    -20.0934  2.00000
     2    -10.7387  2.00000
     3     -9.5223  2.00000
     4     -9.3751  2.00000
     5      1.8499  0.00000
     6     13.7547  0.00000
     7     13.9057  0.00000
     8     21.0293  0.00000

 KPT          255  SPIN            1  KWEIGHT    3.3333333333333335E-003
     1    -20.1567  2.00000
     2    -10.6295  2.00000
     3     -9.5918  2.00000
     4     -9.2950  2.00000
     5      1.9782  0.00000
     6     13.6509  0.00000
     7     13.7299  0.00000
     8     20.8172  0.00000

 KPT          256  SPIN            1  KWEIGHT    3.3333333333333335E-003
     1    -20.2188  2.00000
     2    -10.5201  2.00000
     3     -9.6601  2.00000
     4     -9.2152  2.00000
     5      2.1055  0.00000
     6     13.5451  0.00000
     7     13.5549  0.00000
     8     20.6077  0.00000

 KPT          257  SPIN            1  KWEIGHT    3.3333333333333335E-003
     1    -20.2797  2.00000
     2    -10.4105  2.00000
     3     -9.7271  2.00000
     4     -9.1360  2.00000
     5      2.2316  0.00000
     6     13.3808  0.00000
     7     13.4371  0.00000
     8     20.4012  0.00000

 KPT          258  SPIN            1  KWEIGHT    3.3333333333333335E-003
     1    -20.3392  2.00000
     2    -10.3007  2.00000
     3     -9.7927  2.00000
     4     -9.0571  2.00000
     5      2.3566  0.00000
     6     13.2078  0.00000
     7     13.3268  0.00000
     8     20.1981  0.00000

 KPT          259  SPIN            1  KWEIGHT    3.3333333333333335E-003
     1    -20.3975  2.00000
     2    -10.1908  2.00000
     3     -9.8570  2.00000
     4     -8.9789  2.00000
     5      2.4802  0.00000
     6     13.0361  0.00000
     7     13.2141  0.00000
     8     19.9987  0.00000

 KPT          260  SPIN            1  KWEIGHT    3.3333333333333335E-003
     1    -20.4544  2.00000
     2    -10.0809  2.00000
     3     -9.9200  2.00000
     4     -8.9012  2.00000
     5      2.6025  0.00000
     6     12.8659  0.00000
     7     13.0991  0.00000
     8     19.8033  0.00000

 KPT          261  SPIN            1  KWEIGHT    3.3333333333333335E-003
     1    -20.5101  2.00000
     2     -9.9816  2.00000
     3     -9.9711  2.00000
     4     -8.8242  2.00000
     5      2.7233  0.00000
     6     12.6973  0.00000
     7     12.9816  0.00000
     8     19.6123  0.00000

 KPT          262  SPIN            1  KWEIGHT    3.3333333333333335E-003
     1    -20.5644  2.00000
     2    -10.0417  2.00000
     3     -9.8613  2.00000
     4     -8.7479  2.00000
     5      2.8426  0.00000
     6     12.5306  0.00000
     7     12.8617  0.00000
     8     19.4259  0.00000

 KPT          263  SPIN            1  KWEIGHT    3.3333333333333335E-003
     1    -20.6174  2.00000
     2    -10.1005  2.00000
     3     -9.7517  2.00000
     4     -8.6724  2.00000
     5      2.9601  0.00000
     6     12.3659  0.00000
     7     12.7393  0.00000
     8     19.2445  0.00000

 KPT          264  SPIN            1  KWEIGHT    3.3333333333333335E-003
     1    -20.6690  2.00000
     2    -10.1578  2.00000
     3     -9.6424  2.00000
     4     -8.5977  2.00000
     5      3.0760  0.00000
     6     12.2034  0.00000
     7     12.6145  0.00000
     8     19.0683  0.00000

 KPT          265  SPIN            1  KWEIGHT    3.3333333333333335E-003
     1    -20.7194  2.00000
     2    -10.2138  2.00000
     3     -9.5334  2.00000
     4     -8.5240  2.00000
     5      3.1900  0.00000
     6     12.0432  0.00000
     7     12.4874  0.00000
     8     18.8976  0.00000

 KPT          266  SPIN            1  KWEIGHT    3.3333333333333335E-003
     1    -20.7684  2.00000
     2    -10.2682  2.00000
     3     -9.4248  2.00000
     4     -8.4511  2.00000
     5      3.3020  0.00000
     6     11.8855  0.00000
     7     12.3580  0.00000
     8     18.7324  0.00000

 KPT          267  SPIN            1  KWEIGHT    3.3333333333333335E-003
     1    -20.8160  2.00000
     2    -10.3212  2.00000
     3     -9.3168  2.00000
     4     -8.3793  2.00000
     5      3.4120  0.00000
     6     11.7305  0.00000
     7     12.2265  0.00000
     8     18.5731  0.00000

 KPT          268  SPIN            1  KWEIGHT    3.3333333333333335E-003
     1    -20.8622  2.00000
     2    -10.3728  2.00000
     3     -9.2094  2.00000
     4     -8.3086  2.00000
     5      3.5200  0.00000
     6     11.5783  0.00000
     7     12.0930  0.00000
     8     18.4196  0.00000

 KPT          269  SPIN            1  KWEIGHT    3.3333333333333335E-003
     1    -20.9072  2.00000
     2    -10.4228  2.00000
     3     -9.1027  2.00000
     4     -8.2391  2.00000
     5      3.6257  0.00000
     6     11.4291  0.00000
     7     11.9579  0.00000
     8     18.2722  0.00000

 KPT          270  SPIN            1  KWEIGHT    3.3333333333333335E-003
     1    -20.9507  2.00000
     2    -10.4714  2.00000
     3     -8.9969  2.00000
     4     -8.1708  2.00000
     5      3.7291  0.00000
     6     11.2830  0.00000
     7     11.8212  0.00000
     8     18.1308  0.00000

 KPT          271  SPIN            1  KWEIGHT    3.3333333333333335E-003
     1    -20.9928  2.00000
     2    -10.5185  2.00000
     3     -8.8921  2.00000
     4     -8.1037  2.00000
     5      3.8301  0.00000
     6     11.1401  0.00000
     7     11.6832  0.00000
     8     17.9955  0.00000

 KPT          272  SPIN            1  KWEIGHT    3.3333333333333335E-003
     1    -21.0336  2.00000
     2    -10.5640  2.00000
     3     -8.7884  2.00000
     4     -8.0380  2.00000
     5      3.9286  0.00000
     6     11.0007  0.00000
     7     11.5444  0.00000
     8     17.8663  0.00000

 KPT          273  SPIN            1  KWEIGHT    3.3333333333333335E-003
     1    -21.0730  2.00000
     2    -10.6080  2.00000
     3     -8.6859  2.00000
     4     -7.9738  2.00000
     5      4.0246  0.00000
     6     10.8647  0.00000
     7     11.4049  0.00000
     8     17.7432  0.00000

 KPT          274  SPIN            1  KWEIGHT    3.3333333333333335E-003
     1    -21.1110  2.00000
     2    -10.6505  2.00000
     3     -8.5848  2.00000
     4     -7.9110  2.00000
     5      4.1180  0.00000
     6     10.7324  0.00000
     7     11.2652  0.00000
     8     17.6260  0.00000

 KPT          275  SPIN            1  KWEIGHT    3.3333333333333335E-003
     1    -21.1476  2.00000
     2    -10.6915  2.00000
     3     -8.4853  2.00000
     4     -7.8498  2.00000
     5      4.2086  0.00000
     6     10.6039  0.00000
     7     11.1257  0.00000
     8     17.5148  0.00000

 KPT          276  SPIN            1  KWEIGHT    3.3333333333333335E-003
     1    -21.1828  2.00000
     2    -10.7309  2.00000
     3     -8.3874  2.00000
     4     -7.7903  2.00000
     5      4.2964  0.00000
     6     10.4794  0.00000
     7     10.9867  0.00000
     8     17.4095  0.00000

 KPT          277  SPIN            1  KWEIGHT    3.3333333333333335E-003
     1    -21.2166  2.00000
     2    -10.7688  2.00000
     3     -8.2914  2.00000
     4     -7.7325  2.00000
     5      4.3812  0.00000
     6     10.3588  0.00000
     7     10.8487  0.00000
     8     17.3098  0.00000

 KPT          278  SPIN            1  KWEIGHT    3.3333333333333335E-003
     1    -21.2490  2.00000
     2    -10.8050  2.00000
     3     -8.1974  2.00000
     4     -7.6764  2.00000
     5      4.4632  0.00000
     6     10.2425  0.00000
     7     10.7121  0.00000
     8     17.2157  0.00000

 KPT          279  SPIN            1  KWEIGHT    3.3333333333333335E-003
     1    -21.2800  2.00000
     2    -10.8398  2.00000
     3     -8.1056  2.00000
     4     -7.6222  2.00000
     5      4.5420  0.00000
     6     10.1304  0.00000
     7     10.5774  0.00000
     8     17.1271  0.00000

 KPT          280  SPIN            1  KWEIGHT    3.3333333333333335E-003
     1    -21.3095  2.00000
     2    -10.8729  2.00000
     3     -8.0163  2.00000
     4     -7.5700  2.00000
     5      4.6177  0.00000
     6     10.0226  0.00000
     7     10.4451  0.00000
     8     17.0438  0.00000

 KPT          281  SPIN            1  KWEIGHT    3.3333333333333335E-003
     1    -21.3377  2.00000
     2    -10.9045  2.00000
     3     -7.9294  2.00000
     4     -7.5197  2.00000
     5      4.6903  0.00000
     6      9.9194  0.00000
     7     10.3155  0.00000
     8     16.9656  0.00000

 KPT          282  SPIN            1  KWEIGHT    3.3333333333333335E-003
     1    -21.3644  2.00000
     2    -10.9345  2.00000
     3     -7.8454  2.00000
     4     -7.4715  2.00000
     5      4.7595  0.00000
     6      9.8208  0.00000
     7     10.1892  0.00000
     8     16.8925  0.00000

 KPT          283  SPIN            1  KWEIGHT    3.3333333333333335E-003
     1    -21.3897  2.00000
     2    -10.9629  2.00000
     3     -7.7643  2.00000
     4     -7.4255  2.00000
     5      4.8254  0.00000
     6      9.7269  0.00000
     7     10.0665  0.00000
     8     16.8242  0.00000

 KPT          284  SPIN            1  KWEIGHT    3.3333333333333335E-003
     1    -21.4136  2.00000
     2    -10.9896  2.00000
     3     -7.6864  2.00000
     4     -7.3816  2.00000
     5      4.8880  0.00000
     6      9.6378  0.00000
     7      9.9480  0.00000
     8     16.7606  0.00000

 KPT          285  SPIN            1  KWEIGHT    3.3333333333333335E-003
     1    -21.4360  2.00000
     2    -11.0148  2.00000
     3     -7.6119  2.00000
     4     -7.3401  2.00000
     5      4.9470  0.00000
     6      9.5535  0.00000
     7      9.8342  0.00000
     8     16.7017  0.00000

 KPT          286  SPIN            1  KWEIGHT    3.3333333333333335E-003
     1    -21.4570  2.00000
     2    -11.0384  2.00000
     3     -7.5410  2.00000
     4     -7.3008  2.00000
     5      5.0025  0.00000
     6      9.4743  0.00000
     7      9.7253  0.00000
     8     16.6472  0.00000

 KPT          287  SPIN            1  KWEIGHT    3.3333333333333335E-003
     1    -21.4765  2.00000
     2    -11.0604  2.00000
     3     -7.4738  2.00000
     4     -7.2640  2.00000
     5      5.0545  0.00000
     6      9.4001  0.00000
     7      9.6219  0.00000
     8     16.5970  0.00000

 KPT          288  SPIN            1  KWEIGHT    3.3333333333333335E-003
     1    -21.4947  2.00000
     2    -11.0808  2.00000
     3     -7.4106  2.00000
     4     -7.2297  2.00000
     5      5.1028  0.00000
     6      9.3311  0.00000
     7      9.5244  0.00000
     8     16.5510  0.00000

 KPT          289  SPIN            1  KWEIGHT    3.3333333333333335E-003
     1    -21.5113  2.00000
     2    -11.0995  2.00000
     3     -7.3516  2.00000
     4     -7.1978  2.00000
     5      5.1474  0.00000
     6      9.2673  0.00000
     7      9.4331  0.00000
     8     16.5091  0.00000

 KPT          290  SPIN            1  KWEIGHT    3.3333333333333335E-003
     1    -21.5266  2.00000
     2    -11.1166  2.00000
     3     -7.2970  2.00000
     4     -7.1685  2.00000
     5      5.1884  0.00000
     6      9.2089  0.00000
     7      9.3484  0.00000
     8     16.4713  0.00000

 KPT          291  SPIN            1  KWEIGHT    3.3333333333333335E-003
     1    -21.5404  2.00000
     2    -11.1321  2.00000
     3     -7.2470  2.00000
     4     -7.1419  2.00000
     5      5.2255  0.00000
     6      9.1557  0.00000
     7      9.2707  0.00000
     8     16.4373  0.00000

 KPT          292  SPIN            1  KWEIGHT    3.3333333333333335E-003
     1    -21.5527  2.00000
     2    -11.1460  2.00000
     3     -7.2017  2.00000
     4     -7.1179  2.00000
     5      5.2588  0.00000
     6      9.1080  0.00000
     7      9.2002  0.00000
     8     16.4071  0.00000

 KPT          293  SPIN            1  KWEIGHT    3.3333333333333335E-003
     1    -21.5636  2.00000
     2    -11.1583  2.00000
     3     -7.1613  2.00000
     4     -7.0967  2.00000
     5      5.2883  0.00000
     6      9.0658  0.00000
     7      9.1373  0.00000
     8     16.3806  0.00000

 KPT          294  SPIN            1  KWEIGHT    3.3333333333333335E-003
     1    -21.5730  2.00000
     2    -11.1689  2.00000
     3     -7.1260  2.00000
     4     -7.0782  2.00000
     5      5.3140  0.00000
     6      9.0291  0.00000
     7      9.0823  0.00000
     8     16.3578  0.00000

 KPT          295  SPIN            1  KWEIGHT    3.3333333333333335E-003
     1    -21.5810  2.00000
     2    -11.1779  2.00000
     3     -7.0959  2.00000
     4     -7.0625  2.00000
     5      5.3357  0.00000
     6      8.9980  0.00000
     7      9.0353  0.00000
     8     16.3386  0.00000

 KPT          296  SPIN            1  KWEIGHT    3.3333333333333335E-003
     1    -21.5876  2.00000
     2    -11.1852  2.00000
     3     -7.0710  2.00000
     4     -7.0496  2.00000
     5      5.3535  0.00000
     6      8.9725  0.00000
     7      8.9965  0.00000
     8     16.3230  0.00000

 KPT          297  SPIN            1  KWEIGHT    3.3333333333333335E-003
     1    -21.5926  2.00000
     2    -11.1910  2.00000
     3     -7.0516  2.00000
     4     -7.0395  2.00000
     5      5.3674  0.00000
     6      8.9526  0.00000
     7      8.9662  0.00000
     8     16.3109  0.00000

 KPT          298  SPIN            1  KWEIGHT    3.3333333333333335E-003
     1    -21.5963  2.00000
     2    -11.1950  2.00000
     3     -7.0377  2.00000
     4     -7.0323  2.00000
     5      5.3773  0.00000
     6      8.9384  0.00000
     7      8.9445  0.00000
     8     16.3023  0.00000

 KPT          299  SPIN            1  KWEIGHT    3.3333333333333335E-003
     1    -21.5985  2.00000
     2    -11.1975  2.00000
     3     -7.0293  2.00000
     4     -7.0280  2.00000
     5      5.3832  0.00000
     6      8.9299  0.00000
     7      8.9314  0.00000
     8     16.2971  0.00000

 KPT          300  SPIN            1  KWEIGHT    3.3333333333333335E-003
     1    -21.5992  2.00000
     2    -11.1983  2.00000
     3     -7.0265  2.00000
     4     -7.0265  2.00000
     5      5.3852  0.00000
     6      8.9270  0.00000
     7      8.9270  0.00000
     8     16.2954  0.00000

