 KPT            1  SPIN            1  KWEIGHT    3.3222591362126247E-003
     1    -22.4010  0.00000
     2    -11.7543  0.00000
     3     -6.7766  0.00000
     4     -6.7766  0.00000
     5      9.5967  0.00000
     6     13.2604  0.00000
     7     13.2604  0.00000
     8     36.0361  0.00000

 KPT            2  SPIN            1  KWEIGHT    3.3222591362126247E-003
     1    -22.4004  0.00000
     2    -11.7537  0.00000
     3     -6.7789  0.00000
     4     -6.7778  0.00000
     5      9.5942  0.00000
     6     13.2641  0.00000
     7     13.2657  0.00000
     8     36.0382  0.00000

 KPT            3  SPIN            1  KWEIGHT    3.3222591362126247E-003
     1    -22.3987  0.00000
     2    -11.7517  0.00000
     3     -6.7857  0.00000
     4     -6.7814  0.00000
     5      9.5867  0.00000
     6     13.2752  0.00000
     7     13.2813  0.00000
     8     36.0443  0.00000

 KPT            4  SPIN            1  KWEIGHT    3.3222591362126247E-003
     1    -22.3958  0.00000
     2    -11.7484  0.00000
     3     -6.7970  0.00000
     4     -6.7872  0.00000
     5      9.5742  0.00000
     6     13.2937  0.00000
     7     13.3074  0.00000
     8     36.0545  0.00000

 KPT            5  SPIN            1  KWEIGHT    3.3222591362126247E-003
     1    -22.3917  0.00000
     2    -11.7438  0.00000
     3     -6.8128  0.00000
     4     -6.7954  0.00000
     5      9.5567  0.00000
     6     13.3195  0.00000
     7     13.3438  0.00000
     8     36.0687  0.00000

 KPT            6  SPIN            1  KWEIGHT    3.3222591362126247E-003
     1    -22.3864  0.00000
     2    -11.7379  0.00000
     3     -6.8331  0.00000
     4     -6.8060  0.00000
     5      9.5342  0.00000
     6     13.3527  0.00000
     7     13.3907  0.00000
     8     36.0871  0.00000

 KPT            7  SPIN            1  KWEIGHT    3.3222591362126247E-003
     1    -22.3800  0.00000
     2    -11.7307  0.00000
     3     -6.8578  0.00000
     4     -6.8187  0.00000
     5      9.5069  0.00000
     6     13.3930  0.00000
     7     13.4478  0.00000
     8     36.1096  0.00000

 KPT            8  SPIN            1  KWEIGHT    3.3222591362126247E-003
     1    -22.3724  0.00000
     2    -11.7221  0.00000
     3     -6.8868  0.00000
     4     -6.8337  0.00000
     5      9.4746  0.00000
     6     13.4405  0.00000
     7     13.5152  0.00000
     8     36.1361  0.00000

 KPT            9  SPIN            1  KWEIGHT    3.3222591362126247E-003
     1    -22.3636  0.00000
     2    -11.7123  0.00000
     3     -6.9201  0.00000
     4     -6.8509  0.00000
     5      9.4374  0.00000
     6     13.4950  0.00000
     7     13.5928  0.00000
     8     36.1668  0.00000

 KPT           10  SPIN            1  KWEIGHT    3.3222591362126247E-003
     1    -22.3537  0.00000
     2    -11.7011  0.00000
     3     -6.9577  0.00000
     4     -6.8702  0.00000
     5      9.3954  0.00000
     6     13.5564  0.00000
     7     13.6806  0.00000
     8     36.2016  0.00000

 KPT           11  SPIN            1  KWEIGHT    3.3222591362126247E-003
     1    -22.3426  0.00000
     2    -11.6886  0.00000
     3     -6.9994  0.00000
     4     -6.8916  0.00000
     5      9.3487  0.00000
     6     13.6247  0.00000
     7     13.7784  0.00000
     8     36.2405  0.00000

 KPT           12  SPIN            1  KWEIGHT    3.3222591362126247E-003
     1    -22.3303  0.00000
     2    -11.6748  0.00000
     3     -7.0451  0.00000
     4     -6.9150  0.00000
     5      9.2972  0.00000
     6     13.6997  0.00000
     7     13.8862  0.00000
     8     36.2835  0.00000

 KPT           13  SPIN            1  KWEIGHT    3.3222591362126247E-003
     1    -22.3169  0.00000
     2    -11.6597  0.00000
     3     -7.0948  0.00000
     4     -6.9403  0.00000
     5      9.2411  0.00000
     6     13.7813  0.00000
     7     14.0039  0.00000
     8     36.3307  0.00000

 KPT           14  SPIN            1  KWEIGHT    3.3222591362126247E-003
     1    -22.3023  0.00000
     2    -11.6433  0.00000
     3     -7.1483  0.00000
     4     -6.9674  0.00000
     5      9.1803  0.00000
     6     13.8692  0.00000
     7     14.1313  0.00000
     8     36.3821  0.00000

 KPT           15  SPIN            1  KWEIGHT    3.3222591362126247E-003
     1    -22.2865  0.00000
     2    -11.6256  0.00000
     3     -7.2056  0.00000
     4     -6.9964  0.00000
     5      9.1151  0.00000
     6     13.9635  0.00000
     7     14.2685  0.00000
     8     36.4377  0.00000

 KPT           16  SPIN            1  KWEIGHT    3.3222591362126247E-003
     1    -22.2696  0.00000
     2    -11.6065  0.00000
     3     -7.2665  0.00000
     4     -7.0270  0.00000
     5      9.0453  0.00000
     6     14.0637  0.00000
     7     14.4152  0.00000
     8     36.4974  0.00000

 KPT           17  SPIN            1  KWEIGHT    3.3222591362126247E-003
     1    -22.2515  0.00000
     2    -11.5862  0.00000
     3     -7.3310  0.00000
     4     -7.0593  0.00000
     5      8.9712  0.00000
     6     14.1699  0.00000
     7     14.5714  0.00000
     8     36.5614  0.00000

 KPT           18  SPIN            1  KWEIGHT    3.3222591362126247E-003
     1    -22.2323  0.00000
     2    -11.5646  0.00000
     3     -7.3988  0.00000
     4     -7.0931  0.00000
     5      8.8928  0.00000
     6     14.2818  0.00000
     7     14.7369  0.00000
     8     36.6296  0.00000

 KPT           19  SPIN            1  KWEIGHT    3.3222591362126247E-003
     1    -22.2119  0.00000
     2    -11.5417  0.00000
     3     -7.4700  0.00000
     4     -7.1283  0.00000
     5      8.8102  0.00000
     6     14.3993  0.00000
     7     14.9116  0.00000
     8     36.7021  0.00000

 KPT           20  SPIN            1  KWEIGHT    3.3222591362126247E-003
     1    -22.1904  0.00000
     2    -11.5174  0.00000
     3     -7.5443  0.00000
     4     -7.1649  0.00000
     5      8.7234  0.00000
     6     14.5220  0.00000
     7     15.0953  0.00000
     8     36.7789  0.00000

 KPT           21  SPIN            1  KWEIGHT    3.3222591362126247E-003
     1    -22.1677  0.00000
     2    -11.4919  0.00000
     3     -7.6217  0.00000
     4     -7.2028  0.00000
     5      8.6326  0.00000
     6     14.6499  0.00000
     7     15.2880  0.00000
     8     36.8599  0.00000

 KPT           22  SPIN            1  KWEIGHT    3.3222591362126247E-003
     1    -22.1438  0.00000
     2    -11.4651  0.00000
     3     -7.7021  0.00000
     4     -7.2419  0.00000
     5      8.5379  0.00000
     6     14.7827  0.00000
     7     15.4896  0.00000
     8     36.9453  0.00000

 KPT           23  SPIN            1  KWEIGHT    3.3222591362126247E-003
     1    -22.1188  0.00000
     2    -11.4370  0.00000
     3     -7.7852  0.00000
     4     -7.2821  0.00000
     5      8.4393  0.00000
     6     14.9202  0.00000
     7     15.6997  0.00000
     8     37.0349  0.00000

 KPT           24  SPIN            1  KWEIGHT    3.3222591362126247E-003
     1    -22.0927  0.00000
     2    -11.4076  0.00000
     3     -7.8711  0.00000
     4     -7.3233  0.00000
     5      8.3370  0.00000
     6     15.0622  0.00000
     7     15.9184  0.00000
     8     37.1290  0.00000

 KPT           25  SPIN            1  KWEIGHT    3.3222591362126247E-003
     1    -22.0654  0.00000
     2    -11.3770  0.00000
     3     -7.9595  0.00000
     4     -7.3654  0.00000
     5      8.2310  0.00000
     6     15.2084  0.00000
     7     16.1455  0.00000
     8     37.2274  0.00000

 KPT           26  SPIN            1  KWEIGHT    3.3222591362126247E-003
     1    -22.0370  0.00000
     2    -11.3450  0.00000
     3     -8.0504  0.00000
     4     -7.4083  0.00000
     5      8.1215  0.00000
     6     15.3587  0.00000
     7     16.3807  0.00000
     8     37.3302  0.00000

 KPT           27  SPIN            1  KWEIGHT    3.3222591362126247E-003
     1    -22.0074  0.00000
     2    -11.3118  0.00000
     3     -8.1436  0.00000
     4     -7.4521  0.00000
     5      8.0086  0.00000
     6     15.5129  0.00000
     7     16.6240  0.00000
     8     37.4373  0.00000

 KPT           28  SPIN            1  KWEIGHT    3.3222591362126247E-003
     1    -21.9767  0.00000
     2    -11.2773  0.00000
     3     -8.2391  0.00000
     4     -7.4965  0.00000
     5      7.8924  0.00000
     6     15.6706  0.00000
     7     16.8752  0.00000
     8     37.5489  0.00000

 KPT           29  SPIN            1  KWEIGHT    3.3222591362126247E-003
     1    -21.9448  0.00000
     2    -11.2415  0.00000
     3     -8.3366  0.00000
     4     -7.5415  0.00000
     5      7.7730  0.00000
     6     15.8317  0.00000
     7     17.1341  0.00000
     8     37.6650  0.00000

 KPT           30  SPIN            1  KWEIGHT    3.3222591362126247E-003
     1    -21.9119  0.00000
     2    -11.2045  0.00000
     3     -8.4362  0.00000
     4     -7.5870  0.00000
     5      7.6505  0.00000
     6     15.9959  0.00000
     7     17.4005  0.00000
     8     37.7854  0.00000

 KPT           31  SPIN            1  KWEIGHT    3.3222591362126247E-003
     1    -21.8777  0.00000
     2    -11.1662  0.00000
     3     -8.5377  0.00000
     4     -7.6330  0.00000
     5      7.5251  0.00000
     6     16.1630  0.00000
     7     17.6743  0.00000
     8     37.9103  0.00000

 KPT           32  SPIN            1  KWEIGHT    3.3222591362126247E-003
     1    -21.8425  0.00000
     2    -11.1266  0.00000
     3     -8.6410  0.00000
     4     -7.6794  0.00000
     5      7.3967  0.00000
     6     16.3328  0.00000
     7     17.9553  0.00000
     8     38.0397  0.00000

 KPT           33  SPIN            1  KWEIGHT    3.3222591362126247E-003
     1    -21.8062  0.00000
     2    -11.0858  0.00000
     3     -8.7460  0.00000
     4     -7.7260  0.00000
     5      7.2657  0.00000
     6     16.5050  0.00000
     7     18.2434  0.00000
     8     38.1735  0.00000

 KPT           34  SPIN            1  KWEIGHT    3.3222591362126247E-003
     1    -21.7687  0.00000
     2    -11.0438  0.00000
     3     -8.8525  0.00000
     4     -7.7729  0.00000
     5      7.1321  0.00000
     6     16.6794  0.00000
     7     18.5382  0.00000
     8     38.3118  0.00000

 KPT           35  SPIN            1  KWEIGHT    3.3222591362126247E-003
     1    -21.7301  0.00000
     2    -11.0005  0.00000
     3     -8.9606  0.00000
     4     -7.8200  0.00000
     5      6.9959  0.00000
     6     16.8557  0.00000
     7     18.8397  0.00000
     8     38.4545  0.00000

 KPT           36  SPIN            1  KWEIGHT    3.3222591362126247E-003
     1    -21.6904  0.00000
     2    -10.9560  0.00000
     3     -9.0701  0.00000
     4     -7.8672  0.00000
     5      6.8574  0.00000
     6     17.0339  0.00000
     7     19.1476  0.00000
     8     38.6016  0.00000

 KPT           37  SPIN            1  KWEIGHT    3.3222591362126247E-003
     1    -21.6495  0.00000
     2    -10.9103  0.00000
     3     -9.1809  0.00000
     4     -7.9144  0.00000
     5      6.7166  0.00000
     6     17.2135  0.00000
     7     19.4618  0.00000
     8     38.7532  0.00000

 KPT           38  SPIN            1  KWEIGHT    3.3222591362126247E-003
     1    -21.6076  0.00000
     2    -10.8633  0.00000
     3     -9.2929  0.00000
     4     -7.9617  0.00000
     5      6.5737  0.00000
     6     17.3943  0.00000
     7     19.7820  0.00000
     8     38.9092  0.00000

 KPT           39  SPIN            1  KWEIGHT    3.3222591362126247E-003
     1    -21.5646  0.00000
     2    -10.8152  0.00000
     3     -9.4060  0.00000
     4     -8.0089  0.00000
     5      6.4288  0.00000
     6     17.5763  0.00000
     7     20.1080  0.00000
     8     39.0696  0.00000

 KPT           40  SPIN            1  KWEIGHT    3.3222591362126247E-003
     1    -21.5205  0.00000
     2    -10.7658  0.00000
     3     -9.5203  0.00000
     4     -8.0559  0.00000
     5      6.2820  0.00000
     6     17.7590  0.00000
     7     20.4397  0.00000
     8     39.2343  0.00000

 KPT           41  SPIN            1  KWEIGHT    3.3222591362126247E-003
     1    -21.4752  0.00000
     2    -10.7152  0.00000
     3     -9.6355  0.00000
     4     -8.1028  0.00000
     5      6.1334  0.00000
     6     17.9423  0.00000
     7     20.7766  0.00000
     8     39.4033  0.00000

 KPT           42  SPIN            1  KWEIGHT    3.3222591362126247E-003
     1    -21.4289  0.00000
     2    -10.6635  0.00000
     3     -9.7516  0.00000
     4     -8.1495  0.00000
     5      5.9832  0.00000
     6     18.1261  0.00000
     7     21.1188  0.00000
     8     39.5765  0.00000

 KPT           43  SPIN            1  KWEIGHT    3.3222591362126247E-003
     1    -21.3815  0.00000
     2    -10.6106  0.00000
     3     -9.8686  0.00000
     4     -8.1959  0.00000
     5      5.8314  0.00000
     6     18.3099  0.00000
     7     21.4658  0.00000
     8     39.7540  0.00000

 KPT           44  SPIN            1  KWEIGHT    3.3222591362126247E-003
     1    -21.3330  0.00000
     2    -10.5565  0.00000
     3     -9.9863  0.00000
     4     -8.2421  0.00000
     5      5.6782  0.00000
     6     18.4937  0.00000
     7     21.8175  0.00000
     8     39.9356  0.00000

 KPT           45  SPIN            1  KWEIGHT    3.3222591362126247E-003
     1    -21.2835  0.00000
     2    -10.5012  0.00000
     3    -10.1048  0.00000
     4     -8.2879  0.00000
     5      5.5237  0.00000
     6     18.6772  0.00000
     7     22.1735  0.00000
     8     40.1212  0.00000

 KPT           46  SPIN            1  KWEIGHT    3.3222591362126247E-003
     1    -21.2329  0.00000
     2    -10.4449  0.00000
     3    -10.2238  0.00000
     4     -8.3333  0.00000
     5      5.3680  0.00000
     6     18.8603  0.00000
     7     22.5337  0.00000
     8     40.3108  0.00000

 KPT           47  SPIN            1  KWEIGHT    3.3222591362126247E-003
     1    -21.1812  0.00000
     2    -10.3874  0.00000
     3    -10.3435  0.00000
     4     -8.3783  0.00000
     5      5.2113  0.00000
     6     19.0426  0.00000
     7     22.8978  0.00000
     8     40.5043  0.00000

 KPT           48  SPIN            1  KWEIGHT    3.3222591362126247E-003
     1    -21.1284  0.00000
     2    -10.4636  0.00000
     3    -10.3287  0.00000
     4     -8.4229  0.00000
     5      5.0536  0.00000
     6     19.2241  0.00000
     7     23.2654  0.00000
     8     40.7016  0.00000

 KPT           49  SPIN            1  KWEIGHT    3.3222591362126247E-003
     1    -21.0746  0.00000
     2    -10.5843  0.00000
     3    -10.2690  0.00000
     4     -8.4669  0.00000
     5      4.8950  0.00000
     6     19.4045  0.00000
     7     23.6363  0.00000
     8     40.9025  0.00000

 KPT           50  SPIN            1  KWEIGHT    3.3222591362126247E-003
     1    -21.0198  0.00000
     2    -10.7053  0.00000
     3    -10.2082  0.00000
     4     -8.5105  0.00000
     5      4.7357  0.00000
     6     19.5836  0.00000
     7     24.0102  0.00000
     8     41.1070  0.00000

 KPT           51  SPIN            1  KWEIGHT    3.3222591362126247E-003
     1    -20.9639  0.00000
     2    -10.8266  0.00000
     3    -10.1463  0.00000
     4     -8.5535  0.00000
     5      4.5758  0.00000
     6     19.7613  0.00000
     7     24.3868  0.00000
     8     41.3148  0.00000

 KPT           52  SPIN            1  KWEIGHT    3.3222591362126247E-003
     1    -20.9069  0.00000
     2    -10.9483  0.00000
     3    -10.0834  0.00000
     4     -8.5959  0.00000
     5      4.4154  0.00000
     6     19.9374  0.00000
     7     24.7657  0.00000
     8     41.5258  0.00000

 KPT           53  SPIN            1  KWEIGHT    3.3222591362126247E-003
     1    -20.8490  0.00000
     2    -11.0702  0.00000
     3    -10.0195  0.00000
     4     -8.6378  0.00000
     5      4.2546  0.00000
     6     20.1116  0.00000
     7     25.1467  0.00000
     8     41.7399  0.00000

 KPT           54  SPIN            1  KWEIGHT    3.3222591362126247E-003
     1    -20.7900  0.00000
     2    -11.1923  0.00000
     3     -9.9545  0.00000
     4     -8.6790  0.00000
     5      4.0936  0.00000
     6     20.2839  0.00000
     7     25.5294  0.00000
     8     41.9569  0.00000

 KPT           55  SPIN            1  KWEIGHT    3.3222591362126247E-003
     1    -20.7300  0.00000
     2    -11.3146  0.00000
     3     -9.8885  0.00000
     4     -8.7196  0.00000
     5      3.9323  0.00000
     6     20.4541  0.00000
     7     25.9134  0.00000
     8     42.1765  0.00000

 KPT           56  SPIN            1  KWEIGHT    3.3222591362126247E-003
     1    -20.6690  0.00000
     2    -11.4369  0.00000
     3     -9.8216  0.00000
     4     -8.7595  0.00000
     5      3.7710  0.00000
     6     20.6221  0.00000
     7     26.2984  0.00000
     8     42.3986  0.00000

 KPT           57  SPIN            1  KWEIGHT    3.3222591362126247E-003
     1    -20.6070  0.00000
     2    -11.5593  0.00000
     3     -9.7538  0.00000
     4     -8.7987  0.00000
     5      3.6097  0.00000
     6     20.7876  0.00000
     7     26.6841  0.00000
     8     42.6230  0.00000

 KPT           58  SPIN            1  KWEIGHT    3.3222591362126247E-003
     1    -20.5440  0.00000
     2    -11.6817  0.00000
     3     -9.6850  0.00000
     4     -8.8373  0.00000
     5      3.4485  0.00000
     6     20.9506  0.00000
     7     27.0700  0.00000
     8     42.8493  0.00000

 KPT           59  SPIN            1  KWEIGHT    3.3222591362126247E-003
     1    -20.4800  0.00000
     2    -11.8041  0.00000
     3     -9.6153  0.00000
     4     -8.8751  0.00000
     5      3.2876  0.00000
     6     21.1110  0.00000
     7     27.4558  0.00000
     8     43.0775  0.00000

 KPT           60  SPIN            1  KWEIGHT    3.3222591362126247E-003
     1    -20.4151  0.00000
     2    -11.9265  0.00000
     3     -9.5448  0.00000
     4     -8.9121  0.00000
     5      3.1271  0.00000
     6     21.2685  0.00000
     7     27.8411  0.00000
     8     43.3071  0.00000

 KPT           61  SPIN            1  KWEIGHT    3.3222591362126247E-003
     1    -20.3492  0.00000
     2    -12.0487  0.00000
     3     -9.4735  0.00000
     4     -8.9485  0.00000
     5      2.9670  0.00000
     6     21.4232  0.00000
     7     28.2255  0.00000
     8     43.5379  0.00000

 KPT           62  SPIN            1  KWEIGHT    3.3222591362126247E-003
     1    -20.2823  0.00000
     2    -12.1708  0.00000
     3     -9.4014  0.00000
     4     -8.9840  0.00000
     5      2.8076  0.00000
     6     21.5748  0.00000
     7     28.6085  0.00000
     8     43.7697  0.00000

 KPT           63  SPIN            1  KWEIGHT    3.3222591362126247E-003
     1    -20.2145  0.00000
     2    -12.2927  0.00000
     3     -9.3285  0.00000
     4     -9.0188  0.00000
     5      2.6488  0.00000
     6     21.7233  0.00000
     7     28.9898  0.00000
     8     44.0021  0.00000

 KPT           64  SPIN            1  KWEIGHT    3.3222591362126247E-003
     1    -20.1458  0.00000
     2    -12.4143  0.00000
     3     -9.2550  0.00000
     4     -9.0527  0.00000
     5      2.4907  0.00000
     6     21.8687  0.00000
     7     29.3690  0.00000
     8     44.2349  0.00000

 KPT           65  SPIN            1  KWEIGHT    3.3222591362126247E-003
     1    -20.0761  0.00000
     2    -12.5358  0.00000
     3     -9.1808  0.00000
     4     -9.0859  0.00000
     5      2.3336  0.00000
     6     22.0107  0.00000
     7     29.7455  0.00000
     8     44.4676  0.00000

 KPT           66  SPIN            1  KWEIGHT    3.3222591362126247E-003
     1    -20.0056  0.00000
     2    -12.6569  0.00000
     3     -9.1182  0.00000
     4     -9.1060  0.00000
     5      2.1775  0.00000
     6     22.1494  0.00000
     7     30.1190  0.00000
     8     44.7000  0.00000

 KPT           67  SPIN            1  KWEIGHT    3.3222591362126247E-003
     1    -19.9342  0.00000
     2    -12.7777  0.00000
     3     -9.1497  0.00000
     4     -9.0307  0.00000
     5      2.0226  0.00000
     6     22.2846  0.00000
     7     30.4891  0.00000
     8     44.9318  0.00000

 KPT           68  SPIN            1  KWEIGHT    3.3222591362126247E-003
     1    -19.8619  0.00000
     2    -12.8981  0.00000
     3     -9.1804  0.00000
     4     -8.9548  0.00000
     5      1.8688  0.00000
     6     22.4163  0.00000
     7     30.8552  0.00000
     8     45.1625  0.00000

 KPT           69  SPIN            1  KWEIGHT    3.3222591362126247E-003
     1    -19.7888  0.00000
     2    -13.0181  0.00000
     3     -9.2102  0.00000
     4     -8.8786  0.00000
     5      1.7165  0.00000
     6     22.5444  0.00000
     7     31.2169  0.00000
     8     45.3918  0.00000

 KPT           70  SPIN            1  KWEIGHT    3.3222591362126247E-003
     1    -19.7148  0.00000
     2    -13.1377  0.00000
     3     -9.2392  0.00000
     4     -8.8020  0.00000
     5      1.5656  0.00000
     6     22.6690  0.00000
     7     31.5737  0.00000
     8     45.6194  0.00000

 KPT           71  SPIN            1  KWEIGHT    3.3222591362126247E-003
     1    -19.6400  0.00000
     2    -13.2568  0.00000
     3     -9.2673  0.00000
     4     -8.7251  0.00000
     5      1.4163  0.00000
     6     22.7898  0.00000
     7     31.9253  0.00000
     8     45.8449  0.00000

 KPT           72  SPIN            1  KWEIGHT    3.3222591362126247E-003
     1    -19.5644  0.00000
     2    -13.3753  0.00000
     3     -9.2946  0.00000
     4     -8.6480  0.00000
     5      1.2688  0.00000
     6     22.9069  0.00000
     7     32.2711  0.00000
     8     46.0679  0.00000

 KPT           73  SPIN            1  KWEIGHT    3.3222591362126247E-003
     1    -19.4881  0.00000
     2    -13.4933  0.00000
     3     -9.3209  0.00000
     4     -8.5708  0.00000
     5      1.1231  0.00000
     6     23.0202  0.00000
     7     32.6106  0.00000
     8     46.2879  0.00000

 KPT           74  SPIN            1  KWEIGHT    3.3222591362126247E-003
     1    -19.4110  0.00000
     2    -13.6107  0.00000
     3     -9.3464  0.00000
     4     -8.4935  0.00000
     5      0.9794  0.00000
     6     23.1298  0.00000
     7     32.9435  0.00000
     8     46.5047  0.00000

 KPT           75  SPIN            1  KWEIGHT    3.3222591362126247E-003
     1    -19.3333  0.00000
     2    -13.7275  0.00000
     3     -9.3710  0.00000
     4     -8.4164  0.00000
     5      0.8380  0.00000
     6     23.2354  0.00000
     7     33.2692  0.00000
     8     46.7179  0.00000

 KPT           76  SPIN            1  KWEIGHT    3.3222591362126247E-003
     1    -19.2549  0.00000
     2    -13.8435  0.00000
     3     -9.3947  0.00000
     4     -8.3395  0.00000
     5      0.6988  0.00000
     6     23.3373  0.00000
     7     33.5873  0.00000
     8     46.9270  0.00000

 KPT           77  SPIN            1  KWEIGHT    3.3222591362126247E-003
     1    -19.1758  0.00000
     2    -13.9588  0.00000
     3     -9.4175  0.00000
     4     -8.2629  0.00000
     5      0.5621  0.00000
     6     23.4352  0.00000
     7     33.8973  0.00000
     8     47.1317  0.00000

 KPT           78  SPIN            1  KWEIGHT    3.3222591362126247E-003
     1    -19.0962  0.00000
     2    -14.0732  0.00000
     3     -9.4394  0.00000
     4     -8.1867  0.00000
     5      0.4280  0.00000
     6     23.5292  0.00000
     7     34.1987  0.00000
     8     47.3316  0.00000

 KPT           79  SPIN            1  KWEIGHT    3.3222591362126247E-003
     1    -19.0160  0.00000
     2    -14.1868  0.00000
     3     -9.4604  0.00000
     4     -8.1112  0.00000
     5      0.2968  0.00000
     6     23.6193  0.00000
     7     34.4912  0.00000
     8     47.5262  0.00000

 KPT           80  SPIN            1  KWEIGHT    3.3222591362126247E-003
     1    -18.9354  0.00000
     2    -14.2995  0.00000
     3     -9.4805  0.00000
     4     -8.0364  0.00000
     5      0.1686  0.00000
     6     23.7054  0.00000
     7     34.7742  0.00000
     8     47.7153  0.00000

 KPT           81  SPIN            1  KWEIGHT    3.3222591362126247E-003
     1    -18.8543  0.00000
     2    -14.4111  0.00000
     3     -9.4996  0.00000
     4     -7.9625  0.00000
     5      0.0436  0.00000
     6     23.7876  0.00000
     7     35.0474  0.00000
     8     47.8985  0.00000

 KPT           82  SPIN            1  KWEIGHT    3.3222591362126247E-003
     1    -18.7730  0.00000
     2    -14.5216  0.00000
     3     -9.5179  0.00000
     4     -7.8898  0.00000
     5     -0.0779  0.00000
     6     23.8658  0.00000
     7     35.3102  0.00000
     8     48.0753  0.00000

 KPT           83  SPIN            1  KWEIGHT    3.3222591362126247E-003
     1    -18.6914  0.00000
     2    -14.6309  0.00000
     3     -9.5352  0.00000
     4     -7.8184  0.00000
     5     -0.1958  0.00000
     6     23.9400  0.00000
     7     35.5624  0.00000
     8     48.2455  0.00000

 KPT           84  SPIN            1  KWEIGHT    3.3222591362126247E-003
     1    -18.6096  0.00000
     2    -14.7389  0.00000
     3     -9.5516  0.00000
     4     -7.7485  0.00000
     5     -0.3098  0.00000
     6     24.0102  0.00000
     7     35.8034  0.00000
     8     48.4086  0.00000

 KPT           85  SPIN            1  KWEIGHT    3.3222591362126247E-003
     1    -18.5279  0.00000
     2    -14.8454  0.00000
     3     -9.5671  0.00000
     4     -7.6803  0.00000
     5     -0.4197  0.00000
     6     24.0764  0.00000
     7     36.0330  0.00000
     8     48.5644  0.00000

 KPT           86  SPIN            1  KWEIGHT    3.3222591362126247E-003
     1    -18.4464  0.00000
     2    -14.9502  0.00000
     3     -9.5816  0.00000
     4     -7.6142  0.00000
     5     -0.5251  0.00000
     6     24.1387  0.00000
     7     36.2507  0.00000
     8     48.7126  0.00000

 KPT           87  SPIN            1  KWEIGHT    3.3222591362126247E-003
     1    -18.3652  0.00000
     2    -15.0533  0.00000
     3     -9.5952  0.00000
     4     -7.5503  0.00000
     5     -0.6259  0.00000
     6     24.1969  0.00000
     7     36.4561  0.00000
     8     48.8527  0.00000

 KPT           88  SPIN            1  KWEIGHT    3.3222591362126247E-003
     1    -18.2846  0.00000
     2    -15.1542  0.00000
     3     -9.6079  0.00000
     4     -7.4890  0.00000
     5     -0.7216  0.00000
     6     24.2510  0.00000
     7     36.6490  0.00000
     8     48.9846  0.00000

 KPT           89  SPIN            1  KWEIGHT    3.3222591362126247E-003
     1    -18.2049  0.00000
     2    -15.2528  0.00000
     3     -9.6197  0.00000
     4     -7.4304  0.00000
     5     -0.8121  0.00000
     6     24.3012  0.00000
     7     36.8289  0.00000
     8     49.1078  0.00000

 KPT           90  SPIN            1  KWEIGHT    3.3222591362126247E-003
     1    -18.1263  0.00000
     2    -15.3488  0.00000
     3     -9.6305  0.00000
     4     -7.3750  0.00000
     5     -0.8969  0.00000
     6     24.3474  0.00000
     7     36.9956  0.00000
     8     49.2223  0.00000

 KPT           91  SPIN            1  KWEIGHT    3.3222591362126247E-003
     1    -18.0494  0.00000
     2    -15.4416  0.00000
     3     -9.6404  0.00000
     4     -7.3230  0.00000
     5     -0.9758  0.00000
     6     24.3895  0.00000
     7     37.1489  0.00000
     8     49.3276  0.00000

 KPT           92  SPIN            1  KWEIGHT    3.3222591362126247E-003
     1    -17.9747  0.00000
     2    -15.5307  0.00000
     3     -9.6493  0.00000
     4     -7.2747  0.00000
     5     -1.0485  0.00000
     6     24.4277  0.00000
     7     37.2883  0.00000
     8     49.4237  0.00000

 KPT           93  SPIN            1  KWEIGHT    3.3222591362126247E-003
     1    -17.9028  0.00000
     2    -15.6155  0.00000
     3     -9.6573  0.00000
     4     -7.2305  0.00000
     5     -1.1146  0.00000
     6     24.4618  0.00000
     7     37.4138  0.00000
     8     49.5102  0.00000

 KPT           94  SPIN            1  KWEIGHT    3.3222591362126247E-003
     1    -17.8345  0.00000
     2    -15.6952  0.00000
     3     -9.6644  0.00000
     4     -7.1906  0.00000
     5     -1.1739  0.00000
     6     24.4919  0.00000
     7     37.5250  0.00000
     8     49.5870  0.00000

 KPT           95  SPIN            1  KWEIGHT    3.3222591362126247E-003
     1    -17.7708  0.00000
     2    -15.7687  0.00000
     3     -9.6705  0.00000
     4     -7.1553  0.00000
     5     -1.2259  0.00000
     6     24.5180  0.00000
     7     37.6218  0.00000
     8     49.6539  0.00000

 KPT           96  SPIN            1  KWEIGHT    3.3222591362126247E-003
     1    -17.7130  0.00000
     2    -15.8349  0.00000
     3     -9.6757  0.00000
     4     -7.1249  0.00000
     5     -1.2705  0.00000
     6     24.5400  0.00000
     7     37.7040  0.00000
     8     49.7108  0.00000

 KPT           97  SPIN            1  KWEIGHT    3.3222591362126247E-003
     1    -17.6624  0.00000
     2    -15.8923  0.00000
     3     -9.6799  0.00000
     4     -7.0997  0.00000
     5     -1.3073  0.00000
     6     24.5581  0.00000
     7     37.7715  0.00000
     8     49.7575  0.00000

 KPT           98  SPIN            1  KWEIGHT    3.3222591362126247E-003
     1    -17.6207  0.00000
     2    -15.9394  0.00000
     3     -9.6832  0.00000
     4     -7.0798  0.00000
     5     -1.3362  0.00000
     6     24.5721  0.00000
     7     37.8241  0.00000
     8     49.7939  0.00000

 KPT           99  SPIN            1  KWEIGHT    3.3222591362126247E-003
     1    -17.5893  0.00000
     2    -15.9745  0.00000
     3     -9.6856  0.00000
     4     -7.0655  0.00000
     5     -1.3570  0.00000
     6     24.5822  0.00000
     7     37.8617  0.00000
     8     49.8200  0.00000

 KPT          100  SPIN            1  KWEIGHT    3.3222591362126247E-003
     1    -17.5699  0.00000
     2    -15.9962  0.00000
     3     -9.6870  0.00000
     4     -7.0569  0.00000
     5     -1.3695  0.00000
     6     24.5882  0.00000
     7     37.8843  0.00000
     8     49.8357  0.00000

 KPT          101  SPIN            1  KWEIGHT    3.3222591362126247E-003
     1    -17.5633  0.00000
     2    -16.0036  0.00000
     3     -9.6875  0.00000
     4     -7.0540  0.00000
     5     -1.3737  0.00000
     6     24.5902  0.00000
     7     37.8919  0.00000
     8     49.8409  0.00000

 KPT          102  SPIN            1  KWEIGHT    3.3222591362126247E-003
     1    -17.5631  0.00000
     2    -16.0035  0.00000
     3     -9.6882  0.00000
     4     -7.0537  0.00000
     5     -1.3741  0.00000
     6     24.5921  0.00000
     7     37.8915  0.00000
     8     49.8416  0.00000

 KPT          103  SPIN            1  KWEIGHT    3.3222591362126247E-003
     1    -17.5625  0.00000
     2    -16.0031  0.00000
     3     -9.6905  0.00000
     4     -7.0530  0.00000
     5     -1.3751  0.00000
     6     24.5979  0.00000
     7     37.8904  0.00000
     8     49.8436  0.00000

 KPT          104  SPIN            1  KWEIGHT    3.3222591362126247E-003
     1    -17.5616  0.00000
     2    -16.0024  0.00000
     3     -9.6943  0.00000
     4     -7.0517  0.00000
     5     -1.3769  0.00000
     6     24.6074  0.00000
     7     37.8885  0.00000
     8     49.8470  0.00000

 KPT          105  SPIN            1  KWEIGHT    3.3222591362126247E-003
     1    -17.5604  0.00000
     2    -16.0014  0.00000
     3     -9.6996  0.00000
     4     -7.0499  0.00000
     5     -1.3794  0.00000
     6     24.6208  0.00000
     7     37.8858  0.00000
     8     49.8517  0.00000

 KPT          106  SPIN            1  KWEIGHT    3.3222591362126247E-003
     1    -17.5587  0.00000
     2    -16.0002  0.00000
     3     -9.7064  0.00000
     4     -7.0476  0.00000
     5     -1.3826  0.00000
     6     24.6380  0.00000
     7     37.8824  0.00000
     8     49.8577  0.00000

 KPT          107  SPIN            1  KWEIGHT    3.3222591362126247E-003
     1    -17.5568  0.00000
     2    -15.9987  0.00000
     3     -9.7147  0.00000
     4     -7.0448  0.00000
     5     -1.3865  0.00000
     6     24.6591  0.00000
     7     37.8783  0.00000
     8     49.8651  0.00000

 KPT          108  SPIN            1  KWEIGHT    3.3222591362126247E-003
     1    -17.5544  0.00000
     2    -15.9969  0.00000
     3     -9.7245  0.00000
     4     -7.0415  0.00000
     5     -1.3911  0.00000
     6     24.6838  0.00000
     7     37.8734  0.00000
     8     49.8737  0.00000

 KPT          109  SPIN            1  KWEIGHT    3.3222591362126247E-003
     1    -17.5517  0.00000
     2    -15.9949  0.00000
     3     -9.7358  0.00000
     4     -7.0377  0.00000
     5     -1.3964  0.00000
     6     24.7124  0.00000
     7     37.8677  0.00000
     8     49.8837  0.00000

 KPT          110  SPIN            1  KWEIGHT    3.3222591362126247E-003
     1    -17.5487  0.00000
     2    -15.9925  0.00000
     3     -9.7485  0.00000
     4     -7.0334  0.00000
     5     -1.4025  0.00000
     6     24.7447  0.00000
     7     37.8613  0.00000
     8     49.8950  0.00000

 KPT          111  SPIN            1  KWEIGHT    3.3222591362126247E-003
     1    -17.5452  0.00000
     2    -15.9899  0.00000
     3     -9.7627  0.00000
     4     -7.0285  0.00000
     5     -1.4092  0.00000
     6     24.7807  0.00000
     7     37.8542  0.00000
     8     49.9076  0.00000

 KPT          112  SPIN            1  KWEIGHT    3.3222591362126247E-003
     1    -17.5415  0.00000
     2    -15.9871  0.00000
     3     -9.7784  0.00000
     4     -7.0232  0.00000
     5     -1.4166  0.00000
     6     24.8204  0.00000
     7     37.8463  0.00000
     8     49.9215  0.00000

 KPT          113  SPIN            1  KWEIGHT    3.3222591362126247E-003
     1    -17.5373  0.00000
     2    -15.9840  0.00000
     3     -9.7955  0.00000
     4     -7.0173  0.00000
     5     -1.4248  0.00000
     6     24.8638  0.00000
     7     37.8377  0.00000
     8     49.9367  0.00000

 KPT          114  SPIN            1  KWEIGHT    3.3222591362126247E-003
     1    -17.5328  0.00000
     2    -15.9806  0.00000
     3     -9.8140  0.00000
     4     -7.0110  0.00000
     5     -1.4336  0.00000
     6     24.9107  0.00000
     7     37.8283  0.00000
     8     49.9531  0.00000

 KPT          115  SPIN            1  KWEIGHT    3.3222591362126247E-003
     1    -17.5279  0.00000
     2    -15.9769  0.00000
     3     -9.8339  0.00000
     4     -7.0041  0.00000
     5     -1.4432  0.00000
     6     24.9613  0.00000
     7     37.8183  0.00000
     8     49.9708  0.00000

 KPT          116  SPIN            1  KWEIGHT    3.3222591362126247E-003
     1    -17.5227  0.00000
     2    -15.9730  0.00000
     3     -9.8552  0.00000
     4     -6.9967  0.00000
     5     -1.4534  0.00000
     6     25.0155  0.00000
     7     37.8074  0.00000
     8     49.9897  0.00000

 KPT          117  SPIN            1  KWEIGHT    3.3222591362126247E-003
     1    -17.5171  0.00000
     2    -15.9688  0.00000
     3     -9.8778  0.00000
     4     -6.9888  0.00000
     5     -1.4644  0.00000
     6     25.0731  0.00000
     7     37.7959  0.00000
     8     50.0099  0.00000

 KPT          118  SPIN            1  KWEIGHT    3.3222591362126247E-003
     1    -17.5112  0.00000
     2    -15.9643  0.00000
     3     -9.9018  0.00000
     4     -6.9804  0.00000
     5     -1.4760  0.00000
     6     25.1342  0.00000
     7     37.7836  0.00000
     8     50.0312  0.00000

 KPT          119  SPIN            1  KWEIGHT    3.3222591362126247E-003
     1    -17.5049  0.00000
     2    -15.9596  0.00000
     3     -9.9271  0.00000
     4     -6.9715  0.00000
     5     -1.4884  0.00000
     6     25.1988  0.00000
     7     37.7707  0.00000
     8     50.0537  0.00000

 KPT          120  SPIN            1  KWEIGHT    3.3222591362126247E-003
     1    -17.4983  0.00000
     2    -15.9547  0.00000
     3     -9.9537  0.00000
     4     -6.9620  0.00000
     5     -1.5014  0.00000
     6     25.2667  0.00000
     7     37.7570  0.00000
     8     50.0774  0.00000

 KPT          121  SPIN            1  KWEIGHT    3.3222591362126247E-003
     1    -17.4912  0.00000
     2    -15.9494  0.00000
     3     -9.9816  0.00000
     4     -6.9521  0.00000
     5     -1.5151  0.00000
     6     25.3379  0.00000
     7     37.7426  0.00000
     8     50.1022  0.00000

 KPT          122  SPIN            1  KWEIGHT    3.3222591362126247E-003
     1    -17.4839  0.00000
     2    -15.9440  0.00000
     3    -10.0108  0.00000
     4     -6.9416  0.00000
     5     -1.5295  0.00000
     6     25.4124  0.00000
     7     37.7275  0.00000
     8     50.1282  0.00000

 KPT          123  SPIN            1  KWEIGHT    3.3222591362126247E-003
     1    -17.4761  0.00000
     2    -15.9382  0.00000
     3    -10.0412  0.00000
     4     -6.9307  0.00000
     5     -1.5446  0.00000
     6     25.4902  0.00000
     7     37.7117  0.00000
     8     50.1553  0.00000

 KPT          124  SPIN            1  KWEIGHT    3.3222591362126247E-003
     1    -17.4681  0.00000
     2    -15.9323  0.00000
     3    -10.0728  0.00000
     4     -6.9192  0.00000
     5     -1.5604  0.00000
     6     25.5711  0.00000
     7     37.6952  0.00000
     8     50.1834  0.00000

 KPT          125  SPIN            1  KWEIGHT    3.3222591362126247E-003
     1    -17.4596  0.00000
     2    -15.9261  0.00000
     3    -10.1055  0.00000
     4     -6.9072  0.00000
     5     -1.5768  0.00000
     6     25.6551  0.00000
     7     37.6780  0.00000
     8     50.2126  0.00000

 KPT          126  SPIN            1  KWEIGHT    3.3222591362126247E-003
     1    -17.4508  0.00000
     2    -15.9196  0.00000
     3    -10.1394  0.00000
     4     -6.8947  0.00000
     5     -1.5939  0.00000
     6     25.7421  0.00000
     7     37.6602  0.00000
     8     50.2429  0.00000

 KPT          127  SPIN            1  KWEIGHT    3.3222591362126247E-003
     1    -17.4417  0.00000
     2    -15.9129  0.00000
     3    -10.1745  0.00000
     4     -6.8817  0.00000
     5     -1.6117  0.00000
     6     25.8321  0.00000
     7     37.6416  0.00000
     8     50.2741  0.00000

 KPT          128  SPIN            1  KWEIGHT    3.3222591362126247E-003
     1    -17.4322  0.00000
     2    -15.9060  0.00000
     3    -10.2106  0.00000
     4     -6.8681  0.00000
     5     -1.6302  0.00000
     6     25.9250  0.00000
     7     37.6224  0.00000
     8     50.3063  0.00000

 KPT          129  SPIN            1  KWEIGHT    3.3222591362126247E-003
     1    -17.4223  0.00000
     2    -15.8988  0.00000
     3    -10.2478  0.00000
     4     -6.8541  0.00000
     5     -1.6493  0.00000
     6     26.0208  0.00000
     7     37.6025  0.00000
     8     50.3395  0.00000

 KPT          130  SPIN            1  KWEIGHT    3.3222591362126247E-003
     1    -17.4121  0.00000
     2    -15.8914  0.00000
     3    -10.2861  0.00000
     4     -6.8395  0.00000
     5     -1.6691  0.00000
     6     26.1193  0.00000
     7     37.5820  0.00000
     8     50.3736  0.00000

 KPT          131  SPIN            1  KWEIGHT    3.3222591362126247E-003
     1    -17.4015  0.00000
     2    -15.8838  0.00000
     3    -10.3253  0.00000
     4     -6.8245  0.00000
     5     -1.6896  0.00000
     6     26.2206  0.00000
     7     37.5608  0.00000
     8     50.4087  0.00000

 KPT          132  SPIN            1  KWEIGHT    3.3222591362126247E-003
     1    -17.3906  0.00000
     2    -15.8760  0.00000
     3    -10.3655  0.00000
     4     -6.8089  0.00000
     5     -1.7107  0.00000
     6     26.3245  0.00000
     7     37.5389  0.00000
     8     50.4446  0.00000

 KPT          133  SPIN            1  KWEIGHT    3.3222591362126247E-003
     1    -17.3793  0.00000
     2    -15.8679  0.00000
     3    -10.4067  0.00000
     4     -6.7927  0.00000
     5     -1.7325  0.00000
     6     26.4309  0.00000
     7     37.5164  0.00000
     8     50.4813  0.00000

 KPT          134  SPIN            1  KWEIGHT    3.3222591362126247E-003
     1    -17.3676  0.00000
     2    -15.8597  0.00000
     3    -10.4488  0.00000
     4     -6.7761  0.00000
     5     -1.7549  0.00000
     6     26.5398  0.00000
     7     37.4933  0.00000
     8     50.5188  0.00000

 KPT          135  SPIN            1  KWEIGHT    3.3222591362126247E-003
     1    -17.3557  0.00000
     2    -15.8512  0.00000
     3    -10.4917  0.00000
     4     -6.7590  0.00000
     5     -1.7780  0.00000
     6     26.6511  0.00000
     7     37.4695  0.00000
     8     50.5572  0.00000

 KPT          136  SPIN            1  KWEIGHT    3.3222591362126247E-003
     1    -17.3433  0.00000
     2    -15.8426  0.00000
     3    -10.5355  0.00000
     4     -6.7413  0.00000
     5     -1.8017  0.00000
     6     26.7648  0.00000
     7     37.4450  0.00000
     8     50.5962  0.00000

 KPT          137  SPIN            1  KWEIGHT    3.3222591362126247E-003
     1    -17.3306  0.00000
     2    -15.8337  0.00000
     3    -10.5802  0.00000
     4     -6.7231  0.00000
     5     -1.8260  0.00000
     6     26.8806  0.00000
     7     37.4200  0.00000
     8     50.6360  0.00000

 KPT          138  SPIN            1  KWEIGHT    3.3222591362126247E-003
     1    -17.3176  0.00000
     2    -15.8247  0.00000
     3    -10.6256  0.00000
     4     -6.7044  0.00000
     5     -1.8510  0.00000
     6     26.9987  0.00000
     7     37.3943  0.00000
     8     50.6765  0.00000

 KPT          139  SPIN            1  KWEIGHT    3.3222591362126247E-003
     1    -17.3042  0.00000
     2    -15.8155  0.00000
     3    -10.6717  0.00000
     4     -6.6852  0.00000
     5     -1.8766  0.00000
     6     27.1188  0.00000
     7     37.3680  0.00000
     8     50.7177  0.00000

 KPT          140  SPIN            1  KWEIGHT    3.3222591362126247E-003
     1    -17.2904  0.00000
     2    -15.8061  0.00000
     3    -10.7186  0.00000
     4     -6.6655  0.00000
     5     -1.9028  0.00000
     6     27.2409  0.00000
     7     37.3411  0.00000
     8     50.7594  0.00000

 KPT          141  SPIN            1  KWEIGHT    3.3222591362126247E-003
     1    -17.2763  0.00000
     2    -15.7965  0.00000
     3    -10.7662  0.00000
     4     -6.6452  0.00000
     5     -1.9297  0.00000
     6     27.3649  0.00000
     7     37.3136  0.00000
     8     50.8017  0.00000

 KPT          142  SPIN            1  KWEIGHT    3.3222591362126247E-003
     1    -17.2619  0.00000
     2    -15.7868  0.00000
     3    -10.8144  0.00000
     4     -6.6245  0.00000
     5     -1.9571  0.00000
     6     27.4907  0.00000
     7     37.2855  0.00000
     8     50.8446  0.00000

 KPT          143  SPIN            1  KWEIGHT    3.3222591362126247E-003
     1    -17.2471  0.00000
     2    -15.7769  0.00000
     3    -10.8632  0.00000
     4     -6.6032  0.00000
     5     -1.9852  0.00000
     6     27.6182  0.00000
     7     37.2568  0.00000
     8     50.8880  0.00000

 KPT          144  SPIN            1  KWEIGHT    3.3222591362126247E-003
     1    -17.2320  0.00000
     2    -15.7669  0.00000
     3    -10.9126  0.00000
     4     -6.5813  0.00000
     5     -2.0139  0.00000
     6     27.7474  0.00000
     7     37.2275  0.00000
     8     50.9318  0.00000

 KPT          145  SPIN            1  KWEIGHT    3.3222591362126247E-003
     1    -17.2165  0.00000
     2    -15.7568  0.00000
     3    -10.9626  0.00000
     4     -6.5590  0.00000
     5     -2.0432  0.00000
     6     27.8781  0.00000
     7     37.1976  0.00000
     8     50.9761  0.00000

 KPT          146  SPIN            1  KWEIGHT    3.3222591362126247E-003
     1    -17.2006  0.00000
     2    -15.7465  0.00000
     3    -11.0130  0.00000
     4     -6.5361  0.00000
     5     -2.0731  0.00000
     6     28.0103  0.00000
     7     37.1671  0.00000
     8     51.0208  0.00000

 KPT          147  SPIN            1  KWEIGHT    3.3222591362126247E-003
     1    -17.1845  0.00000
     2    -15.7362  0.00000
     3    -11.0640  0.00000
     4     -6.5128  0.00000
     5     -2.1036  0.00000
     6     28.1438  0.00000
     7     37.1360  0.00000
     8     51.0658  0.00000

 KPT          148  SPIN            1  KWEIGHT    3.3222591362126247E-003
     1    -17.1679  0.00000
     2    -15.7257  0.00000
     3    -11.1153  0.00000
     4     -6.4888  0.00000
     5     -2.1346  0.00000
     6     28.2786  0.00000
     7     37.1044  0.00000
     8     51.1112  0.00000

 KPT          149  SPIN            1  KWEIGHT    3.3222591362126247E-003
     1    -17.1511  0.00000
     2    -15.7152  0.00000
     3    -11.1671  0.00000
     4     -6.4644  0.00000
     5     -2.1663  0.00000
     6     28.4146  0.00000
     7     37.0722  0.00000
     8     51.1568  0.00000

 KPT          150  SPIN            1  KWEIGHT    3.3222591362126247E-003
     1    -17.1338  0.00000
     2    -15.7045  0.00000
     3    -11.2193  0.00000
     4     -6.4394  0.00000
     5     -2.1985  0.00000
     6     28.5516  0.00000
     7     37.0394  0.00000
     8     51.2027  0.00000

 KPT          151  SPIN            1  KWEIGHT    3.3222591362126247E-003
     1    -17.1163  0.00000
     2    -15.6938  0.00000
     3    -11.2717  0.00000
     4     -6.4140  0.00000
     5     -2.2313  0.00000
     6     28.6896  0.00000
     7     37.0060  0.00000
     8     51.2488  0.00000

 KPT          152  SPIN            1  KWEIGHT    3.3222591362126247E-003
     1    -17.0984  0.00000
     2    -15.6831  0.00000
     3    -11.3245  0.00000
     4     -6.3879  0.00000
     5     -2.2646  0.00000
     6     28.8285  0.00000
     7     36.9721  0.00000
     8     51.2951  0.00000

 KPT          153  SPIN            1  KWEIGHT    3.3222591362126247E-003
     1    -17.0801  0.00000
     2    -15.6723  0.00000
     3    -11.3775  0.00000
     4     -6.3614  0.00000
     5     -2.2986  0.00000
     6     28.9682  0.00000
     7     36.9376  0.00000
     8     51.3414  0.00000

 KPT          154  SPIN            1  KWEIGHT    3.3222591362126247E-003
     1    -17.0615  0.00000
     2    -15.6616  0.00000
     3    -11.4307  0.00000
     4     -6.3343  0.00000
     5     -2.3330  0.00000
     6     29.1085  0.00000
     7     36.9026  0.00000
     8     51.3879  0.00000

 KPT          155  SPIN            1  KWEIGHT    3.3222591362126247E-003
     1    -17.0426  0.00000
     2    -15.6508  0.00000
     3    -11.4841  0.00000
     4     -6.3067  0.00000
     5     -2.3680  0.00000
     6     29.2495  0.00000
     7     36.8669  0.00000
     8     51.4344  0.00000

 KPT          156  SPIN            1  KWEIGHT    3.3222591362126247E-003
     1    -17.0233  0.00000
     2    -15.6400  0.00000
     3    -11.5376  0.00000
     4     -6.2786  0.00000
     5     -2.4036  0.00000
     6     29.3909  0.00000
     7     36.8308  0.00000
     8     51.4809  0.00000

 KPT          157  SPIN            1  KWEIGHT    3.3222591362126247E-003
     1    -17.0037  0.00000
     2    -15.6293  0.00000
     3    -11.5912  0.00000
     4     -6.2500  0.00000
     5     -2.4397  0.00000
     6     29.5327  0.00000
     7     36.7941  0.00000
     8     51.5273  0.00000

 KPT          158  SPIN            1  KWEIGHT    3.3222591362126247E-003
     1    -16.9838  0.00000
     2    -15.6187  0.00000
     3    -11.6448  0.00000
     4     -6.2208  0.00000
     5     -2.4763  0.00000
     6     29.6748  0.00000
     7     36.7568  0.00000
     8     51.5736  0.00000

 KPT          159  SPIN            1  KWEIGHT    3.3222591362126247E-003
     1    -16.9635  0.00000
     2    -15.6081  0.00000
     3    -11.6985  0.00000
     4     -6.1911  0.00000
     5     -2.5135  0.00000
     6     29.8170  0.00000
     7     36.7190  0.00000
     8     51.6199  0.00000

 KPT          160  SPIN            1  KWEIGHT    3.3222591362126247E-003
     1    -16.9429  0.00000
     2    -15.5977  0.00000
     3    -11.7521  0.00000
     4     -6.1608  0.00000
     5     -2.5511  0.00000
     6     29.9594  0.00000
     7     36.6807  0.00000
     8     51.6659  0.00000

 KPT          161  SPIN            1  KWEIGHT    3.3222591362126247E-003
     1    -16.9219  0.00000
     2    -15.5874  0.00000
     3    -11.8056  0.00000
     4     -6.1300  0.00000
     5     -2.5893  0.00000
     6     30.1017  0.00000
     7     36.6418  0.00000
     8     51.7117  0.00000

 KPT          162  SPIN            1  KWEIGHT    3.3222591362126247E-003
     1    -16.9006  0.00000
     2    -15.5773  0.00000
     3    -11.8590  0.00000
     4     -6.0987  0.00000
     5     -2.6280  0.00000
     6     30.2439  0.00000
     7     36.6023  0.00000
     8     51.7573  0.00000

 KPT          163  SPIN            1  KWEIGHT    3.3222591362126247E-003
     1    -16.8790  0.00000
     2    -15.5673  0.00000
     3    -11.9122  0.00000
     4     -6.0669  0.00000
     5     -2.6671  0.00000
     6     30.3859  0.00000
     7     36.5623  0.00000
     8     51.8025  0.00000

 KPT          164  SPIN            1  KWEIGHT    3.3222591362126247E-003
     1    -16.8570  0.00000
     2    -15.5576  0.00000
     3    -11.9651  0.00000
     4     -6.0345  0.00000
     5     -2.7068  0.00000
     6     30.5275  0.00000
     7     36.5218  0.00000
     8     51.8474  0.00000

 KPT          165  SPIN            1  KWEIGHT    3.3222591362126247E-003
     1    -16.8347  0.00000
     2    -15.5482  0.00000
     3    -12.0178  0.00000
     4     -6.0016  0.00000
     5     -2.7470  0.00000
     6     30.6687  0.00000
     7     36.4808  0.00000
     8     51.8919  0.00000

 KPT          166  SPIN            1  KWEIGHT    3.3222591362126247E-003
     1    -16.8121  0.00000
     2    -15.5390  0.00000
     3    -12.0701  0.00000
     4     -5.9681  0.00000
     5     -2.7876  0.00000
     6     30.8094  0.00000
     7     36.4392  0.00000
     8     51.9360  0.00000

 KPT          167  SPIN            1  KWEIGHT    3.3222591362126247E-003
     1    -16.7891  0.00000
     2    -15.5302  0.00000
     3    -12.1221  0.00000
     4     -5.9341  0.00000
     5     -2.8287  0.00000
     6     30.9494  0.00000
     7     36.3971  0.00000
     8     51.9795  0.00000

 KPT          168  SPIN            1  KWEIGHT    3.3222591362126247E-003
     1    -16.7658  0.00000
     2    -15.5218  0.00000
     3    -12.1735  0.00000
     4     -5.8996  0.00000
     5     -2.8703  0.00000
     6     31.0887  0.00000
     7     36.3544  0.00000
     8     52.0226  0.00000

 KPT          169  SPIN            1  KWEIGHT    3.3222591362126247E-003
     1    -16.7422  0.00000
     2    -15.5138  0.00000
     3    -12.2245  0.00000
     4     -5.8646  0.00000
     5     -2.9123  0.00000
     6     31.2272  0.00000
     7     36.3112  0.00000
     8     52.0651  0.00000

 KPT          170  SPIN            1  KWEIGHT    3.3222591362126247E-003
     1    -16.7183  0.00000
     2    -15.5062  0.00000
     3    -12.2749  0.00000
     4     -5.8290  0.00000
     5     -2.9548  0.00000
     6     31.3647  0.00000
     7     36.2675  0.00000
     8     52.1069  0.00000

 KPT          171  SPIN            1  KWEIGHT    3.3222591362126247E-003
     1    -16.6940  0.00000
     2    -15.4992  0.00000
     3    -12.3247  0.00000
     4     -5.7928  0.00000
     5     -2.9977  0.00000
     6     31.5012  0.00000
     7     36.2232  0.00000
     8     52.1481  0.00000

 KPT          172  SPIN            1  KWEIGHT    3.3222591362126247E-003
     1    -16.6694  0.00000
     2    -15.4927  0.00000
     3    -12.3737  0.00000
     4     -5.7561  0.00000
     5     -3.0410  0.00000
     6     31.6365  0.00000
     7     36.1784  0.00000
     8     52.1886  0.00000

 KPT          173  SPIN            1  KWEIGHT    3.3222591362126247E-003
     1    -16.6445  0.00000
     2    -15.4869  0.00000
     3    -12.4220  0.00000
     4     -5.7189  0.00000
     5     -3.0848  0.00000
     6     31.7706  0.00000
     7     36.1331  0.00000
     8     52.2283  0.00000

 KPT          174  SPIN            1  KWEIGHT    3.3222591362126247E-003
     1    -16.6192  0.00000
     2    -15.4818  0.00000
     3    -12.4694  0.00000
     4     -5.6812  0.00000
     5     -3.1290  0.00000
     6     31.9034  0.00000
     7     36.0873  0.00000
     8     52.2672  0.00000

 KPT          175  SPIN            1  KWEIGHT    3.3222591362126247E-003
     1    -16.5936  0.00000
     2    -15.4773  0.00000
     3    -12.5160  0.00000
     4     -5.6428  0.00000
     5     -3.1737  0.00000
     6     32.0347  0.00000
     7     36.0409  0.00000
     8     52.3053  0.00000

 KPT          176  SPIN            1  KWEIGHT    3.3222591362126247E-003
     1    -16.5677  0.00000
     2    -15.4737  0.00000
     3    -12.5615  0.00000
     4     -5.6040  0.00000
     5     -3.2187  0.00000
     6     32.1644  0.00000
     7     35.9939  0.00000
     8     52.3424  0.00000

 KPT          177  SPIN            1  KWEIGHT    3.3222591362126247E-003
     1    -16.5415  0.00000
     2    -15.4710  0.00000
     3    -12.6059  0.00000
     4     -5.5646  0.00000
     5     -3.2641  0.00000
     6     32.2926  0.00000
     7     35.9465  0.00000
     8     52.3787  0.00000

 KPT          178  SPIN            1  KWEIGHT    3.3222591362126247E-003
     1    -16.5150  0.00000
     2    -15.4692  0.00000
     3    -12.6492  0.00000
     4     -5.5247  0.00000
     5     -3.3099  0.00000
     6     32.4190  0.00000
     7     35.8985  0.00000
     8     52.4139  0.00000

 KPT          179  SPIN            1  KWEIGHT    3.3222591362126247E-003
     1    -16.4881  0.00000
     2    -15.4684  0.00000
     3    -12.6913  0.00000
     4     -5.4842  0.00000
     5     -3.3561  0.00000
     6     32.5435  0.00000
     7     35.8500  0.00000
     8     52.4482  0.00000

 KPT          180  SPIN            1  KWEIGHT    3.3222591362126247E-003
     1    -16.4609  0.00000
     2    -15.4686  0.00000
     3    -12.7321  0.00000
     4     -5.4432  0.00000
     5     -3.4027  0.00000
     6     32.6662  0.00000
     7     35.8009  0.00000
     8     52.4813  0.00000

 KPT          181  SPIN            1  KWEIGHT    3.3222591362126247E-003
     1    -16.4334  0.00000
     2    -15.4700  0.00000
     3    -12.7715  0.00000
     4     -5.4016  0.00000
     5     -3.4497  0.00000
     6     32.7868  0.00000
     7     35.7513  0.00000
     8     52.5134  0.00000

 KPT          182  SPIN            1  KWEIGHT    3.3222591362126247E-003
     1    -16.4056  0.00000
     2    -15.4726  0.00000
     3    -12.8094  0.00000
     4     -5.3595  0.00000
     5     -3.4970  0.00000
     6     32.9053  0.00000
     7     35.7011  0.00000
     8     52.5443  0.00000

 KPT          183  SPIN            1  KWEIGHT    3.3222591362126247E-003
     1    -16.3774  0.00000
     2    -15.4765  0.00000
     3    -12.8457  0.00000
     4     -5.3168  0.00000
     5     -3.5447  0.00000
     6     33.0216  0.00000
     7     35.6505  0.00000
     8     52.5740  0.00000

 KPT          184  SPIN            1  KWEIGHT    3.3222591362126247E-003
     1    -16.3490  0.00000
     2    -15.4818  0.00000
     3    -12.8805  0.00000
     4     -5.2736  0.00000
     5     -3.5927  0.00000
     6     33.1357  0.00000
     7     35.5992  0.00000
     8     52.6024  0.00000

 KPT          185  SPIN            1  KWEIGHT    3.3222591362126247E-003
     1    -16.3202  0.00000
     2    -15.4884  0.00000
     3    -12.9135  0.00000
     4     -5.2299  0.00000
     5     -3.6411  0.00000
     6     33.2473  0.00000
     7     35.5475  0.00000
     8     52.6296  0.00000

 KPT          186  SPIN            1  KWEIGHT    3.3222591362126247E-003
     1    -16.2912  0.00000
     2    -15.4966  0.00000
     3    -12.9447  0.00000
     4     -5.1856  0.00000
     5     -3.6898  0.00000
     6     33.3565  0.00000
     7     35.4951  0.00000
     8     52.6554  0.00000

 KPT          187  SPIN            1  KWEIGHT    3.3222591362126247E-003
     1    -16.2618  0.00000
     2    -15.5062  0.00000
     3    -12.9741  0.00000
     4     -5.1407  0.00000
     5     -3.7388  0.00000
     6     33.4631  0.00000
     7     35.4423  0.00000
     8     52.6798  0.00000

 KPT          188  SPIN            1  KWEIGHT    3.3222591362126247E-003
     1    -16.2321  0.00000
     2    -15.5175  0.00000
     3    -13.0016  0.00000
     4     -5.0953  0.00000
     5     -3.7881  0.00000
     6     33.5671  0.00000
     7     35.3889  0.00000
     8     52.7028  0.00000

 KPT          189  SPIN            1  KWEIGHT    3.3222591362126247E-003
     1    -16.2020  0.00000
     2    -15.5304  0.00000
     3    -13.0272  0.00000
     4     -5.0494  0.00000
     5     -3.8378  0.00000
     6     33.6683  0.00000
     7     35.3349  0.00000
     8     52.7244  0.00000

 KPT          190  SPIN            1  KWEIGHT    3.3222591362126247E-003
     1    -16.1717  0.00000
     2    -15.5450  0.00000
     3    -13.0507  0.00000
     4     -5.0029  0.00000
     5     -3.8877  0.00000
     6     33.7668  0.00000
     7     35.2804  0.00000
     8     52.7444  0.00000

 KPT          191  SPIN            1  KWEIGHT    3.3222591362126247E-003
     1    -16.1411  0.00000
     2    -15.5612  0.00000
     3    -13.0722  0.00000
     4     -4.9558  0.00000
     5     -3.9380  0.00000
     6     33.8623  0.00000
     7     35.2253  0.00000
     8     52.7630  0.00000

 KPT          192  SPIN            1  KWEIGHT    3.3222591362126247E-003
     1    -16.1102  0.00000
     2    -15.5793  0.00000
     3    -13.0916  0.00000
     4     -4.9082  0.00000
     5     -3.9885  0.00000
     6     33.9549  0.00000
     7     35.1697  0.00000
     8     52.7799  0.00000

 KPT          193  SPIN            1  KWEIGHT    3.3222591362126247E-003
     1    -16.0789  0.00000
     2    -15.5990  0.00000
     3    -13.1089  0.00000
     4     -4.8601  0.00000
     5     -4.0393  0.00000
     6     34.0445  0.00000
     7     35.1135  0.00000
     8     52.7952  0.00000

 KPT          194  SPIN            1  KWEIGHT    3.3222591362126247E-003
     1    -16.0474  0.00000
     2    -15.6205  0.00000
     3    -13.1241  0.00000
     4     -4.8113  0.00000
     5     -4.0904  0.00000
     6     34.1310  0.00000
     7     35.0568  0.00000
     8     52.8089  0.00000

 KPT          195  SPIN            1  KWEIGHT    3.3222591362126247E-003
     1    -16.0155  0.00000
     2    -15.6437  0.00000
     3    -13.1372  0.00000
     4     -4.7621  0.00000
     5     -4.1418  0.00000
     6     34.2143  0.00000
     7     34.9995  0.00000
     8     52.8208  0.00000

 KPT          196  SPIN            1  KWEIGHT    3.3222591362126247E-003
     1    -15.9834  0.00000
     2    -15.6687  0.00000
     3    -13.1482  0.00000
     4     -4.7123  0.00000
     5     -4.1934  0.00000
     6     34.2943  0.00000
     7     34.9416  0.00000
     8     52.8310  0.00000

 KPT          197  SPIN            1  KWEIGHT    3.3222591362126247E-003
     1    -15.9509  0.00000
     2    -15.6953  0.00000
     3    -13.1571  0.00000
     4     -4.6619  0.00000
     5     -4.2452  0.00000
     6     34.3711  0.00000
     7     34.8832  0.00000
     8     52.8394  0.00000

 KPT          198  SPIN            1  KWEIGHT    3.3222591362126247E-003
     1    -15.9182  0.00000
     2    -15.7236  0.00000
     3    -13.1640  0.00000
     4     -4.6110  0.00000
     5     -4.2973  0.00000
     6     34.4444  0.00000
     7     34.8241  0.00000
     8     52.8461  0.00000

 KPT          199  SPIN            1  KWEIGHT    3.3222591362126247E-003
     1    -15.8851  0.00000
     2    -15.7536  0.00000
     3    -13.1688  0.00000
     4     -4.5595  0.00000
     5     -4.3496  0.00000
     6     34.5143  0.00000
     7     34.7645  0.00000
     8     52.8508  0.00000

 KPT          200  SPIN            1  KWEIGHT    3.3222591362126247E-003
     1    -15.8518  0.00000
     2    -15.7851  0.00000
     3    -13.1717  0.00000
     4     -4.5075  0.00000
     5     -4.4021  0.00000
     6     34.5807  0.00000
     7     34.7044  0.00000
     8     52.8537  0.00000

 KPT          201  SPIN            1  KWEIGHT    3.3222591362126247E-003
     1    -15.8181  0.00000
     2    -15.8181  0.00000
     3    -13.1726  0.00000
     4     -4.4549  0.00000
     5     -4.4549  0.00000
     6     34.6436  0.00000
     7     34.6436  0.00000
     8     52.8547  0.00000

 KPT          202  SPIN            1  KWEIGHT    3.3222591362126247E-003
     1    -15.8886  0.00000
     2    -15.7500  0.00000
     3    -13.1689  0.00000
     4     -4.5610  0.00000
     5     -4.3481  0.00000
     6     34.5203  0.00000
     7     34.7584  0.00000
     8     52.8507  0.00000

 KPT          203  SPIN            1  KWEIGHT    3.3222591362126247E-003
     1    -15.9644  0.00000
     2    -15.6806  0.00000
     3    -13.1583  0.00000
     4     -4.6679  0.00000
     5     -4.2390  0.00000
     6     34.3946  0.00000
     7     34.8584  0.00000
     8     52.8387  0.00000

 KPT          204  SPIN            1  KWEIGHT    3.3222591362126247E-003
     1    -16.0450  0.00000
     2    -15.6101  0.00000
     3    -13.1410  0.00000
     4     -4.7755  0.00000
     5     -4.1278  0.00000
     6     34.2666  0.00000
     7     34.9431  0.00000
     8     52.8184  0.00000

 KPT          205  SPIN            1  KWEIGHT    3.3222591362126247E-003
     1    -16.1299  0.00000
     2    -15.5385  0.00000
     3    -13.1178  0.00000
     4     -4.8837  0.00000
     5     -4.0143  0.00000
     6     34.1361  0.00000
     7     35.0123  0.00000
     8     52.7896  0.00000

 KPT          206  SPIN            1  KWEIGHT    3.3222591362126247E-003
     1    -16.2186  0.00000
     2    -15.4657  0.00000
     3    -13.0891  0.00000
     4     -4.9926  0.00000
     5     -3.8986  0.00000
     6     34.0031  0.00000
     7     35.0656  0.00000
     8     52.7521  0.00000

 KPT          207  SPIN            1  KWEIGHT    3.3222591362126247E-003
     1    -16.3106  0.00000
     2    -15.3917  0.00000
     3    -13.0553  0.00000
     4     -5.1019  0.00000
     5     -3.7807  0.00000
     6     33.8676  0.00000
     7     35.1029  0.00000
     8     52.7056  0.00000

 KPT          208  SPIN            1  KWEIGHT    3.3222591362126247E-003
     1    -16.4053  0.00000
     2    -15.3167  0.00000
     3    -13.0170  0.00000
     4     -5.2117  0.00000
     5     -3.6605  0.00000
     6     33.7295  0.00000
     7     35.1239  0.00000
     8     52.6501  0.00000

 KPT          209  SPIN            1  KWEIGHT    3.3222591362126247E-003
     1    -16.5025  0.00000
     2    -15.2405  0.00000
     3    -12.9745  0.00000
     4     -5.3219  0.00000
     5     -3.5382  0.00000
     6     33.5889  0.00000
     7     35.1286  0.00000
     8     52.5854  0.00000

 KPT          210  SPIN            1  KWEIGHT    3.3222591362126247E-003
     1    -16.6016  0.00000
     2    -15.1632  0.00000
     3    -12.9282  0.00000
     4     -5.4324  0.00000
     5     -3.4137  0.00000
     6     33.4456  0.00000
     7     35.1168  0.00000
     8     52.5113  0.00000

 KPT          211  SPIN            1  KWEIGHT    3.3222591362126247E-003
     1    -16.7023  0.00000
     2    -15.0849  0.00000
     3    -12.8784  0.00000
     4     -5.5433  0.00000
     5     -3.2869  0.00000
     6     33.2997  0.00000
     7     35.0884  0.00000
     8     52.4277  0.00000

 KPT          212  SPIN            1  KWEIGHT    3.3222591362126247E-003
     1    -16.8044  0.00000
     2    -15.0054  0.00000
     3    -12.8254  0.00000
     4     -5.6543  0.00000
     5     -3.1580  0.00000
     6     33.1510  0.00000
     7     35.0435  0.00000
     8     52.3346  0.00000

 KPT          213  SPIN            1  KWEIGHT    3.3222591362126247E-003
     1    -16.9075  0.00000
     2    -14.9249  0.00000
     3    -12.7696  0.00000
     4     -5.7655  0.00000
     5     -3.0269  0.00000
     6     32.9996  0.00000
     7     34.9822  0.00000
     8     52.2320  0.00000

 KPT          214  SPIN            1  KWEIGHT    3.3222591362126247E-003
     1    -17.0114  0.00000
     2    -14.8433  0.00000
     3    -12.7111  0.00000
     4     -5.8768  0.00000
     5     -2.8936  0.00000
     6     32.8454  0.00000
     7     34.9044  0.00000
     8     52.1197  0.00000

 KPT          215  SPIN            1  KWEIGHT    3.3222591362126247E-003
     1    -17.1160  0.00000
     2    -14.7606  0.00000
     3    -12.6502  0.00000
     4     -5.9881  0.00000
     5     -2.7582  0.00000
     6     32.6883  0.00000
     7     34.8104  0.00000
     8     51.9978  0.00000

 KPT          216  SPIN            1  KWEIGHT    3.3222591362126247E-003
     1    -17.2209  0.00000
     2    -14.6769  0.00000
     3    -12.5870  0.00000
     4     -6.0994  0.00000
     5     -2.6206  0.00000
     6     32.5283  0.00000
     7     34.7003  0.00000
     8     51.8664  0.00000

 KPT          217  SPIN            1  KWEIGHT    3.3222591362126247E-003
     1    -17.3261  0.00000
     2    -14.5922  0.00000
     3    -12.5217  0.00000
     4     -6.2107  0.00000
     5     -2.4808  0.00000
     6     32.3653  0.00000
     7     34.5743  0.00000
     8     51.7254  0.00000

 KPT          218  SPIN            1  KWEIGHT    3.3222591362126247E-003
     1    -17.4314  0.00000
     2    -14.5065  0.00000
     3    -12.4545  0.00000
     4     -6.3218  0.00000
     5     -2.3389  0.00000
     6     32.1993  0.00000
     7     34.4328  0.00000
     8     51.5749  0.00000

 KPT          219  SPIN            1  KWEIGHT    3.3222591362126247E-003
     1    -17.5366  0.00000
     2    -14.4197  0.00000
     3    -12.3855  0.00000
     4     -6.4328  0.00000
     5     -2.1950  0.00000
     6     32.0302  0.00000
     7     34.2759  0.00000
     8     51.4150  0.00000

 KPT          220  SPIN            1  KWEIGHT    3.3222591362126247E-003
     1    -17.6416  0.00000
     2    -14.3319  0.00000
     3    -12.3147  0.00000
     4     -6.5435  0.00000
     5     -2.0489  0.00000
     6     31.8580  0.00000
     7     34.1041  0.00000
     8     51.2459  0.00000

 KPT          221  SPIN            1  KWEIGHT    3.3222591362126247E-003
     1    -17.7464  0.00000
     2    -14.2432  0.00000
     3    -12.2425  0.00000
     4     -6.6540  0.00000
     5     -1.9008  0.00000
     6     31.6825  0.00000
     7     33.9177  0.00000
     8     51.0678  0.00000

 KPT          222  SPIN            1  KWEIGHT    3.3222591362126247E-003
     1    -17.8509  0.00000
     2    -14.1534  0.00000
     3    -12.1687  0.00000
     4     -6.7641  0.00000
     5     -1.7506  0.00000
     6     31.5038  0.00000
     7     33.7171  0.00000
     8     50.8807  0.00000

 KPT          223  SPIN            1  KWEIGHT    3.3222591362126247E-003
     1    -17.9548  0.00000
     2    -14.0627  0.00000
     3    -12.0936  0.00000
     4     -6.8738  0.00000
     5     -1.5984  0.00000
     6     31.3218  0.00000
     7     33.5028  0.00000
     8     50.6849  0.00000

 KPT          224  SPIN            1  KWEIGHT    3.3222591362126247E-003
     1    -18.0583  0.00000
     2    -13.9710  0.00000
     3    -12.0172  0.00000
     4     -6.9832  0.00000
     5     -1.4441  0.00000
     6     31.1363  0.00000
     7     33.2751  0.00000
     8     50.4807  0.00000

 KPT          225  SPIN            1  KWEIGHT    3.3222591362126247E-003
     1    -18.1611  0.00000
     2    -13.8784  0.00000
     3    -11.9397  0.00000
     4     -7.0920  0.00000
     5     -1.2879  0.00000
     6     30.9474  0.00000
     7     33.0347  0.00000
     8     50.2683  0.00000

 KPT          226  SPIN            1  KWEIGHT    3.3222591362126247E-003
     1    -18.2633  0.00000
     2    -13.7848  0.00000
     3    -11.8609  0.00000
     4     -7.2003  0.00000
     5     -1.1298  0.00000
     6     30.7550  0.00000
     7     32.7819  0.00000
     8     50.0479  0.00000

 KPT          227  SPIN            1  KWEIGHT    3.3222591362126247E-003
     1    -18.3648  0.00000
     2    -13.6903  0.00000
     3    -11.7812  0.00000
     4     -7.3080  0.00000
     5     -0.9698  0.00000
     6     30.5590  0.00000
     7     32.5174  0.00000
     8     49.8200  0.00000

 KPT          228  SPIN            1  KWEIGHT    3.3222591362126247E-003
     1    -18.4656  0.00000
     2    -13.5949  0.00000
     3    -11.7004  0.00000
     4     -7.4152  0.00000
     5     -0.8078  0.00000
     6     30.3593  0.00000
     7     32.2417  0.00000
     8     49.5848  0.00000

 KPT          229  SPIN            1  KWEIGHT    3.3222591362126247E-003
     1    -18.5655  0.00000
     2    -13.4986  0.00000
     3    -11.6187  0.00000
     4     -7.5216  0.00000
     5     -0.6441  0.00000
     6     30.1559  0.00000
     7     31.9552  0.00000
     8     49.3426  0.00000

 KPT          230  SPIN            1  KWEIGHT    3.3222591362126247E-003
     1    -18.6645  0.00000
     2    -13.4014  0.00000
     3    -11.5362  0.00000
     4     -7.6274  0.00000
     5     -0.4785  0.00000
     6     29.9487  0.00000
     7     31.6587  0.00000
     8     49.0940  0.00000

 KPT          231  SPIN            1  KWEIGHT    3.3222591362126247E-003
     1    -18.7627  0.00000
     2    -13.3033  0.00000
     3    -11.4528  0.00000
     4     -7.7324  0.00000
     5     -0.3112  0.00000
     6     29.7376  0.00000
     7     31.3527  0.00000
     8     48.8392  0.00000

 KPT          232  SPIN            1  KWEIGHT    3.3222591362126247E-003
     1    -18.8599  0.00000
     2    -13.2043  0.00000
     3    -11.3687  0.00000
     4     -7.8367  0.00000
     5     -0.1421  0.00000
     6     29.5227  0.00000
     7     31.0378  0.00000
     8     48.5786  0.00000

 KPT          233  SPIN            1  KWEIGHT    3.3222591362126247E-003
     1    -18.9561  0.00000
     2    -13.1044  0.00000
     3    -11.2838  0.00000
     4     -7.9401  0.00000
     5      0.0286  0.00000
     6     29.3038  0.00000
     7     30.7146  0.00000
     8     48.3128  0.00000

 KPT          234  SPIN            1  KWEIGHT    3.3222591362126247E-003
     1    -19.0514  0.00000
     2    -13.0037  0.00000
     3    -11.1984  0.00000
     4     -8.0427  0.00000
     5      0.2009  0.00000
     6     29.0808  0.00000
     7     30.3837  0.00000
     8     48.0421  0.00000

 KPT          235  SPIN            1  KWEIGHT    3.3222591362126247E-003
     1    -19.1456  0.00000
     2    -12.9022  0.00000
     3    -11.1123  0.00000
     4     -8.1443  0.00000
     5      0.3748  0.00000
     6     28.8538  0.00000
     7     30.0456  0.00000
     8     47.7670  0.00000

 KPT          236  SPIN            1  KWEIGHT    3.3222591362126247E-003
     1    -19.2388  0.00000
     2    -12.7998  0.00000
     3    -11.0256  0.00000
     4     -8.2450  0.00000
     5      0.5501  0.00000
     6     28.6226  0.00000
     7     29.7011  0.00000
     8     47.4880  0.00000

 KPT          237  SPIN            1  KWEIGHT    3.3222591362126247E-003
     1    -19.3309  0.00000
     2    -12.6967  0.00000
     3    -10.9385  0.00000
     4     -8.3448  0.00000
     5      0.7269  0.00000
     6     28.3874  0.00000
     7     29.3507  0.00000
     8     47.2055  0.00000

 KPT          238  SPIN            1  KWEIGHT    3.3222591362126247E-003
     1    -19.4219  0.00000
     2    -12.5927  0.00000
     3    -10.8509  0.00000
     4     -8.4435  0.00000
     5      0.9051  0.00000
     6     28.1479  0.00000
     7     28.9950  0.00000
     8     46.9201  0.00000

 KPT          239  SPIN            1  KWEIGHT    3.3222591362126247E-003
     1    -19.5117  0.00000
     2    -12.4880  0.00000
     3    -10.7629  0.00000
     4     -8.5413  0.00000
     5      1.0846  0.00000
     6     27.9042  0.00000
     7     28.6345  0.00000
     8     46.6322  0.00000

 KPT          240  SPIN            1  KWEIGHT    3.3222591362126247E-003
     1    -19.6004  0.00000
     2    -12.3825  0.00000
     3    -10.6746  0.00000
     4     -8.6379  0.00000
     5      1.2654  0.00000
     6     27.6563  0.00000
     7     28.2700  0.00000
     8     46.3423  0.00000

 KPT          241  SPIN            1  KWEIGHT    3.3222591362126247E-003
     1    -19.6880  0.00000
     2    -12.2762  0.00000
     3    -10.5859  0.00000
     4     -8.7335  0.00000
     5      1.4473  0.00000
     6     27.4042  0.00000
     7     27.9019  0.00000
     8     46.0509  0.00000

 KPT          242  SPIN            1  KWEIGHT    3.3222591362126247E-003
     1    -19.7743  0.00000
     2    -12.1692  0.00000
     3    -10.4970  0.00000
     4     -8.8279  0.00000
     5      1.6303  0.00000
     6     27.1478  0.00000
     7     27.5308  0.00000
     8     45.7585  0.00000

 KPT          243  SPIN            1  KWEIGHT    3.3222591362126247E-003
     1    -19.8595  0.00000
     2    -12.0615  0.00000
     3    -10.4078  0.00000
     4     -8.9211  0.00000
     5      1.8142  0.00000
     6     26.8873  0.00000
     7     27.1573  0.00000
     8     45.4657  0.00000

 KPT          244  SPIN            1  KWEIGHT    3.3222591362126247E-003
     1    -19.9434  0.00000
     2    -11.9531  0.00000
     3    -10.3185  0.00000
     4     -9.0132  0.00000
     5      1.9991  0.00000
     6     26.6227  0.00000
     7     26.7819  0.00000
     8     45.1727  0.00000

 KPT          245  SPIN            1  KWEIGHT    3.3222591362126247E-003
     1    -20.0261  0.00000
     2    -11.8441  0.00000
     3    -10.2290  0.00000
     4     -9.1041  0.00000
     5      2.1848  0.00000
     6     26.3539  0.00000
     7     26.4052  0.00000
     8     44.8802  0.00000

 KPT          246  SPIN            1  KWEIGHT    3.3222591362126247E-003
     1    -20.1076  0.00000
     2    -11.7343  0.00000
     3    -10.1395  0.00000
     4     -9.1937  0.00000
     5      2.3713  0.00000
     6     26.0276  0.00000
     7     26.0811  0.00000
     8     44.5887  0.00000

 KPT          247  SPIN            1  KWEIGHT    3.3222591362126247E-003
     1    -20.1878  0.00000
     2    -11.6240  0.00000
     3    -10.0499  0.00000
     4     -9.2820  0.00000
     5      2.5584  0.00000
     6     25.6497  0.00000
     7     25.8044  0.00000
     8     44.2984  0.00000

 KPT          248  SPIN            1  KWEIGHT    3.3222591362126247E-003
     1    -20.2667  0.00000
     2    -11.5130  0.00000
     3     -9.9603  0.00000
     4     -9.3691  0.00000
     5      2.7459  0.00000
     6     25.2719  0.00000
     7     25.5238  0.00000
     8     44.0099  0.00000

 KPT          249  SPIN            1  KWEIGHT    3.3222591362126247E-003
     1    -20.3443  0.00000
     2    -11.4014  0.00000
     3     -9.8708  0.00000
     4     -9.4549  0.00000
     5      2.9340  0.00000
     6     24.8948  0.00000
     7     25.2395  0.00000
     8     43.7237  0.00000

 KPT          250  SPIN            1  KWEIGHT    3.3222591362126247E-003
     1    -20.4206  0.00000
     2    -11.2893  0.00000
     3     -9.7814  0.00000
     4     -9.5393  0.00000
     5      3.1223  0.00000
     6     24.5187  0.00000
     7     24.9516  0.00000
     8     43.4400  0.00000

 KPT          251  SPIN            1  KWEIGHT    3.3222591362126247E-003
     1    -20.4956  0.00000
     2    -11.1767  0.00000
     3     -9.6922  0.00000
     4     -9.6223  0.00000
     5      3.3108  0.00000
     6     24.1442  0.00000
     7     24.6602  0.00000
     8     43.1592  0.00000

 KPT          252  SPIN            1  KWEIGHT    3.3222591362126247E-003
     1    -20.5693  0.00000
     2    -11.0636  0.00000
     3     -9.7040  0.00000
     4     -9.6032  0.00000
     5      3.4994  0.00000
     6     23.7716  0.00000
     7     24.3657  0.00000
     8     42.8818  0.00000

 KPT          253  SPIN            1  KWEIGHT    3.3222591362126247E-003
     1    -20.6417  0.00000
     2    -10.9500  0.00000
     3     -9.7843  0.00000
     4     -9.5144  0.00000
     5      3.6879  0.00000
     6     23.4013  0.00000
     7     24.0681  0.00000
     8     42.6081  0.00000

 KPT          254  SPIN            1  KWEIGHT    3.3222591362126247E-003
     1    -20.7127  0.00000
     2    -10.8360  0.00000
     3     -9.8632  0.00000
     4     -9.4259  0.00000
     5      3.8762  0.00000
     6     23.0338  0.00000
     7     23.7676  0.00000
     8     42.3383  0.00000

 KPT          255  SPIN            1  KWEIGHT    3.3222591362126247E-003
     1    -20.7823  0.00000
     2    -10.7216  0.00000
     3     -9.9406  0.00000
     4     -9.3378  0.00000
     5      4.0642  0.00000
     6     22.6694  0.00000
     7     23.4646  0.00000
     8     42.0728  0.00000

 KPT          256  SPIN            1  KWEIGHT    3.3222591362126247E-003
     1    -20.8506  0.00000
     2    -10.6068  0.00000
     3    -10.0166  0.00000
     4     -9.2501  0.00000
     5      4.2518  0.00000
     6     22.3085  0.00000
     7     23.1592  0.00000
     8     41.8118  0.00000

 KPT          257  SPIN            1  KWEIGHT    3.3222591362126247E-003
     1    -20.9174  0.00000
     2    -10.4918  0.00000
     3    -10.0911  0.00000
     4     -9.1629  0.00000
     5      4.4388  0.00000
     6     21.9514  0.00000
     7     22.8518  0.00000
     8     41.5555  0.00000

 KPT          258  SPIN            1  KWEIGHT    3.3222591362126247E-003
     1    -20.9829  0.00000
     2    -10.3765  0.00000
     3    -10.1641  0.00000
     4     -9.0762  0.00000
     5      4.6250  0.00000
     6     21.5984  0.00000
     7     22.5426  0.00000
     8     41.3043  0.00000

 KPT          259  SPIN            1  KWEIGHT    3.3222591362126247E-003
     1    -21.0470  0.00000
     2    -10.2610  0.00000
     3    -10.2356  0.00000
     4     -8.9900  0.00000
     5      4.8104  0.00000
     6     21.2499  0.00000
     7     22.2320  0.00000
     8     41.0583  0.00000

 KPT          260  SPIN            1  KWEIGHT    3.3222591362126247E-003
     1    -21.1097  0.00000
     2    -10.3056  0.00000
     3    -10.1454  0.00000
     4     -8.9045  0.00000
     5      4.9947  0.00000
     6     20.9062  0.00000
     7     21.9203  0.00000
     8     40.8176  0.00000

 KPT          261  SPIN            1  KWEIGHT    3.3222591362126247E-003
     1    -21.1710  0.00000
     2    -10.3741  0.00000
     3    -10.0296  0.00000
     4     -8.8197  0.00000
     5      5.1778  0.00000
     6     20.5675  0.00000
     7     21.6078  0.00000
     8     40.5824  0.00000

 KPT          262  SPIN            1  KWEIGHT    3.3222591362126247E-003
     1    -21.2309  0.00000
     2    -10.4410  0.00000
     3     -9.9139  0.00000
     4     -8.7357  0.00000
     5      5.3596  0.00000
     6     20.2342  0.00000
     7     21.2949  0.00000
     8     40.3529  0.00000

 KPT          263  SPIN            1  KWEIGHT    3.3222591362126247E-003
     1    -21.2893  0.00000
     2    -10.5064  0.00000
     3     -9.7982  0.00000
     4     -8.6524  0.00000
     5      5.5399  0.00000
     6     19.9065  0.00000
     7     20.9820  0.00000
     8     40.1292  0.00000

 KPT          264  SPIN            1  KWEIGHT    3.3222591362126247E-003
     1    -21.3464  0.00000
     2    -10.5701  0.00000
     3     -9.6827  0.00000
     4     -8.5700  0.00000
     5      5.7184  0.00000
     6     19.5845  0.00000
     7     20.6694  0.00000
     8     39.9114  0.00000

 KPT          265  SPIN            1  KWEIGHT    3.3222591362126247E-003
     1    -21.4019  0.00000
     2    -10.6324  0.00000
     3     -9.5673  0.00000
     4     -8.4886  0.00000
     5      5.8951  0.00000
     6     19.2687  0.00000
     7     20.3576  0.00000
     8     39.6995  0.00000

 KPT          266  SPIN            1  KWEIGHT    3.3222591362126247E-003
     1    -21.4560  0.00000
     2    -10.6930  0.00000
     3     -9.4522  0.00000
     4     -8.4082  0.00000
     5      6.0698  0.00000
     6     18.9592  0.00000
     7     20.0469  0.00000
     8     39.4936  0.00000

 KPT          267  SPIN            1  KWEIGHT    3.3222591362126247E-003
     1    -21.5087  0.00000
     2    -10.7520  0.00000
     3     -9.3376  0.00000
     4     -8.3288  0.00000
     5      6.2423  0.00000
     6     18.6562  0.00000
     7     19.7378  0.00000
     8     39.2938  0.00000

 KPT          268  SPIN            1  KWEIGHT    3.3222591362126247E-003
     1    -21.5599  0.00000
     2    -10.8094  0.00000
     3     -9.2234  0.00000
     4     -8.2506  0.00000
     5      6.4125  0.00000
     6     18.3599  0.00000
     7     19.4308  0.00000
     8     39.1002  0.00000

 KPT          269  SPIN            1  KWEIGHT    3.3222591362126247E-003
     1    -21.6097  0.00000
     2    -10.8652  0.00000
     3     -9.1098  0.00000
     4     -8.1735  0.00000
     5      6.5801  0.00000
     6     18.0705  0.00000
     7     19.1261  0.00000
     8     38.9126  0.00000

 KPT          270  SPIN            1  KWEIGHT    3.3222591362126247E-003
     1    -21.6579  0.00000
     2    -10.9193  0.00000
     3     -8.9969  0.00000
     4     -8.0978  0.00000
     5      6.7449  0.00000
     6     17.7882  0.00000
     7     18.8244  0.00000
     8     38.7312  0.00000

 KPT          271  SPIN            1  KWEIGHT    3.3222591362126247E-003
     1    -21.7047  0.00000
     2    -10.9718  0.00000
     3     -8.8848  0.00000
     4     -8.0233  0.00000
     5      6.9069  0.00000
     6     17.5132  0.00000
     7     18.5259  0.00000
     8     38.5560  0.00000

 KPT          272  SPIN            1  KWEIGHT    3.3222591362126247E-003
     1    -21.7500  0.00000
     2    -11.0226  0.00000
     3     -8.7736  0.00000
     4     -7.9503  0.00000
     5      7.0658  0.00000
     6     17.2456  0.00000
     7     18.2313  0.00000
     8     38.3869  0.00000

 KPT          273  SPIN            1  KWEIGHT    3.3222591362126247E-003
     1    -21.7938  0.00000
     2    -11.0718  0.00000
     3     -8.6636  0.00000
     4     -7.8788  0.00000
     5      7.2214  0.00000
     6     16.9856  0.00000
     7     17.9408  0.00000
     8     38.2239  0.00000

 KPT          274  SPIN            1  KWEIGHT    3.3222591362126247E-003
     1    -21.8361  0.00000
     2    -11.1193  0.00000
     3     -8.5547  0.00000
     4     -7.8088  0.00000
     5      7.3735  0.00000
     6     16.7334  0.00000
     7     17.6550  0.00000
     8     38.0671  0.00000

 KPT          275  SPIN            1  KWEIGHT    3.3222591362126247E-003
     1    -21.8770  0.00000
     2    -11.1652  0.00000
     3     -8.4473  0.00000
     4     -7.7405  0.00000
     5      7.5220  0.00000
     6     16.4891  0.00000
     7     17.3743  0.00000
     8     37.9164  0.00000

 KPT          276  SPIN            1  KWEIGHT    3.3222591362126247E-003
     1    -21.9163  0.00000
     2    -11.2094  0.00000
     3     -8.3414  0.00000
     4     -7.6739  0.00000
     5      7.6668  0.00000
     6     16.2528  0.00000
     7     17.0992  0.00000
     8     37.7718  0.00000

 KPT          277  SPIN            1  KWEIGHT    3.3222591362126247E-003
     1    -21.9541  0.00000
     2    -11.2518  0.00000
     3     -8.2372  0.00000
     4     -7.6090  0.00000
     5      7.8075  0.00000
     6     16.0247  0.00000
     7     16.8300  0.00000
     8     37.6332  0.00000

 KPT          278  SPIN            1  KWEIGHT    3.3222591362126247E-003
     1    -21.9904  0.00000
     2    -11.2926  0.00000
     3     -8.1348  0.00000
     4     -7.5461  0.00000
     5      7.9441  0.00000
     6     15.8049  0.00000
     7     16.5674  0.00000
     8     37.5006  0.00000

 KPT          279  SPIN            1  KWEIGHT    3.3222591362126247E-003
     1    -22.0252  0.00000
     2    -11.3317  0.00000
     3     -8.0346  0.00000
     4     -7.4850  0.00000
     5      8.0763  0.00000
     6     15.5935  0.00000
     7     16.3117  0.00000
     8     37.3741  0.00000

 KPT          280  SPIN            1  KWEIGHT    3.3222591362126247E-003
     1    -22.0584  0.00000
     2    -11.3691  0.00000
     3     -7.9366  0.00000
     4     -7.4260  0.00000
     5      8.2041  0.00000
     6     15.3907  0.00000
     7     16.0633  0.00000
     8     37.2534  0.00000

 KPT          281  SPIN            1  KWEIGHT    3.3222591362126247E-003
     1    -22.0902  0.00000
     2    -11.4048  0.00000
     3     -7.8410  0.00000
     4     -7.3691  0.00000
     5      8.3271  0.00000
     6     15.1965  0.00000
     7     15.8228  0.00000
     8     37.1387  0.00000

 KPT          282  SPIN            1  KWEIGHT    3.3222591362126247E-003
     1    -22.1204  0.00000
     2    -11.4387  0.00000
     3     -7.7481  0.00000
     4     -7.3144  0.00000
     5      8.4454  0.00000
     6     15.0111  0.00000
     7     15.5905  0.00000
     8     37.0299  0.00000

 KPT          283  SPIN            1  KWEIGHT    3.3222591362126247E-003
     1    -22.1491  0.00000
     2    -11.4710  0.00000
     3     -7.6581  0.00000
     4     -7.2619  0.00000
     5      8.5586  0.00000
     6     14.8345  0.00000
     7     15.3669  0.00000
     8     36.9269  0.00000

 KPT          284  SPIN            1  KWEIGHT    3.3222591362126247E-003
     1    -22.1762  0.00000
     2    -11.5015  0.00000
     3     -7.5712  0.00000
     4     -7.2117  0.00000
     5      8.6667  0.00000
     6     14.6669  0.00000
     7     15.1525  0.00000
     8     36.8297  0.00000

 KPT          285  SPIN            1  KWEIGHT    3.3222591362126247E-003
     1    -22.2018  0.00000
     2    -11.5303  0.00000
     3     -7.4877  0.00000
     4     -7.1639  0.00000
     5      8.7695  0.00000
     6     14.5083  0.00000
     7     14.9476  0.00000
     8     36.7382  0.00000

 KPT          286  SPIN            1  KWEIGHT    3.3222591362126247E-003
     1    -22.2259  0.00000
     2    -11.5574  0.00000
     3     -7.4077  0.00000
     4     -7.1186  0.00000
     5      8.8668  0.00000
     6     14.3589  0.00000
     7     14.7527  0.00000
     8     36.6525  0.00000

 KPT          287  SPIN            1  KWEIGHT    3.3222591362126247E-003
     1    -22.2484  0.00000
     2    -11.5827  0.00000
     3     -7.3314  0.00000
     4     -7.0759  0.00000
     5      8.9585  0.00000
     6     14.2187  0.00000
     7     14.5681  0.00000
     8     36.5725  0.00000

 KPT          288  SPIN            1  KWEIGHT    3.3222591362126247E-003
     1    -22.2694  0.00000
     2    -11.6063  0.00000
     3     -7.2592  0.00000
     4     -7.0357  0.00000
     5      9.0445  0.00000
     6     14.0878  0.00000
     7     14.3943  0.00000
     8     36.4982  0.00000

 KPT          289  SPIN            1  KWEIGHT    3.3222591362126247E-003
     1    -22.2889  0.00000
     2    -11.6282  0.00000
     3     -7.1912  0.00000
     4     -6.9982  0.00000
     5      9.1247  0.00000
     6     13.9663  0.00000
     7     14.2316  0.00000
     8     36.4295  0.00000

 KPT          290  SPIN            1  KWEIGHT    3.3222591362126247E-003
     1    -22.3068  0.00000
     2    -11.6483  0.00000
     3     -7.1277  0.00000
     4     -6.9635  0.00000
     5      9.1989  0.00000
     6     13.8543  0.00000
     7     14.0805  0.00000
     8     36.3664  0.00000

 KPT          291  SPIN            1  KWEIGHT    3.3222591362126247E-003
     1    -22.3231  0.00000
     2    -11.6667  0.00000
     3     -7.0688  0.00000
     4     -6.9316  0.00000
     5      9.2671  0.00000
     6     13.7518  0.00000
     7     13.9412  0.00000
     8     36.3088  0.00000

 KPT          292  SPIN            1  KWEIGHT    3.3222591362126247E-003
     1    -22.3379  0.00000
     2    -11.6833  0.00000
     3     -7.0148  0.00000
     4     -6.9025  0.00000
     5      9.3291  0.00000
     6     13.6588  0.00000
     7     13.8142  0.00000
     8     36.2569  0.00000

 KPT          293  SPIN            1  KWEIGHT    3.3222591362126247E-003
     1    -22.3511  0.00000
     2    -11.6982  0.00000
     3     -6.9660  0.00000
     4     -6.8764  0.00000
     5      9.3848  0.00000
     6     13.5755  0.00000
     7     13.6996  0.00000
     8     36.2104  0.00000

 KPT          294  SPIN            1  KWEIGHT    3.3222591362126247E-003
     1    -22.3628  0.00000
     2    -11.7114  0.00000
     3     -6.9224  0.00000
     4     -6.8532  0.00000
     5      9.4341  0.00000
     6     13.5018  0.00000
     7     13.5977  0.00000
     8     36.1695  0.00000

 KPT          295  SPIN            1  KWEIGHT    3.3222591362126247E-003
     1    -22.3730  0.00000
     2    -11.7228  0.00000
     3     -6.8842  0.00000
     4     -6.8330  0.00000
     5      9.4770  0.00000
     6     13.4379  0.00000
     7     13.5090  0.00000
     8     36.1341  0.00000

 KPT          296  SPIN            1  KWEIGHT    3.3222591362126247E-003
     1    -22.3815  0.00000
     2    -11.7324  0.00000
     3     -6.8516  0.00000
     4     -6.8158  0.00000
     5      9.5135  0.00000
     6     13.3837  0.00000
     7     13.4335  0.00000
     8     36.1041  0.00000

 KPT          297  SPIN            1  KWEIGHT    3.3222591362126247E-003
     1    -22.3886  0.00000
     2    -11.7403  0.00000
     3     -6.8248  0.00000
     4     -6.8018  0.00000
     5      9.5434  0.00000
     6     13.3394  0.00000
     7     13.3714  0.00000
     8     36.0796  0.00000

 KPT          298  SPIN            1  KWEIGHT    3.3222591362126247E-003
     1    -22.3940  0.00000
     2    -11.7465  0.00000
     3     -6.8038  0.00000
     4     -6.7908  0.00000
     5      9.5667  0.00000
     6     13.3049  0.00000
     7     13.3229  0.00000
     8     36.0606  0.00000

 KPT          299  SPIN            1  KWEIGHT    3.3222591362126247E-003
     1    -22.3979  0.00000
     2    -11.7508  0.00000
     3     -6.7887  0.00000
     4     -6.7829  0.00000
     5      9.5833  0.00000
     6     13.2802  0.00000
     7     13.2883  0.00000
     8     36.0470  0.00000

 KPT          300  SPIN            1  KWEIGHT    3.3222591362126247E-003
     1    -22.4002  0.00000
     2    -11.7535  0.00000
     3     -6.7797  0.00000
     4     -6.7782  0.00000
     5      9.5933  0.00000
     6     13.2654  0.00000
     7     13.2674  0.00000
     8     36.0388  0.00000

 KPT          301  SPIN            1  KWEIGHT    3.3222591362126247E-003
     1    -22.4010  0.00000
     2    -11.7543  0.00000
     3     -6.7766  0.00000
     4     -6.7766  0.00000
     5      9.5967  0.00000
     6     13.2604  0.00000
     7     13.2604  0.00000
     8     36.0361  0.00000

