 &plot nbnd=  17, nks=    64 /
            0.000000  0.000000  0.000000
  -66.823  -40.959  -40.753  -40.753  -20.008  -18.708  -11.526   -8.541   -8.541   -7.697
   -7.438   -7.438   -5.932   -3.181   -3.181   -2.936   -2.936
            0.023810  0.013746  0.000000
  -66.823  -40.959  -40.755  -40.754  -20.000  -18.705  -11.517   -8.561   -8.532   -7.778
   -7.453   -7.369   -5.936   -3.195   -3.166   -2.962   -2.946
            0.047619  0.027493  0.000000
  -66.822  -40.958  -40.762  -40.755  -19.975  -18.694  -11.487   -8.619   -8.506   -7.930
   -7.494   -7.253   -5.948   -3.234   -3.120   -3.036   -2.975
            0.071429  0.041239  0.000000
  -66.821  -40.956  -40.772  -40.758  -19.933  -18.677  -11.440   -8.711   -8.462   -8.101
   -7.560   -7.147   -5.969   -3.287   -3.146   -3.048   -3.022
            0.095238  0.054986  0.000000
  -66.820  -40.953  -40.786  -40.761  -19.876  -18.654  -11.376   -8.832   -8.402   -8.280
   -7.646   -7.064   -6.004   -3.339   -3.276   -3.083   -2.953
            0.119048  0.068732  0.000000
  -66.818  -40.950  -40.803  -40.765  -19.803  -18.624  -11.298   -8.974   -8.462   -8.327
   -7.749   -7.012   -6.055   -3.410   -3.377   -3.155   -2.843
            0.142857  0.082479  0.000000
  -66.816  -40.946  -40.824  -40.769  -19.717  -18.588  -11.209   -9.130   -8.648   -8.238
   -7.862   -6.994   -6.127   -3.534   -3.389   -3.235   -2.721
            0.166667  0.096225  0.000000
  -66.814  -40.941  -40.847  -40.775  -19.617  -18.547  -11.117   -9.291   -8.835   -8.137
   -7.983   -7.010   -6.220   -3.637   -3.366   -3.318   -2.594
            0.190476  0.109971  0.000000
  -66.811  -40.936  -40.872  -40.780  -19.506  -18.502  -11.028   -9.446   -9.022   -8.108
   -8.026   -7.056   -6.332   -3.711   -3.401   -3.309   -2.467
            0.214286  0.123718  0.000000
  -66.808  -40.931  -40.898  -40.787  -19.385  -18.452  -10.955   -9.585   -9.210   -8.232
   -7.907   -7.125   -6.458   -3.754   -3.480   -3.220   -2.343
            0.238095  0.137464  0.000000
  -66.806  -40.926  -40.925  -40.793  -19.256  -18.400  -10.912   -9.695   -9.397   -8.354
   -7.783   -7.208   -6.587   -3.767   -3.552   -3.106   -2.226
            0.261905  0.151211  0.000000
  -66.803  -40.953  -40.920  -40.799  -19.121  -18.345  -10.912   -9.767   -9.581   -8.470
   -7.658   -7.297   -6.707   -3.753   -3.615   -2.974   -2.118
            0.285714  0.164957  0.000000
  -66.800  -40.980  -40.914  -40.805  -18.984  -18.289  -10.960   -9.802   -9.760   -8.580
   -7.534   -7.387   -6.805   -3.718   -3.666   -2.833   -2.022
            0.309524  0.178704  0.000000
  -66.798  -41.006  -40.909  -40.811  -18.845  -18.234  -11.044   -9.932   -9.815   -8.682
   -7.471   -7.414   -6.870   -3.704   -3.666   -2.690   -1.936
            0.333333  0.192450  0.000000
  -66.795  -41.030  -40.904  -40.817  -18.710  -18.181  -11.151  -10.093   -9.823   -8.774
   -7.548   -7.303   -6.896   -3.729   -3.601   -2.553   -1.863
            0.357143  0.206197  0.000000
  -66.793  -41.053  -40.899  -40.822  -18.581  -18.130  -11.265  -10.242   -9.838   -8.856
   -7.615   -7.203   -6.881   -3.741   -3.528   -2.427   -1.801
            0.380952  0.219943  0.000000
  -66.791  -41.072  -40.895  -40.827  -18.462  -18.084  -11.377  -10.374   -9.863   -8.926
   -7.672   -7.116   -6.834   -3.743   -3.452   -2.318   -1.751
            0.404762  0.233689  0.000000
  -66.789  -41.089  -40.892  -40.831  -18.358  -18.044  -11.478  -10.486   -9.895   -8.985
   -7.717   -7.043   -6.765   -3.737   -3.376   -2.228   -1.711
            0.428571  0.247436  0.000000
  -66.788  -41.102  -40.889  -40.834  -18.271  -18.011  -11.563  -10.577   -9.929   -9.030
   -7.752   -6.986   -6.690   -3.726   -3.305   -2.159   -1.680
            0.452381  0.261182  0.000000
  -66.787  -41.112  -40.887  -40.836  -18.207  -17.987  -11.628  -10.644   -9.959   -9.063
   -7.777   -6.946   -6.623   -3.715   -3.247   -2.111   -1.659
            0.476190  0.274929  0.000000
  -66.786  -41.118  -40.886  -40.838  -18.167  -17.972  -11.668  -10.684   -9.978   -9.083
   -7.792   -6.922   -6.578   -3.706   -3.207   -2.083   -1.647
            0.500000  0.288675  0.000000
  -66.786  -41.120  -40.885  -40.838  -18.153  -17.967  -11.682  -10.698   -9.985   -9.090
   -7.797   -6.914   -6.562   -3.703   -3.193   -2.073   -1.643
            0.492063  0.302422  0.000000
  -66.786  -41.120  -40.885  -40.839  -18.152  -17.966  -11.678  -10.701   -9.984   -9.091
   -7.796   -6.941   -6.547   -3.702   -3.192   -2.068   -1.654
            0.484127  0.316168  0.000000
  -66.786  -41.119  -40.885  -40.841  -18.148  -17.964  -11.667  -10.710   -9.980   -9.093
   -7.793   -7.014   -6.513   -3.698   -3.188   -2.053   -1.688
            0.476190  0.329914  0.000000
  -66.786  -41.118  -40.885  -40.843  -18.142  -17.960  -11.648  -10.725   -9.973   -9.095
   -7.790   -7.116   -6.473   -3.693   -3.181   -2.030   -1.740
            0.468254  0.343661  0.000000
  -66.785  -41.116  -40.885  -40.847  -18.133  -17.955  -11.622  -10.745   -9.965   -9.098
   -7.786   -7.238   -6.435   -3.689   -3.169   -2.003   -1.802
            0.460317  0.357407  0.000000
  -66.785  -41.113  -40.884  -40.852  -18.123  -17.948  -11.590  -10.772   -9.954   -9.100
   -7.782   -7.375   -6.401   -3.688   -3.150   -1.991   -1.852
            0.452381  0.371154  0.000000
  -66.785  -41.110  -40.884  -40.859  -18.110  -17.940  -11.550  -10.803   -9.941   -9.099
   -7.780   -7.524   -6.370   -3.693   -3.124   -2.037   -1.844
            0.444444  0.384900  0.000000
  -66.785  -41.106  -40.883  -40.865  -18.096  -17.931  -11.503  -10.839   -9.926   -9.096
   -7.780   -7.682   -6.343   -3.705   -3.089   -2.121   -1.797
            0.436508  0.398647  0.000000
  -66.784  -41.102  -40.883  -40.873  -18.080  -17.921  -11.450  -10.879   -9.911   -9.090
   -7.848   -7.784   -6.317   -3.727   -3.046   -2.214   -1.735
            0.428571  0.412393  0.000000
  -66.784  -41.098  -40.882  -40.882  -18.062  -17.911  -11.390  -10.922   -9.894   -9.079
   -8.020   -7.791   -6.293   -3.756   -2.996   -2.308   -1.667
            0.420635  0.426139  0.000000
  -66.784  -41.093  -40.891  -40.881  -18.044  -17.900  -11.325  -10.967   -9.877   -9.065
   -8.194   -7.803   -6.267   -3.793   -2.939   -2.398   -1.595
            0.412698  0.439886  0.000000
  -66.784  -41.087  -40.901  -40.881  -18.025  -17.888  -11.254  -11.013   -9.860   -9.046
   -8.371   -7.819   -6.240   -3.838   -2.878   -2.484   -1.522
            0.404762  0.453632  0.000000
  -66.783  -41.082  -40.911  -40.880  -18.006  -17.876  -11.179  -11.060   -9.844   -9.024
   -8.546   -7.840   -6.210   -3.888   -2.814   -2.562   -1.451
            0.396825  0.467379  0.000000
  -66.783  -41.075  -40.921  -40.879  -17.986  -17.865  -11.105  -11.098   -9.830   -8.997
   -8.718   -7.865   -6.178   -3.942   -2.750   -2.632   -1.382
            0.388889  0.481125  0.000000
  -66.783  -41.069  -40.932  -40.879  -17.968  -17.854  -11.149  -11.014   -9.819   -8.968
   -8.884   -7.894   -6.144   -3.998   -2.693   -2.685   -1.318
            0.380952  0.494872  0.000000
  -66.782  -41.062  -40.943  -40.878  -17.950  -17.843  -11.189  -10.926   -9.813   -9.040
   -8.937   -7.927   -6.108   -4.056   -2.745   -2.624   -1.259
            0.373016  0.508618  0.000000
  -66.782  -41.055  -40.953  -40.878  -17.933  -17.834  -11.225  -10.837   -9.816   -9.182
   -8.904   -7.961   -6.071   -4.112   -2.788   -2.566   -1.209
            0.365079  0.522365  0.000000
  -66.782  -41.048  -40.963  -40.877  -17.919  -17.826  -11.256  -10.748   -9.832   -9.301
   -8.873   -7.995   -6.035   -4.164   -2.821   -2.514   -1.166
            0.357143  0.536111  0.000000
  -66.781  -41.042  -40.972  -40.877  -17.907  -17.819  -11.282  -10.661   -9.866   -9.391
   -8.844   -8.027   -6.003   -4.209   -2.846   -2.470   -1.133
            0.349206  0.549857  0.000000
  -66.781  -41.036  -40.980  -40.876  -17.897  -17.814  -11.301  -10.584   -9.916   -9.446
   -8.819   -8.053   -5.976   -4.245   -2.863   -2.437   -1.109
            0.341270  0.563604  0.000000
  -66.781  -41.032  -40.985  -40.876  -17.891  -17.810  -11.313  -10.525   -9.964   -9.472
   -8.803   -8.072   -5.958   -4.268   -2.872   -2.415   -1.095
            0.333333  0.577350  0.000000
  -66.781  -41.030  -40.988  -40.876  -17.889  -17.809  -11.317  -10.503   -9.985   -9.479
   -8.797   -8.078   -5.952   -4.276   -2.875   -2.408   -1.091
            0.317460  0.549857  0.000000
  -66.781  -41.035  -40.980  -40.876  -17.898  -17.814  -11.300  -10.580   -9.905   -9.459
   -8.821   -8.050   -5.979   -4.243   -2.866   -2.440   -1.107
            0.301587  0.522365  0.000000
  -66.782  -41.044  -40.966  -40.877  -17.928  -17.829  -11.248  -10.724   -9.750   -9.402
   -8.886   -7.972   -6.058   -4.150   -2.846   -2.538   -1.151
            0.285714  0.494872  0.000000
  -66.783  -41.051  -40.949  -40.879  -17.980  -17.854  -11.159  -10.857   -9.621   -9.287
   -8.970   -7.861   -6.171   -4.023   -2.826   -2.692   -1.213
            0.269841  0.467379  0.000000
  -66.784  -41.055  -40.931  -40.881  -18.055  -17.889  -11.035  -10.957   -9.554   -9.104
   -9.057   -7.732   -6.299   -3.891   -2.884   -2.818   -1.280
            0.253968  0.439886  0.000000
  -66.785  -41.054  -40.913  -40.885  -18.153  -17.933  -11.017  -10.876   -9.532   -9.134
   -8.889   -7.596   -6.424   -3.787   -3.083   -2.832   -1.345
            0.238095  0.412393  0.000000
  -66.787  -41.048  -40.895  -40.888  -18.271  -17.985  -11.036  -10.685   -9.538   -9.194
   -8.665   -7.460   -6.534   -3.743   -3.250   -2.873   -1.405
            0.222222  0.384900  0.000000
  -66.790  -41.037  -40.893  -40.878  -18.407  -18.044  -11.021  -10.467   -9.570   -9.231
   -8.446   -7.330   -6.623   -3.786   -3.348   -2.941   -1.463
            0.206349  0.357407  0.000000
  -66.792  -41.022  -40.898  -40.861  -18.556  -18.107  -10.977  -10.226   -9.621   -9.240
   -8.242   -7.210   -6.689   -3.879   -3.391   -3.027   -1.529
            0.190476  0.329914  0.000000
  -66.795  -41.003  -40.904  -40.846  -18.715  -18.174  -10.918   -9.971   -9.681   -9.217
   -8.066   -7.103   -6.729   -3.960   -3.422   -3.125   -1.611
            0.174603  0.302422  0.000000
  -66.798  -40.980  -40.910  -40.831  -18.878  -18.242  -10.861   -9.732   -9.713   -9.154
   -7.938   -7.013   -6.733   -3.998   -3.453   -3.223   -1.717
            0.158730  0.274929  0.000000
  -66.801  -40.955  -40.916  -40.818  -19.041  -18.310  -10.830   -9.747   -9.472   -9.038
   -7.878   -6.942   -6.688   -3.987   -3.478   -3.314   -1.847
            0.142857  0.247436  0.000000
  -66.805  -40.927  -40.923  -40.806  -19.201  -18.376  -10.846   -9.703   -9.269   -8.856
   -7.890   -6.892   -6.593   -3.935   -3.486   -3.390   -2.001
            0.126984  0.219943  0.000000
  -66.808  -40.929  -40.899  -40.795  -19.354  -18.439  -10.911   -9.598   -9.095   -8.623
   -7.956   -6.864   -6.465   -3.854   -3.465   -3.445   -2.173
            0.111111  0.192450  0.000000
  -66.811  -40.936  -40.870  -40.785  -19.496  -18.497  -11.008   -9.448   -8.929   -8.376
   -8.053   -6.859   -6.330   -3.755   -3.473   -3.409   -2.355
            0.095238  0.164957  0.000000
  -66.814  -40.941  -40.843  -40.776  -19.625  -18.550  -11.118   -9.273   -8.755   -8.161
   -8.139   -6.879   -6.207   -3.640   -3.473   -3.326   -2.537
            0.079365  0.137464  0.000000
  -66.816  -40.947  -40.818  -40.769  -19.738  -18.597  -11.228   -9.091   -8.571   -8.266
   -7.928   -6.924   -6.107   -3.505   -3.443   -3.229   -2.712
            0.063492  0.109971  0.000000
  -66.819  -40.951  -40.796  -40.764  -19.833  -18.636  -11.328   -8.917   -8.377   -8.360
   -7.750   -6.996   -6.033   -3.389   -3.356   -3.134   -2.869
            0.047619  0.082479  0.000000
  -66.820  -40.955  -40.778  -40.759  -19.909  -18.667  -11.412   -8.764   -8.437   -8.179
   -7.612   -7.094   -5.984   -3.319   -3.203   -3.051   -3.000
            0.031746  0.054986  0.000000
  -66.822  -40.957  -40.764  -40.756  -19.964  -18.690  -11.475   -8.644   -8.494   -7.981
   -7.515   -7.216   -5.953   -3.251   -3.099   -3.067   -2.988
            0.015873  0.027493  0.000000
  -66.822  -40.959  -40.756  -40.754  -19.997  -18.703  -11.513   -8.567   -8.529   -7.799
   -7.457   -7.351   -5.937   -3.200   -3.160   -2.971   -2.949
            0.000000  0.000000  0.000000
  -66.823  -40.959  -40.753  -40.753  -20.008  -18.708  -11.526   -8.541   -8.541   -7.697
   -7.438   -7.438   -5.932   -3.181   -3.181   -2.936   -2.936
