 KPT            1  SPIN            1  KWEIGHT    3.3333333333333335E-003
     1    -21.5194  0.00000
     2    -11.1849  0.00000
     3     -6.9859  0.00000
     4     -6.9849  0.00000
     5      5.5099  0.00000
     6      9.0663  0.00000
     7      9.0675  0.00000
     8     16.8046  0.00000

 KPT            2  SPIN            1  KWEIGHT    3.3333333333333335E-003
     1    -21.5177  0.00000
     2    -11.1830  0.00000
     3     -6.9921  0.00000
     4     -6.9881  0.00000
     5      5.5053  0.00000
     6      9.0728  0.00000
     7      9.0774  0.00000
     8     16.8084  0.00000

 KPT            3  SPIN            1  KWEIGHT    3.3333333333333335E-003
     1    -21.5150  0.00000
     2    -11.1800  0.00000
     3     -7.0026  0.00000
     4     -6.9935  0.00000
     5      5.4978  0.00000
     6      9.0835  0.00000
     7      9.0940  0.00000
     8     16.8148  0.00000

 KPT            4  SPIN            1  KWEIGHT    3.3333333333333335E-003
     1    -21.5111  0.00000
     2    -11.1757  0.00000
     3     -7.0171  0.00000
     4     -7.0010  0.00000
     5      5.4872  0.00000
     6      9.0984  0.00000
     7      9.1172  0.00000
     8     16.8238  0.00000

 KPT            5  SPIN            1  KWEIGHT    3.3333333333333335E-003
     1    -21.5062  0.00000
     2    -11.1702  0.00000
     3     -7.0358  0.00000
     4     -7.0106  0.00000
     5      5.4736  0.00000
     6      9.1175  0.00000
     7      9.1469  0.00000
     8     16.8353  0.00000

 KPT            6  SPIN            1  KWEIGHT    3.3333333333333335E-003
     1    -21.5001  0.00000
     2    -11.1634  0.00000
     3     -7.0585  0.00000
     4     -7.0223  0.00000
     5      5.4571  0.00000
     6      9.1406  0.00000
     7      9.1831  0.00000
     8     16.8495  0.00000

 KPT            7  SPIN            1  KWEIGHT    3.3333333333333335E-003
     1    -21.4930  0.00000
     2    -11.1555  0.00000
     3     -7.0852  0.00000
     4     -7.0360  0.00000
     5      5.4375  0.00000
     6      9.1679  0.00000
     7      9.2259  0.00000
     8     16.8662  0.00000

 KPT            8  SPIN            1  KWEIGHT    3.3333333333333335E-003
     1    -21.4848  0.00000
     2    -11.1463  0.00000
     3     -7.1159  0.00000
     4     -7.0518  0.00000
     5      5.4150  0.00000
     6      9.1990  0.00000
     7      9.2750  0.00000
     8     16.8857  0.00000

 KPT            9  SPIN            1  KWEIGHT    3.3333333333333335E-003
     1    -21.4755  0.00000
     2    -11.1359  0.00000
     3     -7.1504  0.00000
     4     -7.0695  0.00000
     5      5.3895  0.00000
     6      9.2339  0.00000
     7      9.3305  0.00000
     8     16.9078  0.00000

 KPT           10  SPIN            1  KWEIGHT    3.3333333333333335E-003
     1    -21.4650  0.00000
     2    -11.1243  0.00000
     3     -7.1888  0.00000
     4     -7.0891  0.00000
     5      5.3611  0.00000
     6      9.2725  0.00000
     7      9.3923  0.00000
     8     16.9327  0.00000

 KPT           11  SPIN            1  KWEIGHT    3.3333333333333335E-003
     1    -21.4535  0.00000
     2    -11.1114  0.00000
     3     -7.2309  0.00000
     4     -7.1105  0.00000
     5      5.3298  0.00000
     6      9.3147  0.00000
     7      9.4602  0.00000
     8     16.9604  0.00000

 KPT           12  SPIN            1  KWEIGHT    3.3333333333333335E-003
     1    -21.4409  0.00000
     2    -11.0974  0.00000
     3     -7.2767  0.00000
     4     -7.1338  0.00000
     5      5.2956  0.00000
     6      9.3602  0.00000
     7      9.5343  0.00000
     8     16.9909  0.00000

 KPT           13  SPIN            1  KWEIGHT    3.3333333333333335E-003
     1    -21.4272  0.00000
     2    -11.0821  0.00000
     3     -7.3260  0.00000
     4     -7.1588  0.00000
     5      5.2586  0.00000
     6      9.4090  0.00000
     7      9.6144  0.00000
     8     17.0242  0.00000

 KPT           14  SPIN            1  KWEIGHT    3.3333333333333335E-003
     1    -21.4124  0.00000
     2    -11.0656  0.00000
     3     -7.3787  0.00000
     4     -7.1854  0.00000
     5      5.2187  0.00000
     6      9.4609  0.00000
     7      9.7004  0.00000
     8     17.0606  0.00000

 KPT           15  SPIN            1  KWEIGHT    3.3333333333333335E-003
     1    -21.3966  0.00000
     2    -11.0479  0.00000
     3     -7.4349  0.00000
     4     -7.2137  0.00000
     5      5.1761  0.00000
     6      9.5157  0.00000
     7      9.7923  0.00000
     8     17.0999  0.00000

 KPT           16  SPIN            1  KWEIGHT    3.3333333333333335E-003
     1    -21.3796  0.00000
     2    -11.0290  0.00000
     3     -7.4943  0.00000
     4     -7.2435  0.00000
     5      5.1306  0.00000
     6      9.5732  0.00000
     7      9.8898  0.00000
     8     17.1422  0.00000

 KPT           17  SPIN            1  KWEIGHT    3.3333333333333335E-003
     1    -21.3616  0.00000
     2    -11.0089  0.00000
     3     -7.5568  0.00000
     4     -7.2747  0.00000
     5      5.0825  0.00000
     6      9.6332  0.00000
     7      9.9929  0.00000
     8     17.1877  0.00000

 KPT           18  SPIN            1  KWEIGHT    3.3333333333333335E-003
     1    -21.3425  0.00000
     2    -10.9876  0.00000
     3     -7.6224  0.00000
     4     -7.3073  0.00000
     5      5.0316  0.00000
     6      9.6956  0.00000
     7     10.1015  0.00000
     8     17.2363  0.00000

 KPT           19  SPIN            1  KWEIGHT    3.3333333333333335E-003
     1    -21.3223  0.00000
     2    -10.9651  0.00000
     3     -7.6909  0.00000
     4     -7.3412  0.00000
     5      4.9781  0.00000
     6      9.7601  0.00000
     7     10.2155  0.00000
     8     17.2882  0.00000

 KPT           20  SPIN            1  KWEIGHT    3.3333333333333335E-003
     1    -21.3010  0.00000
     2    -10.9414  0.00000
     3     -7.7623  0.00000
     4     -7.3763  0.00000
     5      4.9220  0.00000
     6      9.8265  0.00000
     7     10.3347  0.00000
     8     17.3434  0.00000

 KPT           21  SPIN            1  KWEIGHT    3.3333333333333335E-003
     1    -21.2786  0.00000
     2    -10.9165  0.00000
     3     -7.8363  0.00000
     4     -7.4126  0.00000
     5      4.8633  0.00000
     6      9.8946  0.00000
     7     10.4589  0.00000
     8     17.4019  0.00000

 KPT           22  SPIN            1  KWEIGHT    3.3333333333333335E-003
     1    -21.2552  0.00000
     2    -10.8904  0.00000
     3     -7.9130  0.00000
     4     -7.4500  0.00000
     5      4.8020  0.00000
     6      9.9643  0.00000
     7     10.5882  0.00000
     8     17.4639  0.00000

 KPT           23  SPIN            1  KWEIGHT    3.3333333333333335E-003
     1    -21.2307  0.00000
     2    -10.8631  0.00000
     3     -7.9922  0.00000
     4     -7.4883  0.00000
     5      4.7383  0.00000
     6     10.0352  0.00000
     7     10.7222  0.00000
     8     17.5294  0.00000

 KPT           24  SPIN            1  KWEIGHT    3.3333333333333335E-003
     1    -21.2052  0.00000
     2    -10.8346  0.00000
     3     -8.0738  0.00000
     4     -7.5276  0.00000
     5      4.6722  0.00000
     6     10.1073  0.00000
     7     10.8609  0.00000
     8     17.5984  0.00000

 KPT           25  SPIN            1  KWEIGHT    3.3333333333333335E-003
     1    -21.1786  0.00000
     2    -10.8050  0.00000
     3     -8.1576  0.00000
     4     -7.5677  0.00000
     5      4.6037  0.00000
     6     10.1802  0.00000
     7     11.0042  0.00000
     8     17.6711  0.00000

 KPT           26  SPIN            1  KWEIGHT    3.3333333333333335E-003
     1    -21.1509  0.00000
     2    -10.7741  0.00000
     3     -8.2436  0.00000
     4     -7.6086  0.00000
     5      4.5328  0.00000
     6     10.2538  0.00000
     7     11.1519  0.00000
     8     17.7474  0.00000

 KPT           27  SPIN            1  KWEIGHT    3.3333333333333335E-003
     1    -21.1221  0.00000
     2    -10.7421  0.00000
     3     -8.3317  0.00000
     4     -7.6502  0.00000
     5      4.4596  0.00000
     6     10.3280  0.00000
     7     11.3038  0.00000
     8     17.8274  0.00000

 KPT           28  SPIN            1  KWEIGHT    3.3333333333333335E-003
     1    -21.0924  0.00000
     2    -10.7090  0.00000
     3     -8.4218  0.00000
     4     -7.6924  0.00000
     5      4.3842  0.00000
     6     10.4024  0.00000
     7     11.4598  0.00000
     8     17.9111  0.00000

 KPT           29  SPIN            1  KWEIGHT    3.3333333333333335E-003
     1    -21.0615  0.00000
     2    -10.6747  0.00000
     3     -8.5137  0.00000
     4     -7.7352  0.00000
     5      4.3067  0.00000
     6     10.4769  0.00000
     7     11.6198  0.00000
     8     17.9987  0.00000

 KPT           30  SPIN            1  KWEIGHT    3.3333333333333335E-003
     1    -21.0296  0.00000
     2    -10.6392  0.00000
     3     -8.6074  0.00000
     4     -7.7784  0.00000
     5      4.2270  0.00000
     6     10.5514  0.00000
     7     11.7835  0.00000
     8     18.0900  0.00000

 KPT           31  SPIN            1  KWEIGHT    3.3333333333333335E-003
     1    -20.9967  0.00000
     2    -10.6025  0.00000
     3     -8.7027  0.00000
     4     -7.8221  0.00000
     5      4.1452  0.00000
     6     10.6256  0.00000
     7     11.9510  0.00000
     8     18.1851  0.00000

 KPT           32  SPIN            1  KWEIGHT    3.3333333333333335E-003
     1    -20.9627  0.00000
     2    -10.5648  0.00000
     3     -8.7997  0.00000
     4     -7.8662  0.00000
     5      4.0614  0.00000
     6     10.6994  0.00000
     7     12.1219  0.00000
     8     18.2841  0.00000

 KPT           33  SPIN            1  KWEIGHT    3.3333333333333335E-003
     1    -20.9277  0.00000
     2    -10.5258  0.00000
     3     -8.8981  0.00000
     4     -7.9105  0.00000
     5      3.9757  0.00000
     6     10.7727  0.00000
     7     12.2961  0.00000
     8     18.3869  0.00000

 KPT           34  SPIN            1  KWEIGHT    3.3333333333333335E-003
     1    -20.8917  0.00000
     2    -10.4858  0.00000
     3     -8.9979  0.00000
     4     -7.9550  0.00000
     5      3.8880  0.00000
     6     10.8452  0.00000
     7     12.4736  0.00000
     8     18.4935  0.00000

 KPT           35  SPIN            1  KWEIGHT    3.3333333333333335E-003
     1    -20.8546  0.00000
     2    -10.4446  0.00000
     3     -9.0990  0.00000
     4     -7.9998  0.00000
     5      3.7986  0.00000
     6     10.9169  0.00000
     7     12.6540  0.00000
     8     18.6039  0.00000

 KPT           36  SPIN            1  KWEIGHT    3.3333333333333335E-003
     1    -20.8165  0.00000
     2    -10.4024  0.00000
     3     -9.2014  0.00000
     4     -8.0446  0.00000
     5      3.7073  0.00000
     6     10.9876  0.00000
     7     12.8373  0.00000
     8     18.7180  0.00000

 KPT           37  SPIN            1  KWEIGHT    3.3333333333333335E-003
     1    -20.7774  0.00000
     2    -10.3590  0.00000
     3     -9.3049  0.00000
     4     -8.0895  0.00000
     5      3.6144  0.00000
     6     11.0573  0.00000
     7     13.0234  0.00000
     8     18.8359  0.00000

 KPT           38  SPIN            1  KWEIGHT    3.3333333333333335E-003
     1    -20.7373  0.00000
     2    -10.3145  0.00000
     3     -9.4094  0.00000
     4     -8.1344  0.00000
     5      3.5198  0.00000
     6     11.1258  0.00000
     7     13.2119  0.00000
     8     18.9573  0.00000

 KPT           39  SPIN            1  KWEIGHT    3.3333333333333335E-003
     1    -20.6961  0.00000
     2    -10.2689  0.00000
     3     -9.5150  0.00000
     4     -8.1793  0.00000
     5      3.4236  0.00000
     6     11.1930  0.00000
     7     13.4028  0.00000
     8     19.0824  0.00000

 KPT           40  SPIN            1  KWEIGHT    3.3333333333333335E-003
     1    -20.6540  0.00000
     2    -10.2223  0.00000
     3     -9.6215  0.00000
     4     -8.2241  0.00000
     5      3.3259  0.00000
     6     11.2589  0.00000
     7     13.5959  0.00000
     8     19.2109  0.00000

 KPT           41  SPIN            1  KWEIGHT    3.3333333333333335E-003
     1    -20.6108  0.00000
     2    -10.1745  0.00000
     3     -9.7288  0.00000
     4     -8.2688  0.00000
     5      3.2268  0.00000
     6     11.3234  0.00000
     7     13.7911  0.00000
     8     19.3428  0.00000

 KPT           42  SPIN            1  KWEIGHT    3.3333333333333335E-003
     1    -20.5667  0.00000
     2    -10.1258  0.00000
     3     -9.8369  0.00000
     4     -8.3132  0.00000
     5      3.1262  0.00000
     6     11.3864  0.00000
     7     13.9881  0.00000
     8     19.4780  0.00000

 KPT           43  SPIN            1  KWEIGHT    3.3333333333333335E-003
     1    -20.5215  0.00000
     2    -10.0759  0.00000
     3     -9.9458  0.00000
     4     -8.3575  0.00000
     5      3.0243  0.00000
     6     11.4478  0.00000
     7     14.1869  0.00000
     8     19.6163  0.00000

 KPT           44  SPIN            1  KWEIGHT    3.3333333333333335E-003
     1    -20.4754  0.00000
     2    -10.0553  0.00000
     3    -10.0251  0.00000
     4     -8.4014  0.00000
     5      2.9212  0.00000
     6     11.5078  0.00000
     7     14.3871  0.00000
     8     19.7577  0.00000

 KPT           45  SPIN            1  KWEIGHT    3.3333333333333335E-003
     1    -20.4283  0.00000
     2    -10.1653  0.00000
     3     -9.9732  0.00000
     4     -8.4451  0.00000
     5      2.8169  0.00000
     6     11.5661  0.00000
     7     14.5887  0.00000
     8     19.9020  0.00000

 KPT           46  SPIN            1  KWEIGHT    3.3333333333333335E-003
     1    -20.3802  0.00000
     2    -10.2760  0.00000
     3     -9.9203  0.00000
     4     -8.4885  0.00000
     5      2.7114  0.00000
     6     11.6228  0.00000
     7     14.7914  0.00000
     8     20.0489  0.00000

 KPT           47  SPIN            1  KWEIGHT    3.3333333333333335E-003
     1    -20.3311  0.00000
     2    -10.3871  0.00000
     3     -9.8665  0.00000
     4     -8.5314  0.00000
     5      2.6049  0.00000
     6     11.6779  0.00000
     7     14.9952  0.00000
     8     20.1985  0.00000

 KPT           48  SPIN            1  KWEIGHT    3.3333333333333335E-003
     1    -20.2811  0.00000
     2    -10.4986  0.00000
     3     -9.8116  0.00000
     4     -8.5740  0.00000
     5      2.4974  0.00000
     6     11.7314  0.00000
     7     15.1997  0.00000
     8     20.3504  0.00000

 KPT           49  SPIN            1  KWEIGHT    3.3333333333333335E-003
     1    -20.2301  0.00000
     2    -10.6105  0.00000
     3     -9.7558  0.00000
     4     -8.6161  0.00000
     5      2.3890  0.00000
     6     11.7833  0.00000
     7     15.4049  0.00000
     8     20.5046  0.00000

 KPT           50  SPIN            1  KWEIGHT    3.3333333333333335E-003
     1    -20.1782  0.00000
     2    -10.7227  0.00000
     3     -9.6991  0.00000
     4     -8.6577  0.00000
     5      2.2798  0.00000
     6     11.8335  0.00000
     7     15.6106  0.00000
     8     20.6608  0.00000

 KPT           51  SPIN            1  KWEIGHT    3.3333333333333335E-003
     1    -20.1253  0.00000
     2    -10.8353  0.00000
     3     -9.6414  0.00000
     4     -8.6989  0.00000
     5      2.1697  0.00000
     6     11.8822  0.00000
     7     15.8165  0.00000
     8     20.8189  0.00000

 KPT           52  SPIN            1  KWEIGHT    3.3333333333333335E-003
     1    -20.0715  0.00000
     2    -10.9480  0.00000
     3     -9.5828  0.00000
     4     -8.7395  0.00000
     5      2.0590  0.00000
     6     11.9292  0.00000
     7     16.0225  0.00000
     8     20.9786  0.00000

 KPT           53  SPIN            1  KWEIGHT    3.3333333333333335E-003
     1    -20.0167  0.00000
     2    -11.0609  0.00000
     3     -9.5234  0.00000
     4     -8.7795  0.00000
     5      1.9476  0.00000
     6     11.9747  0.00000
     7     16.2284  0.00000
     8     21.1398  0.00000

 KPT           54  SPIN            1  KWEIGHT    3.3333333333333335E-003
     1    -19.9611  0.00000
     2    -11.1740  0.00000
     3     -9.4630  0.00000
     4     -8.8190  0.00000
     5      1.8357  0.00000
     6     12.0187  0.00000
     7     16.4340  0.00000
     8     21.3022  0.00000

 KPT           55  SPIN            1  KWEIGHT    3.3333333333333335E-003
     1    -19.9045  0.00000
     2    -11.2871  0.00000
     3     -9.4019  0.00000
     4     -8.8579  0.00000
     5      1.7233  0.00000
     6     12.0611  0.00000
     7     16.6391  0.00000
     8     21.4656  0.00000

 KPT           56  SPIN            1  KWEIGHT    3.3333333333333335E-003
     1    -19.8470  0.00000
     2    -11.4003  0.00000
     3     -9.3399  0.00000
     4     -8.8961  0.00000
     5      1.6104  0.00000
     6     12.1020  0.00000
     7     16.8435  0.00000
     8     21.6298  0.00000

 KPT           57  SPIN            1  KWEIGHT    3.3333333333333335E-003
     1    -19.7886  0.00000
     2    -11.5135  0.00000
     3     -9.2772  0.00000
     4     -8.9337  0.00000
     5      1.4973  0.00000
     6     12.1415  0.00000
     7     17.0470  0.00000
     8     21.7947  0.00000

 KPT           58  SPIN            1  KWEIGHT    3.3333333333333335E-003
     1    -19.7293  0.00000
     2    -11.6267  0.00000
     3     -9.2137  0.00000
     4     -8.9707  0.00000
     5      1.3838  0.00000
     6     12.1796  0.00000
     7     17.2495  0.00000
     8     21.9599  0.00000

 KPT           59  SPIN            1  KWEIGHT    3.3333333333333335E-003
     1    -19.6691  0.00000
     2    -11.7398  0.00000
     3     -9.1495  0.00000
     4     -9.0070  0.00000
     5      1.2702  0.00000
     6     12.2162  0.00000
     7     17.4507  0.00000
     8     22.1252  0.00000

 KPT           60  SPIN            1  KWEIGHT    3.3333333333333335E-003
     1    -19.6081  0.00000
     2    -11.8529  0.00000
     3     -9.0846  0.00000
     4     -9.0425  0.00000
     5      1.1565  0.00000
     6     12.2515  0.00000
     7     17.6505  0.00000
     8     22.2905  0.00000

 KPT           61  SPIN            1  KWEIGHT    3.3333333333333335E-003
     1    -19.5462  0.00000
     2    -11.9657  0.00000
     3     -9.0774  0.00000
     4     -9.0191  0.00000
     5      1.0427  0.00000
     6     12.2854  0.00000
     7     17.8487  0.00000
     8     22.4554  0.00000

 KPT           62  SPIN            1  KWEIGHT    3.3333333333333335E-003
     1    -19.4835  0.00000
     2    -12.0784  0.00000
     3     -9.1115  0.00000
     4     -8.9530  0.00000
     5      0.9290  0.00000
     6     12.3181  0.00000
     7     18.0450  0.00000
     8     22.6198  0.00000

 KPT           63  SPIN            1  KWEIGHT    3.3333333333333335E-003
     1    -19.4199  0.00000
     2    -12.1909  0.00000
     3     -9.1448  0.00000
     4     -8.8862  0.00000
     5      0.8154  0.00000
     6     12.3495  0.00000
     7     18.2392  0.00000
     8     22.7835  0.00000

 KPT           64  SPIN            1  KWEIGHT    3.3333333333333335E-003
     1    -19.3555  0.00000
     2    -12.3032  0.00000
     3     -9.1774  0.00000
     4     -8.8190  0.00000
     5      0.7021  0.00000
     6     12.3797  0.00000
     7     18.4312  0.00000
     8     22.9461  0.00000

 KPT           65  SPIN            1  KWEIGHT    3.3333333333333335E-003
     1    -19.2903  0.00000
     2    -12.4151  0.00000
     3     -9.2093  0.00000
     4     -8.7513  0.00000
     5      0.5891  0.00000
     6     12.4086  0.00000
     7     18.6208  0.00000
     8     23.1076  0.00000

 KPT           66  SPIN            1  KWEIGHT    3.3333333333333335E-003
     1    -19.2243  0.00000
     2    -12.5267  0.00000
     3     -9.2403  0.00000
     4     -8.6832  0.00000
     5      0.4765  0.00000
     6     12.4364  0.00000
     7     18.8078  0.00000
     8     23.2676  0.00000

 KPT           67  SPIN            1  KWEIGHT    3.3333333333333335E-003
     1    -19.1576  0.00000
     2    -12.6380  0.00000
     3     -9.2706  0.00000
     4     -8.6147  0.00000
     5      0.3644  0.00000
     6     12.4631  0.00000
     7     18.9919  0.00000
     8     23.4259  0.00000

 KPT           68  SPIN            1  KWEIGHT    3.3333333333333335E-003
     1    -19.0901  0.00000
     2    -12.7489  0.00000
     3     -9.3000  0.00000
     4     -8.5459  0.00000
     5      0.2529  0.00000
     6     12.4887  0.00000
     7     19.1731  0.00000
     8     23.5823  0.00000

 KPT           69  SPIN            1  KWEIGHT    3.3333333333333335E-003
     1    -19.0218  0.00000
     2    -12.8593  0.00000
     3     -9.3286  0.00000
     4     -8.4768  0.00000
     5      0.1420  0.00000
     6     12.5131  0.00000
     7     19.3510  0.00000
     8     23.7366  0.00000

 KPT           70  SPIN            1  KWEIGHT    3.3333333333333335E-003
     1    -18.9529  0.00000
     2    -12.9693  0.00000
     3     -9.3564  0.00000
     4     -8.4076  0.00000
     5      0.0320  0.00000
     6     12.5366  0.00000
     7     19.5255  0.00000
     8     23.8886  0.00000

 KPT           71  SPIN            1  KWEIGHT    3.3333333333333335E-003
     1    -18.8832  0.00000
     2    -13.0787  0.00000
     3     -9.3833  0.00000
     4     -8.3383  0.00000
     5     -0.0771  0.00000
     6     12.5590  0.00000
     7     19.6965  0.00000
     8     24.0380  0.00000

 KPT           72  SPIN            1  KWEIGHT    3.3333333333333335E-003
     1    -18.8129  0.00000
     2    -13.1876  0.00000
     3     -9.4094  0.00000
     4     -8.2690  0.00000
     5     -0.1851  0.00000
     6     12.5804  0.00000
     7     19.8637  0.00000
     8     24.1846  0.00000

 KPT           73  SPIN            1  KWEIGHT    3.3333333333333335E-003
     1    -18.7420  0.00000
     2    -13.2959  0.00000
     3     -9.4347  0.00000
     4     -8.1997  0.00000
     5     -0.2921  0.00000
     6     12.6009  0.00000
     7     20.0269  0.00000
     8     24.3283  0.00000

 KPT           74  SPIN            1  KWEIGHT    3.3333333333333335E-003
     1    -18.6704  0.00000
     2    -13.4035  0.00000
     3     -9.4590  0.00000
     4     -8.1306  0.00000
     5     -0.3977  0.00000
     6     12.6204  0.00000
     7     20.1860  0.00000
     8     24.4687  0.00000

 KPT           75  SPIN            1  KWEIGHT    3.3333333333333335E-003
     1    -18.5984  0.00000
     2    -13.5104  0.00000
     3     -9.4825  0.00000
     4     -8.0618  0.00000
     5     -0.5020  0.00000
     6     12.6390  0.00000
     7     20.3407  0.00000
     8     24.6058  0.00000

 KPT           76  SPIN            1  KWEIGHT    3.3333333333333335E-003
     1    -18.5258  0.00000
     2    -13.6166  0.00000
     3     -9.5052  0.00000
     4     -7.9934  0.00000
     5     -0.6047  0.00000
     6     12.6567  0.00000
     7     20.4910  0.00000
     8     24.7393  0.00000

 KPT           77  SPIN            1  KWEIGHT    3.3333333333333335E-003
     1    -18.4527  0.00000
     2    -13.7220  0.00000
     3     -9.5269  0.00000
     4     -7.9255  0.00000
     5     -0.7057  0.00000
     6     12.6735  0.00000
     7     20.6366  0.00000
     8     24.8689  0.00000

 KPT           78  SPIN            1  KWEIGHT    3.3333333333333335E-003
     1    -18.3792  0.00000
     2    -13.8264  0.00000
     3     -9.5478  0.00000
     4     -7.8582  0.00000
     5     -0.8048  0.00000
     6     12.6895  0.00000
     7     20.7774  0.00000
     8     24.9946  0.00000

 KPT           79  SPIN            1  KWEIGHT    3.3333333333333335E-003
     1    -18.3054  0.00000
     2    -13.9299  0.00000
     3     -9.5677  0.00000
     4     -7.7916  0.00000
     5     -0.9020  0.00000
     6     12.7046  0.00000
     7     20.9131  0.00000
     8     25.1162  0.00000

 KPT           80  SPIN            1  KWEIGHT    3.3333333333333335E-003
     1    -18.2313  0.00000
     2    -14.0324  0.00000
     3     -9.5868  0.00000
     4     -7.7260  0.00000
     5     -0.9969  0.00000
     6     12.7190  0.00000
     7     21.0438  0.00000
     8     25.2333  0.00000

 KPT           81  SPIN            1  KWEIGHT    3.3333333333333335E-003
     1    -18.1570  0.00000
     2    -14.1337  0.00000
     3     -9.6050  0.00000
     4     -7.6615  0.00000
     5     -1.0895  0.00000
     6     12.7325  0.00000
     7     21.1691  0.00000
     8     25.3460  0.00000

 KPT           82  SPIN            1  KWEIGHT    3.3333333333333335E-003
     1    -18.0826  0.00000
     2    -14.2338  0.00000
     3     -9.6222  0.00000
     4     -7.5983  0.00000
     5     -1.1795  0.00000
     6     12.7452  0.00000
     7     21.2889  0.00000
     8     25.4539  0.00000

 KPT           83  SPIN            1  KWEIGHT    3.3333333333333335E-003
     1    -18.0082  0.00000
     2    -14.3326  0.00000
     3     -9.6386  0.00000
     4     -7.5364  0.00000
     5     -1.2668  0.00000
     6     12.7571  0.00000
     7     21.4031  0.00000
     8     25.5570  0.00000

 KPT           84  SPIN            1  KWEIGHT    3.3333333333333335E-003
     1    -17.9340  0.00000
     2    -14.4298  0.00000
     3     -9.6540  0.00000
     4     -7.4763  0.00000
     5     -1.3510  0.00000
     6     12.7683  0.00000
     7     21.5116  0.00000
     8     25.6550  0.00000

 KPT           85  SPIN            1  KWEIGHT    3.3333333333333335E-003
     1    -17.8602  0.00000
     2    -14.5253  0.00000
     3     -9.6685  0.00000
     4     -7.4179  0.00000
     5     -1.4321  0.00000
     6     12.7788  0.00000
     7     21.6142  0.00000
     8     25.7479  0.00000

 KPT           86  SPIN            1  KWEIGHT    3.3333333333333335E-003
     1    -17.7868  0.00000
     2    -14.6189  0.00000
     3     -9.6821  0.00000
     4     -7.3617  0.00000
     5     -1.5097  0.00000
     6     12.7885  0.00000
     7     21.7108  0.00000
     8     25.8355  0.00000

 KPT           87  SPIN            1  KWEIGHT    3.3333333333333335E-003
     1    -17.7142  0.00000
     2    -14.7104  0.00000
     3     -9.6947  0.00000
     4     -7.3077  0.00000
     5     -1.5836  0.00000
     6     12.7975  0.00000
     7     21.8013  0.00000
     8     25.9177  0.00000

 KPT           88  SPIN            1  KWEIGHT    3.3333333333333335E-003
     1    -17.6426  0.00000
     2    -14.7996  0.00000
     3     -9.7065  0.00000
     4     -7.2563  0.00000
     5     -1.6535  0.00000
     6     12.8058  0.00000
     7     21.8855  0.00000
     8     25.9943  0.00000

 KPT           89  SPIN            1  KWEIGHT    3.3333333333333335E-003
     1    -17.5725  0.00000
     2    -14.8859  0.00000
     3     -9.7173  0.00000
     4     -7.2077  0.00000
     5     -1.7192  0.00000
     6     12.8134  0.00000
     7     21.9634  0.00000
     8     26.0652  0.00000

 KPT           90  SPIN            1  KWEIGHT    3.3333333333333335E-003
     1    -17.5040  0.00000
     2    -14.9691  0.00000
     3     -9.7271  0.00000
     4     -7.1621  0.00000
     5     -1.7803  0.00000
     6     12.8203  0.00000
     7     22.0349  0.00000
     8     26.1303  0.00000

 KPT           91  SPIN            1  KWEIGHT    3.3333333333333335E-003
     1    -17.4379  0.00000
     2    -15.0486  0.00000
     3     -9.7361  0.00000
     4     -7.1199  0.00000
     5     -1.8368  0.00000
     6     12.8265  0.00000
     7     22.0998  0.00000
     8     26.1896  0.00000

 KPT           92  SPIN            1  KWEIGHT    3.3333333333333335E-003
     1    -17.3747  0.00000
     2    -15.1238  0.00000
     3     -9.7441  0.00000
     4     -7.0813  0.00000
     5     -1.8881  0.00000
     6     12.8321  0.00000
     7     22.1581  0.00000
     8     26.2428  0.00000

 KPT           93  SPIN            1  KWEIGHT    3.3333333333333335E-003
     1    -17.3151  0.00000
     2    -15.1939  0.00000
     3     -9.7511  0.00000
     4     -7.0464  0.00000
     5     -1.9342  0.00000
     6     12.8370  0.00000
     7     22.2098  0.00000
     8     26.2900  0.00000

 KPT           94  SPIN            1  KWEIGHT    3.3333333333333335E-003
     1    -17.2600  0.00000
     2    -15.2582  0.00000
     3     -9.7573  0.00000
     4     -7.0157  0.00000
     5     -1.9747  0.00000
     6     12.8412  0.00000
     7     22.2547  0.00000
     8     26.3310  0.00000

 KPT           95  SPIN            1  KWEIGHT    3.3333333333333335E-003
     1    -17.2104  0.00000
     2    -15.3156  0.00000
     3     -9.7624  0.00000
     4     -6.9892  0.00000
     5     -2.0094  0.00000
     6     12.8448  0.00000
     7     22.2927  0.00000
     8     26.3658  0.00000

 KPT           96  SPIN            1  KWEIGHT    3.3333333333333335E-003
     1    -17.1675  0.00000
     2    -15.3649  0.00000
     3     -9.7667  0.00000
     4     -6.9673  0.00000
     5     -2.0382  0.00000
     6     12.8477  0.00000
     7     22.3240  0.00000
     8     26.3944  0.00000

 KPT           97  SPIN            1  KWEIGHT    3.3333333333333335E-003
     1    -17.1323  0.00000
     2    -15.4050  0.00000
     3     -9.7700  0.00000
     4     -6.9500  0.00000
     5     -2.0607  0.00000
     6     12.8499  0.00000
     7     22.3483  0.00000
     8     26.4167  0.00000

 KPT           98  SPIN            1  KWEIGHT    3.3333333333333335E-003
     1    -17.1062  0.00000
     2    -15.4346  0.00000
     3     -9.7723  0.00000
     4     -6.9375  0.00000
     5     -2.0769  0.00000
     6     12.8515  0.00000
     7     22.3657  0.00000
     8     26.4326  0.00000

 KPT           99  SPIN            1  KWEIGHT    3.3333333333333335E-003
     1    -17.0900  0.00000
     2    -15.4529  0.00000
     3     -9.7738  0.00000
     4     -6.9300  0.00000
     5     -2.0867  0.00000
     6     12.8525  0.00000
     7     22.3761  0.00000
     8     26.4422  0.00000

 KPT          100  SPIN            1  KWEIGHT    3.3333333333333335E-003
     1    -17.0846  0.00000
     2    -15.4591  0.00000
     3     -9.7742  0.00000
     4     -6.9275  0.00000
     5     -2.0900  0.00000
     6     12.8528  0.00000
     7     22.3796  0.00000
     8     26.4454  0.00000

 KPT          101  SPIN            1  KWEIGHT    3.3333333333333335E-003
     1    -17.0844  0.00000
     2    -15.4590  0.00000
     3     -9.7749  0.00000
     4     -6.9273  0.00000
     5     -2.0903  0.00000
     6     12.8540  0.00000
     7     22.3788  0.00000
     8     26.4462  0.00000

 KPT          102  SPIN            1  KWEIGHT    3.3333333333333335E-003
     1    -17.0839  0.00000
     2    -15.4586  0.00000
     3     -9.7769  0.00000
     4     -6.9266  0.00000
     5     -2.0911  0.00000
     6     12.8574  0.00000
     7     22.3765  0.00000
     8     26.4486  0.00000

 KPT          103  SPIN            1  KWEIGHT    3.3333333333333335E-003
     1    -17.0831  0.00000
     2    -15.4581  0.00000
     3     -9.7802  0.00000
     4     -6.9255  0.00000
     5     -2.0926  0.00000
     6     12.8631  0.00000
     7     22.3726  0.00000
     8     26.4527  0.00000

 KPT          104  SPIN            1  KWEIGHT    3.3333333333333335E-003
     1    -17.0819  0.00000
     2    -15.4573  0.00000
     3     -9.7848  0.00000
     4     -6.9238  0.00000
     5     -2.0946  0.00000
     6     12.8710  0.00000
     7     22.3671  0.00000
     8     26.4583  0.00000

 KPT          105  SPIN            1  KWEIGHT    3.3333333333333335E-003
     1    -17.0804  0.00000
     2    -15.4563  0.00000
     3     -9.7907  0.00000
     4     -6.9218  0.00000
     5     -2.0972  0.00000
     6     12.8812  0.00000
     7     22.3601  0.00000
     8     26.4655  0.00000

 KPT          106  SPIN            1  KWEIGHT    3.3333333333333335E-003
     1    -17.0786  0.00000
     2    -15.4550  0.00000
     3     -9.7979  0.00000
     4     -6.9193  0.00000
     5     -2.1003  0.00000
     6     12.8937  0.00000
     7     22.3515  0.00000
     8     26.4743  0.00000

 KPT          107  SPIN            1  KWEIGHT    3.3333333333333335E-003
     1    -17.0765  0.00000
     2    -15.4536  0.00000
     3     -9.8064  0.00000
     4     -6.9163  0.00000
     5     -2.1040  0.00000
     6     12.9084  0.00000
     7     22.3415  0.00000
     8     26.4846  0.00000

 KPT          108  SPIN            1  KWEIGHT    3.3333333333333335E-003
     1    -17.0740  0.00000
     2    -15.4519  0.00000
     3     -9.8162  0.00000
     4     -6.9128  0.00000
     5     -2.1083  0.00000
     6     12.9253  0.00000
     7     22.3299  0.00000
     8     26.4965  0.00000

 KPT          109  SPIN            1  KWEIGHT    3.3333333333333335E-003
     1    -17.0712  0.00000
     2    -15.4500  0.00000
     3     -9.8272  0.00000
     4     -6.9089  0.00000
     5     -2.1132  0.00000
     6     12.9444  0.00000
     7     22.3170  0.00000
     8     26.5098  0.00000

 KPT          110  SPIN            1  KWEIGHT    3.3333333333333335E-003
     1    -17.0680  0.00000
     2    -15.4479  0.00000
     3     -9.8396  0.00000
     4     -6.9046  0.00000
     5     -2.1187  0.00000
     6     12.9658  0.00000
     7     22.3026  0.00000
     8     26.5246  0.00000

 KPT          111  SPIN            1  KWEIGHT    3.3333333333333335E-003
     1    -17.0645  0.00000
     2    -15.4456  0.00000
     3     -9.8531  0.00000
     4     -6.8998  0.00000
     5     -2.1247  0.00000
     6     12.9893  0.00000
     7     22.2868  0.00000
     8     26.5408  0.00000

 KPT          112  SPIN            1  KWEIGHT    3.3333333333333335E-003
     1    -17.0607  0.00000
     2    -15.4430  0.00000
     3     -9.8680  0.00000
     4     -6.8945  0.00000
     5     -2.1313  0.00000
     6     13.0149  0.00000
     7     22.2697  0.00000
     8     26.5584  0.00000

 KPT          113  SPIN            1  KWEIGHT    3.3333333333333335E-003
     1    -17.0566  0.00000
     2    -15.4403  0.00000
     3     -9.8840  0.00000
     4     -6.8887  0.00000
     5     -2.1384  0.00000
     6     13.0427  0.00000
     7     22.2512  0.00000
     8     26.5773  0.00000

 KPT          114  SPIN            1  KWEIGHT    3.3333333333333335E-003
     1    -17.0521  0.00000
     2    -15.4373  0.00000
     3     -9.9013  0.00000
     4     -6.8825  0.00000
     5     -2.1461  0.00000
     6     13.0726  0.00000
     7     22.2315  0.00000
     8     26.5975  0.00000

 KPT          115  SPIN            1  KWEIGHT    3.3333333333333335E-003
     1    -17.0473  0.00000
     2    -15.4341  0.00000
     3     -9.9198  0.00000
     4     -6.8759  0.00000
     5     -2.1544  0.00000
     6     13.1046  0.00000
     7     22.2105  0.00000
     8     26.6189  0.00000

 KPT          116  SPIN            1  KWEIGHT    3.3333333333333335E-003
     1    -17.0422  0.00000
     2    -15.4307  0.00000
     3     -9.9394  0.00000
     4     -6.8688  0.00000
     5     -2.1633  0.00000
     6     13.1387  0.00000
     7     22.1884  0.00000
     8     26.6416  0.00000

 KPT          117  SPIN            1  KWEIGHT    3.3333333333333335E-003
     1    -17.0367  0.00000
     2    -15.4271  0.00000
     3     -9.9603  0.00000
     4     -6.8612  0.00000
     5     -2.1727  0.00000
     6     13.1748  0.00000
     7     22.1651  0.00000
     8     26.6654  0.00000

 KPT          118  SPIN            1  KWEIGHT    3.3333333333333335E-003
     1    -17.0310  0.00000
     2    -15.4233  0.00000
     3     -9.9822  0.00000
     4     -6.8532  0.00000
     5     -2.1827  0.00000
     6     13.2129  0.00000
     7     22.1407  0.00000
     8     26.6903  0.00000

 KPT          119  SPIN            1  KWEIGHT    3.3333333333333335E-003
     1    -17.0248  0.00000
     2    -15.4193  0.00000
     3    -10.0053  0.00000
     4     -6.8447  0.00000
     5     -2.1932  0.00000
     6     13.2530  0.00000
     7     22.1152  0.00000
     8     26.7162  0.00000

 KPT          120  SPIN            1  KWEIGHT    3.3333333333333335E-003
     1    -17.0184  0.00000
     2    -15.4150  0.00000
     3    -10.0295  0.00000
     4     -6.8357  0.00000
     5     -2.2043  0.00000
     6     13.2950  0.00000
     7     22.0887  0.00000
     8     26.7432  0.00000

 KPT          121  SPIN            1  KWEIGHT    3.3333333333333335E-003
     1    -17.0116  0.00000
     2    -15.4106  0.00000
     3    -10.0548  0.00000
     4     -6.8263  0.00000
     5     -2.2160  0.00000
     6     13.3389  0.00000
     7     22.0612  0.00000
     8     26.7711  0.00000

 KPT          122  SPIN            1  KWEIGHT    3.3333333333333335E-003
     1    -17.0045  0.00000
     2    -15.4060  0.00000
     3    -10.0812  0.00000
     4     -6.8165  0.00000
     5     -2.2282  0.00000
     6     13.3847  0.00000
     7     22.0328  0.00000
     8     26.8000  0.00000

 KPT          123  SPIN            1  KWEIGHT    3.3333333333333335E-003
     1    -16.9971  0.00000
     2    -15.4012  0.00000
     3    -10.1086  0.00000
     4     -6.8061  0.00000
     5     -2.2410  0.00000
     6     13.4323  0.00000
     7     22.0035  0.00000
     8     26.8297  0.00000

 KPT          124  SPIN            1  KWEIGHT    3.3333333333333335E-003
     1    -16.9893  0.00000
     2    -15.3962  0.00000
     3    -10.1370  0.00000
     4     -6.7953  0.00000
     5     -2.2543  0.00000
     6     13.4817  0.00000
     7     21.9733  0.00000
     8     26.8603  0.00000

 KPT          125  SPIN            1  KWEIGHT    3.3333333333333335E-003
     1    -16.9812  0.00000
     2    -15.3910  0.00000
     3    -10.1664  0.00000
     4     -6.7841  0.00000
     5     -2.2682  0.00000
     6     13.5328  0.00000
     7     21.9423  0.00000
     8     26.8916  0.00000

 KPT          126  SPIN            1  KWEIGHT    3.3333333333333335E-003
     1    -16.9728  0.00000
     2    -15.3856  0.00000
     3    -10.1968  0.00000
     4     -6.7724  0.00000
     5     -2.2826  0.00000
     6     13.5857  0.00000
     7     21.9104  0.00000
     8     26.9236  0.00000

 KPT          127  SPIN            1  KWEIGHT    3.3333333333333335E-003
     1    -16.9641  0.00000
     2    -15.3801  0.00000
     3    -10.2281  0.00000
     4     -6.7602  0.00000
     5     -2.2976  0.00000
     6     13.6402  0.00000
     7     21.8779  0.00000
     8     26.9564  0.00000

 KPT          128  SPIN            1  KWEIGHT    3.3333333333333335E-003
     1    -16.9550  0.00000
     2    -15.3743  0.00000
     3    -10.2603  0.00000
     4     -6.7476  0.00000
     5     -2.3131  0.00000
     6     13.6964  0.00000
     7     21.8446  0.00000
     8     26.9897  0.00000

 KPT          129  SPIN            1  KWEIGHT    3.3333333333333335E-003
     1    -16.9456  0.00000
     2    -15.3684  0.00000
     3    -10.2935  0.00000
     4     -6.7345  0.00000
     5     -2.3292  0.00000
     6     13.7542  0.00000
     7     21.8107  0.00000
     8     27.0237  0.00000

 KPT          130  SPIN            1  KWEIGHT    3.3333333333333335E-003
     1    -16.9359  0.00000
     2    -15.3624  0.00000
     3    -10.3274  0.00000
     4     -6.7210  0.00000
     5     -2.3458  0.00000
     6     13.8135  0.00000
     7     21.7761  0.00000
     8     27.0582  0.00000

 KPT          131  SPIN            1  KWEIGHT    3.3333333333333335E-003
     1    -16.9258  0.00000
     2    -15.3561  0.00000
     3    -10.3623  0.00000
     4     -6.7070  0.00000
     5     -2.3630  0.00000
     6     13.8742  0.00000
     7     21.7408  0.00000
     8     27.0933  0.00000

 KPT          132  SPIN            1  KWEIGHT    3.3333333333333335E-003
     1    -16.9154  0.00000
     2    -15.3498  0.00000
     3    -10.3979  0.00000
     4     -6.6926  0.00000
     5     -2.3806  0.00000
     6     13.9365  0.00000
     7     21.7050  0.00000
     8     27.1287  0.00000

 KPT          133  SPIN            1  KWEIGHT    3.3333333333333335E-003
     1    -16.9047  0.00000
     2    -15.3432  0.00000
     3    -10.4344  0.00000
     4     -6.6776  0.00000
     5     -2.3989  0.00000
     6     14.0001  0.00000
     7     21.6687  0.00000
     8     27.1647  0.00000

 KPT          134  SPIN            1  KWEIGHT    3.3333333333333335E-003
     1    -16.8937  0.00000
     2    -15.3365  0.00000
     3    -10.4715  0.00000
     4     -6.6623  0.00000
     5     -2.4176  0.00000
     6     14.0651  0.00000
     7     21.6318  0.00000
     8     27.2010  0.00000

 KPT          135  SPIN            1  KWEIGHT    3.3333333333333335E-003
     1    -16.8823  0.00000
     2    -15.3297  0.00000
     3    -10.5095  0.00000
     4     -6.6465  0.00000
     5     -2.4369  0.00000
     6     14.1314  0.00000
     7     21.5944  0.00000
     8     27.2377  0.00000

 KPT          136  SPIN            1  KWEIGHT    3.3333333333333335E-003
     1    -16.8706  0.00000
     2    -15.3228  0.00000
     3    -10.5481  0.00000
     4     -6.6302  0.00000
     5     -2.4567  0.00000
     6     14.1990  0.00000
     7     21.5566  0.00000
     8     27.2746  0.00000

 KPT          137  SPIN            1  KWEIGHT    3.3333333333333335E-003
     1    -16.8586  0.00000
     2    -15.3157  0.00000
     3    -10.5873  0.00000
     4     -6.6134  0.00000
     5     -2.4771  0.00000
     6     14.2678  0.00000
     7     21.5183  0.00000
     8     27.3119  0.00000

 KPT          138  SPIN            1  KWEIGHT    3.3333333333333335E-003
     1    -16.8463  0.00000
     2    -15.3085  0.00000
     3    -10.6272  0.00000
     4     -6.5962  0.00000
     5     -2.4979  0.00000
     6     14.3377  0.00000
     7     21.4796  0.00000
     8     27.3494  0.00000

 KPT          139  SPIN            1  KWEIGHT    3.3333333333333335E-003
     1    -16.8337  0.00000
     2    -15.3012  0.00000
     3    -10.6678  0.00000
     4     -6.5786  0.00000
     5     -2.5193  0.00000
     6     14.4087  0.00000
     7     21.4405  0.00000
     8     27.3871  0.00000

 KPT          140  SPIN            1  KWEIGHT    3.3333333333333335E-003
     1    -16.8207  0.00000
     2    -15.2938  0.00000
     3    -10.7088  0.00000
     4     -6.5605  0.00000
     5     -2.5412  0.00000
     6     14.4808  0.00000
     7     21.4010  0.00000
     8     27.4250  0.00000

 KPT          141  SPIN            1  KWEIGHT    3.3333333333333335E-003
     1    -16.8074  0.00000
     2    -15.2863  0.00000
     3    -10.7505  0.00000
     4     -6.5419  0.00000
     5     -2.5636  0.00000
     6     14.5539  0.00000
     7     21.3612  0.00000
     8     27.4630  0.00000

 KPT          142  SPIN            1  KWEIGHT    3.3333333333333335E-003
     1    -16.7938  0.00000
     2    -15.2787  0.00000
     3    -10.7926  0.00000
     4     -6.5229  0.00000
     5     -2.5866  0.00000
     6     14.6279  0.00000
     7     21.3210  0.00000
     8     27.5011  0.00000

 KPT          143  SPIN            1  KWEIGHT    3.3333333333333335E-003
     1    -16.7798  0.00000
     2    -15.2710  0.00000
     3    -10.8353  0.00000
     4     -6.5034  0.00000
     5     -2.6100  0.00000
     6     14.7029  0.00000
     7     21.2806  0.00000
     8     27.5393  0.00000

 KPT          144  SPIN            1  KWEIGHT    3.3333333333333335E-003
     1    -16.7656  0.00000
     2    -15.2633  0.00000
     3    -10.8783  0.00000
     4     -6.4834  0.00000
     5     -2.6339  0.00000
     6     14.7787  0.00000
     7     21.2398  0.00000
     8     27.5775  0.00000

 KPT          145  SPIN            1  KWEIGHT    3.3333333333333335E-003
     1    -16.7510  0.00000
     2    -15.2555  0.00000
     3    -10.9218  0.00000
     4     -6.4630  0.00000
     5     -2.6584  0.00000
     6     14.8552  0.00000
     7     21.1987  0.00000
     8     27.6157  0.00000

 KPT          146  SPIN            1  KWEIGHT    3.3333333333333335E-003
     1    -16.7361  0.00000
     2    -15.2476  0.00000
     3    -10.9657  0.00000
     4     -6.4422  0.00000
     5     -2.6833  0.00000
     6     14.9326  0.00000
     7     21.1574  0.00000
     8     27.6539  0.00000

 KPT          147  SPIN            1  KWEIGHT    3.3333333333333335E-003
     1    -16.7208  0.00000
     2    -15.2398  0.00000
     3    -11.0099  0.00000
     4     -6.4208  0.00000
     5     -2.7087  0.00000
     6     15.0106  0.00000
     7     21.1159  0.00000
     8     27.6921  0.00000

 KPT          148  SPIN            1  KWEIGHT    3.3333333333333335E-003
     1    -16.7053  0.00000
     2    -15.2319  0.00000
     3    -11.0545  0.00000
     4     -6.3991  0.00000
     5     -2.7347  0.00000
     6     15.0892  0.00000
     7     21.0741  0.00000
     8     27.7302  0.00000

 KPT          149  SPIN            1  KWEIGHT    3.3333333333333335E-003
     1    -16.6894  0.00000
     2    -15.2240  0.00000
     3    -11.0993  0.00000
     4     -6.3768  0.00000
     5     -2.7611  0.00000
     6     15.1685  0.00000
     7     21.0321  0.00000
     8     27.7681  0.00000

 KPT          150  SPIN            1  KWEIGHT    3.3333333333333335E-003
     1    -16.6733  0.00000
     2    -15.2161  0.00000
     3    -11.1444  0.00000
     4     -6.3542  0.00000
     5     -2.7880  0.00000
     6     15.2482  0.00000
     7     20.9899  0.00000
     8     27.8060  0.00000

 KPT          151  SPIN            1  KWEIGHT    3.3333333333333335E-003
     1    -16.6568  0.00000
     2    -15.2083  0.00000
     3    -11.1897  0.00000
     4     -6.3310  0.00000
     5     -2.8153  0.00000
     6     15.3285  0.00000
     7     20.9475  0.00000
     8     27.8436  0.00000

 KPT          152  SPIN            1  KWEIGHT    3.3333333333333335E-003
     1    -16.6399  0.00000
     2    -15.2005  0.00000
     3    -11.2351  0.00000
     4     -6.3074  0.00000
     5     -2.8432  0.00000
     6     15.4092  0.00000
     7     20.9049  0.00000
     8     27.8811  0.00000

 KPT          153  SPIN            1  KWEIGHT    3.3333333333333335E-003
     1    -16.6228  0.00000
     2    -15.1927  0.00000
     3    -11.2807  0.00000
     4     -6.2834  0.00000
     5     -2.8715  0.00000
     6     15.4902  0.00000
     7     20.8622  0.00000
     8     27.9184  0.00000

 KPT          154  SPIN            1  KWEIGHT    3.3333333333333335E-003
     1    -16.6054  0.00000
     2    -15.1850  0.00000
     3    -11.3265  0.00000
     4     -6.2589  0.00000
     5     -2.9003  0.00000
     6     15.5715  0.00000
     7     20.8193  0.00000
     8     27.9554  0.00000

 KPT          155  SPIN            1  KWEIGHT    3.3333333333333335E-003
     1    -16.5876  0.00000
     2    -15.1774  0.00000
     3    -11.3722  0.00000
     4     -6.2339  0.00000
     5     -2.9295  0.00000
     6     15.6531  0.00000
     7     20.7762  0.00000
     8     27.9921  0.00000

 KPT          156  SPIN            1  KWEIGHT    3.3333333333333335E-003
     1    -16.5695  0.00000
     2    -15.1700  0.00000
     3    -11.4180  0.00000
     4     -6.2085  0.00000
     5     -2.9592  0.00000
     6     15.7350  0.00000
     7     20.7331  0.00000
     8     28.0285  0.00000

 KPT          157  SPIN            1  KWEIGHT    3.3333333333333335E-003
     1    -16.5511  0.00000
     2    -15.1626  0.00000
     3    -11.4638  0.00000
     4     -6.1826  0.00000
     5     -2.9894  0.00000
     6     15.8169  0.00000
     7     20.6898  0.00000
     8     28.0646  0.00000

 KPT          158  SPIN            1  KWEIGHT    3.3333333333333335E-003
     1    -16.5324  0.00000
     2    -15.1555  0.00000
     3    -11.5095  0.00000
     4     -6.1563  0.00000
     5     -3.0200  0.00000
     6     15.8990  0.00000
     7     20.6464  0.00000
     8     28.1004  0.00000

 KPT          159  SPIN            1  KWEIGHT    3.3333333333333335E-003
     1    -16.5134  0.00000
     2    -15.1485  0.00000
     3    -11.5551  0.00000
     4     -6.1295  0.00000
     5     -3.0511  0.00000
     6     15.9811  0.00000
     7     20.6029  0.00000
     8     28.1357  0.00000

 KPT          160  SPIN            1  KWEIGHT    3.3333333333333335E-003
     1    -16.4941  0.00000
     2    -15.1417  0.00000
     3    -11.6006  0.00000
     4     -6.1023  0.00000
     5     -3.0826  0.00000
     6     16.0633  0.00000
     7     20.5593  0.00000
     8     28.1707  0.00000

 KPT          161  SPIN            1  KWEIGHT    3.3333333333333335E-003
     1    -16.4744  0.00000
     2    -15.1352  0.00000
     3    -11.6459  0.00000
     4     -6.0746  0.00000
     5     -3.1145  0.00000
     6     16.1453  0.00000
     7     20.5156  0.00000
     8     28.2052  0.00000

 KPT          162  SPIN            1  KWEIGHT    3.3333333333333335E-003
     1    -16.4545  0.00000
     2    -15.1289  0.00000
     3    -11.6910  0.00000
     4     -6.0465  0.00000
     5     -3.1469  0.00000
     6     16.2273  0.00000
     7     20.4719  0.00000
     8     28.2393  0.00000

 KPT          163  SPIN            1  KWEIGHT    3.3333333333333335E-003
     1    -16.4342  0.00000
     2    -15.1229  0.00000
     3    -11.7358  0.00000
     4     -6.0179  0.00000
     5     -3.1797  0.00000
     6     16.3091  0.00000
     7     20.4280  0.00000
     8     28.2729  0.00000

 KPT          164  SPIN            1  KWEIGHT    3.3333333333333335E-003
     1    -16.4136  0.00000
     2    -15.1173  0.00000
     3    -11.7803  0.00000
     4     -5.9889  0.00000
     5     -3.2129  0.00000
     6     16.3907  0.00000
     7     20.3841  0.00000
     8     28.3060  0.00000

 KPT          165  SPIN            1  KWEIGHT    3.3333333333333335E-003
     1    -16.3927  0.00000
     2    -15.1120  0.00000
     3    -11.8244  0.00000
     4     -5.9594  0.00000
     5     -3.2466  0.00000
     6     16.4721  0.00000
     7     20.3402  0.00000
     8     28.3386  0.00000

 KPT          166  SPIN            1  KWEIGHT    3.3333333333333335E-003
     1    -16.3715  0.00000
     2    -15.1071  0.00000
     3    -11.8681  0.00000
     4     -5.9294  0.00000
     5     -3.2806  0.00000
     6     16.5531  0.00000
     7     20.2961  0.00000
     8     28.3707  0.00000

 KPT          167  SPIN            1  KWEIGHT    3.3333333333333335E-003
     1    -16.3500  0.00000
     2    -15.1026  0.00000
     3    -11.9113  0.00000
     4     -5.8990  0.00000
     5     -3.3151  0.00000
     6     16.6338  0.00000
     7     20.2521  0.00000
     8     28.4021  0.00000

 KPT          168  SPIN            1  KWEIGHT    3.3333333333333335E-003
     1    -16.3282  0.00000
     2    -15.0987  0.00000
     3    -11.9540  0.00000
     4     -5.8682  0.00000
     5     -3.3500  0.00000
     6     16.7140  0.00000
     7     20.2080  0.00000
     8     28.4330  0.00000

 KPT          169  SPIN            1  KWEIGHT    3.3333333333333335E-003
     1    -16.3061  0.00000
     2    -15.0952  0.00000
     3    -11.9962  0.00000
     4     -5.8369  0.00000
     5     -3.3852  0.00000
     6     16.7938  0.00000
     7     20.1638  0.00000
     8     28.4632  0.00000

 KPT          170  SPIN            1  KWEIGHT    3.3333333333333335E-003
     1    -16.2837  0.00000
     2    -15.0923  0.00000
     3    -12.0377  0.00000
     4     -5.8052  0.00000
     5     -3.4209  0.00000
     6     16.8731  0.00000
     7     20.1197  0.00000
     8     28.4928  0.00000

 KPT          171  SPIN            1  KWEIGHT    3.3333333333333335E-003
     1    -16.2609  0.00000
     2    -15.0899  0.00000
     3    -12.0785  0.00000
     4     -5.7730  0.00000
     5     -3.4570  0.00000
     6     16.9519  0.00000
     7     20.0755  0.00000
     8     28.5218  0.00000

 KPT          172  SPIN            1  KWEIGHT    3.3333333333333335E-003
     1    -16.2379  0.00000
     2    -15.0883  0.00000
     3    -12.1185  0.00000
     4     -5.7403  0.00000
     5     -3.4934  0.00000
     6     17.0300  0.00000
     7     20.0313  0.00000
     8     28.5500  0.00000

 KPT          173  SPIN            1  KWEIGHT    3.3333333333333335E-003
     1    -16.2145  0.00000
     2    -15.0873  0.00000
     3    -12.1578  0.00000
     4     -5.7073  0.00000
     5     -3.5303  0.00000
     6     17.1075  0.00000
     7     19.9870  0.00000
     8     28.5776  0.00000

 KPT          174  SPIN            1  KWEIGHT    3.3333333333333335E-003
     1    -16.1909  0.00000
     2    -15.0870  0.00000
     3    -12.1961  0.00000
     4     -5.6737  0.00000
     5     -3.5675  0.00000
     6     17.1842  0.00000
     7     19.9428  0.00000
     8     28.6044  0.00000

 KPT          175  SPIN            1  KWEIGHT    3.3333333333333335E-003
     1    -16.1669  0.00000
     2    -15.0875  0.00000
     3    -12.2336  0.00000
     4     -5.6398  0.00000
     5     -3.6050  0.00000
     6     17.2603  0.00000
     7     19.8985  0.00000
     8     28.6305  0.00000

 KPT          176  SPIN            1  KWEIGHT    3.3333333333333335E-003
     1    -16.1427  0.00000
     2    -15.0889  0.00000
     3    -12.2701  0.00000
     4     -5.6053  0.00000
     5     -3.6430  0.00000
     6     17.3355  0.00000
     7     19.8543  0.00000
     8     28.6558  0.00000

 KPT          177  SPIN            1  KWEIGHT    3.3333333333333335E-003
     1    -16.1181  0.00000
     2    -15.0912  0.00000
     3    -12.3055  0.00000
     4     -5.5705  0.00000
     5     -3.6813  0.00000
     6     17.4099  0.00000
     7     19.8100  0.00000
     8     28.6803  0.00000

 KPT          178  SPIN            1  KWEIGHT    3.3333333333333335E-003
     1    -16.0933  0.00000
     2    -15.0943  0.00000
     3    -12.3398  0.00000
     4     -5.5352  0.00000
     5     -3.7199  0.00000
     6     17.4834  0.00000
     7     19.7657  0.00000
     8     28.7039  0.00000

 KPT          179  SPIN            1  KWEIGHT    3.3333333333333335E-003
     1    -16.0681  0.00000
     2    -15.0985  0.00000
     3    -12.3730  0.00000
     4     -5.4994  0.00000
     5     -3.7589  0.00000
     6     17.5561  0.00000
     7     19.7215  0.00000
     8     28.7268  0.00000

 KPT          180  SPIN            1  KWEIGHT    3.3333333333333335E-003
     1    -16.0427  0.00000
     2    -15.1037  0.00000
     3    -12.4049  0.00000
     4     -5.4632  0.00000
     5     -3.7982  0.00000
     6     17.6277  0.00000
     7     19.6773  0.00000
     8     28.7487  0.00000

 KPT          181  SPIN            1  KWEIGHT    3.3333333333333335E-003
     1    -16.0169  0.00000
     2    -15.1099  0.00000
     3    -12.4356  0.00000
     4     -5.4266  0.00000
     5     -3.8379  0.00000
     6     17.6983  0.00000
     7     19.6330  0.00000
     8     28.7698  0.00000

 KPT          182  SPIN            1  KWEIGHT    3.3333333333333335E-003
     1    -15.9909  0.00000
     2    -15.1173  0.00000
     3    -12.4649  0.00000
     4     -5.3895  0.00000
     5     -3.8779  0.00000
     6     17.7679  0.00000
     7     19.5888  0.00000
     8     28.7900  0.00000

 KPT          183  SPIN            1  KWEIGHT    3.3333333333333335E-003
     1    -15.9645  0.00000
     2    -15.1259  0.00000
     3    -12.4928  0.00000
     4     -5.3520  0.00000
     5     -3.9182  0.00000
     6     17.8364  0.00000
     7     19.5446  0.00000
     8     28.8093  0.00000

 KPT          184  SPIN            1  KWEIGHT    3.3333333333333335E-003
     1    -15.9379  0.00000
     2    -15.1357  0.00000
     3    -12.5193  0.00000
     4     -5.3140  0.00000
     5     -3.9589  0.00000
     6     17.9037  0.00000
     7     19.5004  0.00000
     8     28.8276  0.00000

 KPT          185  SPIN            1  KWEIGHT    3.3333333333333335E-003
     1    -15.9110  0.00000
     2    -15.1467  0.00000
     3    -12.5443  0.00000
     4     -5.2756  0.00000
     5     -3.9998  0.00000
     6     17.9699  0.00000
     7     19.4563  0.00000
     8     28.8450  0.00000

 KPT          186  SPIN            1  KWEIGHT    3.3333333333333335E-003
     1    -15.8837  0.00000
     2    -15.1590  0.00000
     3    -12.5678  0.00000
     4     -5.2368  0.00000
     5     -4.0411  0.00000
     6     18.0349  0.00000
     7     19.4121  0.00000
     8     28.8613  0.00000

 KPT          187  SPIN            1  KWEIGHT    3.3333333333333335E-003
     1    -15.8562  0.00000
     2    -15.1726  0.00000
     3    -12.5897  0.00000
     4     -5.1975  0.00000
     5     -4.0827  0.00000
     6     18.0986  0.00000
     7     19.3680  0.00000
     8     28.8767  0.00000

 KPT          188  SPIN            1  KWEIGHT    3.3333333333333335E-003
     1    -15.8284  0.00000
     2    -15.1875  0.00000
     3    -12.6100  0.00000
     4     -5.1578  0.00000
     5     -4.1246  0.00000
     6     18.1610  0.00000
     7     19.3239  0.00000
     8     28.8910  0.00000

 KPT          189  SPIN            1  KWEIGHT    3.3333333333333335E-003
     1    -15.8003  0.00000
     2    -15.2038  0.00000
     3    -12.6287  0.00000
     4     -5.1177  0.00000
     5     -4.1667  0.00000
     6     18.2221  0.00000
     7     19.2799  0.00000
     8     28.9043  0.00000

 KPT          190  SPIN            1  KWEIGHT    3.3333333333333335E-003
     1    -15.7719  0.00000
     2    -15.2215  0.00000
     3    -12.6457  0.00000
     4     -5.0771  0.00000
     5     -4.2091  0.00000
     6     18.2819  0.00000
     7     19.2359  0.00000
     8     28.9166  0.00000

 KPT          191  SPIN            1  KWEIGHT    3.3333333333333335E-003
     1    -15.7432  0.00000
     2    -15.2405  0.00000
     3    -12.6611  0.00000
     4     -5.0361  0.00000
     5     -4.2519  0.00000
     6     18.3402  0.00000
     7     19.1919  0.00000
     8     28.9277  0.00000

 KPT          192  SPIN            1  KWEIGHT    3.3333333333333335E-003
     1    -15.7142  0.00000
     2    -15.2609  0.00000
     3    -12.6748  0.00000
     4     -4.9946  0.00000
     5     -4.2948  0.00000
     6     18.3972  0.00000
     7     19.1479  0.00000
     8     28.9378  0.00000

 KPT          193  SPIN            1  KWEIGHT    3.3333333333333335E-003
     1    -15.6850  0.00000
     2    -15.2827  0.00000
     3    -12.6869  0.00000
     4     -4.9528  0.00000
     5     -4.3381  0.00000
     6     18.4527  0.00000
     7     19.1040  0.00000
     8     28.9467  0.00000

 KPT          194  SPIN            1  KWEIGHT    3.3333333333333335E-003
     1    -15.6554  0.00000
     2    -15.3058  0.00000
     3    -12.6973  0.00000
     4     -4.9105  0.00000
     5     -4.3816  0.00000
     6     18.5067  0.00000
     7     19.0601  0.00000
     8     28.9545  0.00000

 KPT          195  SPIN            1  KWEIGHT    3.3333333333333335E-003
     1    -15.6256  0.00000
     2    -15.3303  0.00000
     3    -12.7060  0.00000
     4     -4.8678  0.00000
     5     -4.4254  0.00000
     6     18.5591  0.00000
     7     19.0163  0.00000
     8     28.9612  0.00000

 KPT          196  SPIN            1  KWEIGHT    3.3333333333333335E-003
     1    -15.5954  0.00000
     2    -15.3561  0.00000
     3    -12.7131  0.00000
     4     -4.8246  0.00000
     5     -4.4694  0.00000
     6     18.6100  0.00000
     7     18.9725  0.00000
     8     28.9666  0.00000

 KPT          197  SPIN            1  KWEIGHT    3.3333333333333335E-003
     1    -15.5650  0.00000
     2    -15.3833  0.00000
     3    -12.7185  0.00000
     4     -4.7810  0.00000
     5     -4.5136  0.00000
     6     18.6594  0.00000
     7     18.9287  0.00000
     8     28.9709  0.00000

 KPT          198  SPIN            1  KWEIGHT    3.3333333333333335E-003
     1    -15.5343  0.00000
     2    -15.4116  0.00000
     3    -12.7224  0.00000
     4     -4.7370  0.00000
     5     -4.5581  0.00000
     6     18.7071  0.00000
     7     18.8850  0.00000
     8     28.9740  0.00000

 KPT          199  SPIN            1  KWEIGHT    3.3333333333333335E-003
     1    -15.5033  0.00000
     2    -15.4413  0.00000
     3    -12.7247  0.00000
     4     -4.6926  0.00000
     5     -4.6028  0.00000
     6     18.7532  0.00000
     7     18.8413  0.00000
     8     28.9759  0.00000

 KPT          200  SPIN            1  KWEIGHT    3.3333333333333335E-003
     1    -15.4721  0.00000
     2    -15.4721  0.00000
     3    -12.7254  0.00000
     4     -4.6478  0.00000
     5     -4.6478  0.00000
     6     18.7977  0.00000
     7     18.7977  0.00000
     8     28.9765  0.00000

 KPT          201  SPIN            1  KWEIGHT    3.3333333333333335E-003
     1    -15.5371  0.00000
     2    -15.4087  0.00000
     3    -12.7225  0.00000
     4     -4.7383  0.00000
     5     -4.5569  0.00000
     6     18.7106  0.00000
     7     18.8815  0.00000
     8     28.9740  0.00000

 KPT          202  SPIN            1  KWEIGHT    3.3333333333333335E-003
     1    -15.6065  0.00000
     2    -15.3442  0.00000
     3    -12.7138  0.00000
     4     -4.8296  0.00000
     5     -4.4643  0.00000
     6     18.6236  0.00000
     7     18.9584  0.00000
     8     28.9663  0.00000

 KPT          203  SPIN            1  KWEIGHT    3.3333333333333335E-003
     1    -15.6797  0.00000
     2    -15.2786  0.00000
     3    -12.6999  0.00000
     4     -4.9217  0.00000
     5     -4.3700  0.00000
     6     18.5368  0.00000
     7     19.0282  0.00000
     8     28.9534  0.00000

 KPT          204  SPIN            1  KWEIGHT    3.3333333333333335E-003
     1    -15.7565  0.00000
     2    -15.2119  0.00000
     3    -12.6809  0.00000
     4     -5.0145  0.00000
     5     -4.2742  0.00000
     6     18.4503  0.00000
     7     19.0908  0.00000
     8     28.9351  0.00000

 KPT          205  SPIN            1  KWEIGHT    3.3333333333333335E-003
     1    -15.8364  0.00000
     2    -15.1441  0.00000
     3    -12.6573  0.00000
     4     -5.1080  0.00000
     5     -4.1767  0.00000
     6     18.3639  0.00000
     7     19.1460  0.00000
     8     28.9113  0.00000

 KPT          206  SPIN            1  KWEIGHT    3.3333333333333335E-003
     1    -15.9191  0.00000
     2    -15.0752  0.00000
     3    -12.6294  0.00000
     4     -5.2020  0.00000
     5     -4.0776  0.00000
     6     18.2777  0.00000
     7     19.1937  0.00000
     8     28.8820  0.00000

 KPT          207  SPIN            1  KWEIGHT    3.3333333333333335E-003
     1    -16.0043  0.00000
     2    -15.0053  0.00000
     3    -12.5975  0.00000
     4     -5.2966  0.00000
     5     -3.9769  0.00000
     6     18.1917  0.00000
     7     19.2339  0.00000
     8     28.8470  0.00000

 KPT          208  SPIN            1  KWEIGHT    3.3333333333333335E-003
     1    -16.0915  0.00000
     2    -14.9342  0.00000
     3    -12.5619  0.00000
     4     -5.3918  0.00000
     5     -3.8747  0.00000
     6     18.1058  0.00000
     7     19.2663  0.00000
     8     28.8063  0.00000

 KPT          209  SPIN            1  KWEIGHT    3.3333333333333335E-003
     1    -16.1806  0.00000
     2    -14.8621  0.00000
     3    -12.5230  0.00000
     4     -5.4873  0.00000
     5     -3.7709  0.00000
     6     18.0202  0.00000
     7     19.2910  0.00000
     8     28.7598  0.00000

 KPT          210  SPIN            1  KWEIGHT    3.3333333333333335E-003
     1    -16.2711  0.00000
     2    -14.7889  0.00000
     3    -12.4809  0.00000
     4     -5.5833  0.00000
     5     -3.6656  0.00000
     6     17.9348  0.00000
     7     19.3080  0.00000
     8     28.7074  0.00000

 KPT          211  SPIN            1  KWEIGHT    3.3333333333333335E-003
     1    -16.3630  0.00000
     2    -14.7147  0.00000
     3    -12.4359  0.00000
     4     -5.6796  0.00000
     5     -3.5588  0.00000
     6     17.8495  0.00000
     7     19.3171  0.00000
     8     28.6490  0.00000

 KPT          212  SPIN            1  KWEIGHT    3.3333333333333335E-003
     1    -16.4559  0.00000
     2    -14.6395  0.00000
     3    -12.3883  0.00000
     4     -5.7763  0.00000
     5     -3.4505  0.00000
     6     17.7644  0.00000
     7     19.3184  0.00000
     8     28.5847  0.00000

 KPT          213  SPIN            1  KWEIGHT    3.3333333333333335E-003
     1    -16.5496  0.00000
     2    -14.5632  0.00000
     3    -12.3382  0.00000
     4     -5.8731  0.00000
     5     -3.3407  0.00000
     6     17.6794  0.00000
     7     19.3119  0.00000
     8     28.5143  0.00000

 KPT          214  SPIN            1  KWEIGHT    3.3333333333333335E-003
     1    -16.6440  0.00000
     2    -14.4858  0.00000
     3    -12.2857  0.00000
     4     -5.9702  0.00000
     5     -3.2296  0.00000
     6     17.5947  0.00000
     7     19.2976  0.00000
     8     28.4379  0.00000

 KPT          215  SPIN            1  KWEIGHT    3.3333333333333335E-003
     1    -16.7389  0.00000
     2    -14.4075  0.00000
     3    -12.2312  0.00000
     4     -6.0674  0.00000
     5     -3.1170  0.00000
     6     17.5100  0.00000
     7     19.2756  0.00000
     8     28.3554  0.00000

 KPT          216  SPIN            1  KWEIGHT    3.3333333333333335E-003
     1    -16.8341  0.00000
     2    -14.3282  0.00000
     3    -12.1746  0.00000
     4     -6.1648  0.00000
     5     -3.0030  0.00000
     6     17.4256  0.00000
     7     19.2458  0.00000
     8     28.2669  0.00000

 KPT          217  SPIN            1  KWEIGHT    3.3333333333333335E-003
     1    -16.9296  0.00000
     2    -14.2478  0.00000
     3    -12.1162  0.00000
     4     -6.2621  0.00000
     5     -2.8877  0.00000
     6     17.3412  0.00000
     7     19.2085  0.00000
     8     28.1722  0.00000

 KPT          218  SPIN            1  KWEIGHT    3.3333333333333335E-003
     1    -17.0251  0.00000
     2    -14.1665  0.00000
     3    -12.0561  0.00000
     4     -6.3595  0.00000
     5     -2.7710  0.00000
     6     17.2570  0.00000
     7     19.1636  0.00000
     8     28.0715  0.00000

 KPT          219  SPIN            1  KWEIGHT    3.3333333333333335E-003
     1    -17.1205  0.00000
     2    -14.0842  0.00000
     3    -11.9944  0.00000
     4     -6.4568  0.00000
     5     -2.6531  0.00000
     6     17.1728  0.00000
     7     19.1113  0.00000
     8     27.9648  0.00000

 KPT          220  SPIN            1  KWEIGHT    3.3333333333333335E-003
     1    -17.2159  0.00000
     2    -14.0009  0.00000
     3    -11.9311  0.00000
     4     -6.5540  0.00000
     5     -2.5339  0.00000
     6     17.0888  0.00000
     7     19.0516  0.00000
     8     27.8520  0.00000

 KPT          221  SPIN            1  KWEIGHT    3.3333333333333335E-003
     1    -17.3110  0.00000
     2    -13.9166  0.00000
     3    -11.8664  0.00000
     4     -6.6511  0.00000
     5     -2.4135  0.00000
     6     17.0048  0.00000
     7     18.9848  0.00000
     8     27.7332  0.00000

 KPT          222  SPIN            1  KWEIGHT    3.3333333333333335E-003
     1    -17.4057  0.00000
     2    -13.8314  0.00000
     3    -11.8003  0.00000
     4     -6.7480  0.00000
     5     -2.2919  0.00000
     6     16.9209  0.00000
     7     18.9110  0.00000
     8     27.6086  0.00000

 KPT          223  SPIN            1  KWEIGHT    3.3333333333333335E-003
     1    -17.5001  0.00000
     2    -13.7453  0.00000
     3    -11.7330  0.00000
     4     -6.8447  0.00000
     5     -2.1692  0.00000
     6     16.8370  0.00000
     7     18.8303  0.00000
     8     27.4781  0.00000

 KPT          224  SPIN            1  KWEIGHT    3.3333333333333335E-003
     1    -17.5941  0.00000
     2    -13.6582  0.00000
     3    -11.6645  0.00000
     4     -6.9411  0.00000
     5     -2.0453  0.00000
     6     16.7532  0.00000
     7     18.7428  0.00000
     8     27.3418  0.00000

 KPT          225  SPIN            1  KWEIGHT    3.3333333333333335E-003
     1    -17.6875  0.00000
     2    -13.5702  0.00000
     3    -11.5949  0.00000
     4     -7.0371  0.00000
     5     -1.9204  0.00000
     6     16.6694  0.00000
     7     18.6488  0.00000
     8     27.1999  0.00000

 KPT          226  SPIN            1  KWEIGHT    3.3333333333333335E-003
     1    -17.7804  0.00000
     2    -13.4813  0.00000
     3    -11.5242  0.00000
     4     -7.1328  0.00000
     5     -1.7944  0.00000
     6     16.5855  0.00000
     7     18.5485  0.00000
     8     27.0524  0.00000

 KPT          227  SPIN            1  KWEIGHT    3.3333333333333335E-003
     1    -17.8726  0.00000
     2    -13.3914  0.00000
     3    -11.4526  0.00000
     4     -7.2281  0.00000
     5     -1.6675  0.00000
     6     16.5016  0.00000
     7     18.4421  0.00000
     8     26.8995  0.00000

 KPT          228  SPIN            1  KWEIGHT    3.3333333333333335E-003
     1    -17.9642  0.00000
     2    -13.3007  0.00000
     3    -11.3800  0.00000
     4     -7.3229  0.00000
     5     -1.5396  0.00000
     6     16.4176  0.00000
     7     18.3297  0.00000
     8     26.7412  0.00000

 KPT          229  SPIN            1  KWEIGHT    3.3333333333333335E-003
     1    -18.0550  0.00000
     2    -13.2091  0.00000
     3    -11.3065  0.00000
     4     -7.4172  0.00000
     5     -1.4108  0.00000
     6     16.3334  0.00000
     7     18.2116  0.00000
     8     26.5777  0.00000

 KPT          230  SPIN            1  KWEIGHT    3.3333333333333335E-003
     1    -18.1451  0.00000
     2    -13.1166  0.00000
     3    -11.2323  0.00000
     4     -7.5110  0.00000
     5     -1.2812  0.00000
     6     16.2492  0.00000
     7     18.0880  0.00000
     8     26.4093  0.00000

 KPT          231  SPIN            1  KWEIGHT    3.3333333333333335E-003
     1    -18.2343  0.00000
     2    -13.0233  0.00000
     3    -11.1572  0.00000
     4     -7.6042  0.00000
     5     -1.1508  0.00000
     6     16.1647  0.00000
     7     17.9592  0.00000
     8     26.2359  0.00000

 KPT          232  SPIN            1  KWEIGHT    3.3333333333333335E-003
     1    -18.3228  0.00000
     2    -12.9291  0.00000
     3    -11.0815  0.00000
     4     -7.6968  0.00000
     5     -1.0196  0.00000
     6     16.0801  0.00000
     7     17.8254  0.00000
     8     26.0579  0.00000

 KPT          233  SPIN            1  KWEIGHT    3.3333333333333335E-003
     1    -18.4104  0.00000
     2    -12.8341  0.00000
     3    -11.0050  0.00000
     4     -7.7887  0.00000
     5     -0.8878  0.00000
     6     15.9952  0.00000
     7     17.6868  0.00000
     8     25.8754  0.00000

 KPT          234  SPIN            1  KWEIGHT    3.3333333333333335E-003
     1    -18.4971  0.00000
     2    -12.7382  0.00000
     3    -10.9280  0.00000
     4     -7.8800  0.00000
     5     -0.7553  0.00000
     6     15.9100  0.00000
     7     17.5436  0.00000
     8     25.6886  0.00000

 KPT          235  SPIN            1  KWEIGHT    3.3333333333333335E-003
     1    -18.5828  0.00000
     2    -12.6416  0.00000
     3    -10.8504  0.00000
     4     -7.9705  0.00000
     5     -0.6223  0.00000
     6     15.8244  0.00000
     7     17.3962  0.00000
     8     25.4977  0.00000

 KPT          236  SPIN            1  KWEIGHT    3.3333333333333335E-003
     1    -18.6676  0.00000
     2    -12.5441  0.00000
     3    -10.7722  0.00000
     4     -8.0602  0.00000
     5     -0.4887  0.00000
     6     15.7384  0.00000
     7     17.2447  0.00000
     8     25.3030  0.00000

 KPT          237  SPIN            1  KWEIGHT    3.3333333333333335E-003
     1    -18.7515  0.00000
     2    -12.4459  0.00000
     3    -10.6936  0.00000
     4     -8.1492  0.00000
     5     -0.3547  0.00000
     6     15.6520  0.00000
     7     17.0895  0.00000
     8     25.1047  0.00000

 KPT          238  SPIN            1  KWEIGHT    3.3333333333333335E-003
     1    -18.8343  0.00000
     2    -12.3469  0.00000
     3    -10.6145  0.00000
     4     -8.2373  0.00000
     5     -0.2202  0.00000
     6     15.5651  0.00000
     7     16.9308  0.00000
     8     24.9030  0.00000

 KPT          239  SPIN            1  KWEIGHT    3.3333333333333335E-003
     1    -18.9161  0.00000
     2    -12.2472  0.00000
     3    -10.5350  0.00000
     4     -8.3246  0.00000
     5     -0.0855  0.00000
     6     15.4776  0.00000
     7     16.7689  0.00000
     8     24.6982  0.00000

 KPT          240  SPIN            1  KWEIGHT    3.3333333333333335E-003
     1    -18.9969  0.00000
     2    -12.1467  0.00000
     3    -10.4551  0.00000
     4     -8.4109  0.00000
     5      0.0495  0.00000
     6     15.3894  0.00000
     7     16.6039  0.00000
     8     24.4905  0.00000

 KPT          241  SPIN            1  KWEIGHT    3.3333333333333335E-003
     1    -19.0766  0.00000
     2    -12.0455  0.00000
     3    -10.3750  0.00000
     4     -8.4964  0.00000
     5      0.1847  0.00000
     6     15.3005  0.00000
     7     16.4362  0.00000
     8     24.2804  0.00000

 KPT          242  SPIN            1  KWEIGHT    3.3333333333333335E-003
     1    -19.1553  0.00000
     2    -11.9436  0.00000
     3    -10.2946  0.00000
     4     -8.5809  0.00000
     5      0.3201  0.00000
     6     15.2108  0.00000
     7     16.2660  0.00000
     8     24.0680  0.00000

 KPT          243  SPIN            1  KWEIGHT    3.3333333333333335E-003
     1    -19.2328  0.00000
     2    -11.8411  0.00000
     3    -10.2139  0.00000
     4     -8.6643  0.00000
     5      0.4555  0.00000
     6     15.1203  0.00000
     7     16.0937  0.00000
     8     23.8537  0.00000

 KPT          244  SPIN            1  KWEIGHT    3.3333333333333335E-003
     1    -19.3093  0.00000
     2    -11.7379  0.00000
     3    -10.1331  0.00000
     4     -8.7468  0.00000
     5      0.5908  0.00000
     6     15.0288  0.00000
     7     15.9193  0.00000
     8     23.6378  0.00000

 KPT          245  SPIN            1  KWEIGHT    3.3333333333333335E-003
     1    -19.3846  0.00000
     2    -11.6341  0.00000
     3    -10.0522  0.00000
     4     -8.8282  0.00000
     5      0.7261  0.00000
     6     14.9362  0.00000
     7     15.7433  0.00000
     8     23.4206  0.00000

 KPT          246  SPIN            1  KWEIGHT    3.3333333333333335E-003
     1    -19.4588  0.00000
     2    -11.5296  0.00000
     3     -9.9711  0.00000
     4     -8.9086  0.00000
     5      0.8612  0.00000
     6     14.8425  0.00000
     7     15.5658  0.00000
     8     23.2024  0.00000

 KPT          247  SPIN            1  KWEIGHT    3.3333333333333335E-003
     1    -19.5318  0.00000
     2    -11.4246  0.00000
     3     -9.8900  0.00000
     4     -8.9878  0.00000
     5      0.9961  0.00000
     6     14.7475  0.00000
     7     15.3870  0.00000
     8     22.9837  0.00000

 KPT          248  SPIN            1  KWEIGHT    3.3333333333333335E-003
     1    -19.6037  0.00000
     2    -11.3190  0.00000
     3     -9.8089  0.00000
     4     -9.0660  0.00000
     5      1.1306  0.00000
     6     14.6512  0.00000
     7     15.2073  0.00000
     8     22.7647  0.00000

 KPT          249  SPIN            1  KWEIGHT    3.3333333333333335E-003
     1    -19.6743  0.00000
     2    -11.2129  0.00000
     3     -9.7279  0.00000
     4     -9.1429  0.00000
     5      1.2647  0.00000
     6     14.5535  0.00000
     7     15.0269  0.00000
     8     22.5458  0.00000

 KPT          250  SPIN            1  KWEIGHT    3.3333333333333335E-003
     1    -19.7438  0.00000
     2    -11.1063  0.00000
     3     -9.6469  0.00000
     4     -9.2187  0.00000
     5      1.3983  0.00000
     6     14.4541  0.00000
     7     14.8460  0.00000
     8     22.3274  0.00000

 KPT          251  SPIN            1  KWEIGHT    3.3333333333333335E-003
     1    -19.8121  0.00000
     2    -10.9993  0.00000
     3     -9.5661  0.00000
     4     -9.2934  0.00000
     5      1.5314  0.00000
     6     14.3531  0.00000
     7     14.6648  0.00000
     8     22.1099  0.00000

 KPT          252  SPIN            1  KWEIGHT    3.3333333333333335E-003
     1    -19.8792  0.00000
     2    -10.8918  0.00000
     3     -9.4854  0.00000
     4     -9.3668  0.00000
     5      1.6638  0.00000
     6     14.2504  0.00000
     7     14.4836  0.00000
     8     21.8937  0.00000

 KPT          253  SPIN            1  KWEIGHT    3.3333333333333335E-003
     1    -19.9450  0.00000
     2    -10.7840  0.00000
     3     -9.4389  0.00000
     4     -9.4050  0.00000
     5      1.7954  0.00000
     6     14.1457  0.00000
     7     14.3025  0.00000
     8     21.6790  0.00000

 KPT          254  SPIN            1  KWEIGHT    3.3333333333333335E-003
     1    -20.0096  0.00000
     2    -10.6758  0.00000
     3     -9.5098  0.00000
     4     -9.3248  0.00000
     5      1.9262  0.00000
     6     14.0390  0.00000
     7     14.1219  0.00000
     8     21.4664  0.00000

 KPT          255  SPIN            1  KWEIGHT    3.3333333333333335E-003
     1    -20.0730  0.00000
     2    -10.5673  0.00000
     3     -9.5795  0.00000
     4     -9.2450  0.00000
     5      2.0561  0.00000
     6     13.9303  0.00000
     7     13.9419  0.00000
     8     21.2561  0.00000

 KPT          256  SPIN            1  KWEIGHT    3.3333333333333335E-003
     1    -20.1351  0.00000
     2    -10.4585  0.00000
     3     -9.6478  0.00000
     4     -9.1656  0.00000
     5      2.1850  0.00000
     6     13.7627  0.00000
     7     13.8193  0.00000
     8     21.0486  0.00000

 KPT          257  SPIN            1  KWEIGHT    3.3333333333333335E-003
     1    -20.1959  0.00000
     2    -10.3496  0.00000
     3     -9.7148  0.00000
     4     -9.0866  0.00000
     5      2.3127  0.00000
     6     13.5845  0.00000
     7     13.7061  0.00000
     8     20.8443  0.00000

 KPT          258  SPIN            1  KWEIGHT    3.3333333333333335E-003
     1    -20.2555  0.00000
     2    -10.2405  0.00000
     3     -9.7805  0.00000
     4     -9.0081  0.00000
     5      2.4393  0.00000
     6     13.4076  0.00000
     7     13.5905  0.00000
     8     20.6434  0.00000

 KPT          259  SPIN            1  KWEIGHT    3.3333333333333335E-003
     1    -20.3138  0.00000
     2    -10.1313  0.00000
     3     -9.8448  0.00000
     4     -8.9301  0.00000
     5      2.5645  0.00000
     6     13.2321  0.00000
     7     13.4725  0.00000
     8     20.4463  0.00000

 KPT          260  SPIN            1  KWEIGHT    3.3333333333333335E-003
     1    -20.3708  0.00000
     2    -10.0220  0.00000
     3     -9.9078  0.00000
     4     -8.8528  0.00000
     5      2.6884  0.00000
     6     13.0582  0.00000
     7     13.3521  0.00000
     8     20.2534  0.00000

 KPT          261  SPIN            1  KWEIGHT    3.3333333333333335E-003
     1    -20.4265  0.00000
     2     -9.9694  0.00000
     3     -9.9128  0.00000
     4     -8.7761  0.00000
     5      2.8108  0.00000
     6     12.8861  0.00000
     7     13.2291  0.00000
     8     20.0649  0.00000

 KPT          262  SPIN            1  KWEIGHT    3.3333333333333335E-003
     1    -20.4809  0.00000
     2    -10.0295  0.00000
     3     -9.8037  0.00000
     4     -8.7001  0.00000
     5      2.9317  0.00000
     6     12.7160  0.00000
     7     13.1038  0.00000
     8     19.8812  0.00000

 KPT          263  SPIN            1  KWEIGHT    3.3333333333333335E-003
     1    -20.5339  0.00000
     2    -10.0883  0.00000
     3     -9.6948  0.00000
     4     -8.6248  0.00000
     5      3.0508  0.00000
     6     12.5480  0.00000
     7     12.9759  0.00000
     8     19.7025  0.00000

 KPT          264  SPIN            1  KWEIGHT    3.3333333333333335E-003
     1    -20.5857  0.00000
     2    -10.1457  0.00000
     3     -9.5861  0.00000
     4     -8.5504  0.00000
     5      3.1682  0.00000
     6     12.3823  0.00000
     7     12.8457  0.00000
     8     19.5290  0.00000

 KPT          265  SPIN            1  KWEIGHT    3.3333333333333335E-003
     1    -20.6361  0.00000
     2    -10.2016  0.00000
     3     -9.4777  0.00000
     4     -8.4769  0.00000
     5      3.2838  0.00000
     6     12.2191  0.00000
     7     12.7132  0.00000
     8     19.3610  0.00000

 KPT          266  SPIN            1  KWEIGHT    3.3333333333333335E-003
     1    -20.6852  0.00000
     2    -10.2560  0.00000
     3     -9.3698  0.00000
     4     -8.4043  0.00000
     5      3.3974  0.00000
     6     12.0586  0.00000
     7     12.5785  0.00000
     8     19.1986  0.00000

 KPT          267  SPIN            1  KWEIGHT    3.3333333333333335E-003
     1    -20.7329  0.00000
     2    -10.3090  0.00000
     3     -9.2624  0.00000
     4     -8.3328  0.00000
     5      3.5090  0.00000
     6     11.9009  0.00000
     7     12.4418  0.00000
     8     19.0419  0.00000

 KPT          268  SPIN            1  KWEIGHT    3.3333333333333335E-003
     1    -20.7793  0.00000
     2    -10.3606  0.00000
     3     -9.1556  0.00000
     4     -8.2623  0.00000
     5      3.6184  0.00000
     6     11.7461  0.00000
     7     12.3032  0.00000
     8     18.8912  0.00000

 KPT          269  SPIN            1  KWEIGHT    3.3333333333333335E-003
     1    -20.8243  0.00000
     2    -10.4106  0.00000
     3     -9.0496  0.00000
     4     -8.1930  0.00000
     5      3.7256  0.00000
     6     11.5944  0.00000
     7     12.1630  0.00000
     8     18.7464  0.00000

 KPT          270  SPIN            1  KWEIGHT    3.3333333333333335E-003
     1    -20.8680  0.00000
     2    -10.4592  0.00000
     3     -8.9444  0.00000
     4     -8.1249  0.00000
     5      3.8305  0.00000
     6     11.4459  0.00000
     7     12.0215  0.00000
     8     18.6075  0.00000

 KPT          271  SPIN            1  KWEIGHT    3.3333333333333335E-003
     1    -20.9103  0.00000
     2    -10.5062  0.00000
     3     -8.8401  0.00000
     4     -8.0581  0.00000
     5      3.9330  0.00000
     6     11.3009  0.00000
     7     11.8789  0.00000
     8     18.4747  0.00000

 KPT          272  SPIN            1  KWEIGHT    3.3333333333333335E-003
     1    -20.9512  0.00000
     2    -10.5517  0.00000
     3     -8.7370  0.00000
     4     -7.9926  0.00000
     5      4.0329  0.00000
     6     11.1593  0.00000
     7     11.7356  0.00000
     8     18.3479  0.00000

 KPT          273  SPIN            1  KWEIGHT    3.3333333333333335E-003
     1    -20.9907  0.00000
     2    -10.5957  0.00000
     3     -8.6351  0.00000
     4     -7.9285  0.00000
     5      4.1303  0.00000
     6     11.0214  0.00000
     7     11.5918  0.00000
     8     18.2270  0.00000

 KPT          274  SPIN            1  KWEIGHT    3.3333333333333335E-003
     1    -21.0289  0.00000
     2    -10.6382  0.00000
     3     -8.5345  0.00000
     4     -7.8660  0.00000
     5      4.2250  0.00000
     6     10.8873  0.00000
     7     11.4480  0.00000
     8     18.1120  0.00000

 KPT          275  SPIN            1  KWEIGHT    3.3333333333333335E-003
     1    -21.0656  0.00000
     2    -10.6791  0.00000
     3     -8.4355  0.00000
     4     -7.8050  0.00000
     5      4.3169  0.00000
     6     10.7571  0.00000
     7     11.3045  0.00000
     8     18.0029  0.00000

 KPT          276  SPIN            1  KWEIGHT    3.3333333333333335E-003
     1    -21.1010  0.00000
     2    -10.7185  0.00000
     3     -8.3382  0.00000
     4     -7.7456  0.00000
     5      4.4060  0.00000
     6     10.6310  0.00000
     7     11.1619  0.00000
     8     17.8994  0.00000

 KPT          277  SPIN            1  KWEIGHT    3.3333333333333335E-003
     1    -21.1350  0.00000
     2    -10.7564  0.00000
     3     -8.2427  0.00000
     4     -7.6879  0.00000
     5      4.4922  0.00000
     6     10.5090  0.00000
     7     11.0204  0.00000
     8     17.8015  0.00000

 KPT          278  SPIN            1  KWEIGHT    3.3333333333333335E-003
     1    -21.1675  0.00000
     2    -10.7926  0.00000
     3     -8.1492  0.00000
     4     -7.6321  0.00000
     5      4.5753  0.00000
     6     10.3912  0.00000
     7     10.8805  0.00000
     8     17.7091  0.00000

 KPT          279  SPIN            1  KWEIGHT    3.3333333333333335E-003
     1    -21.1986  0.00000
     2    -10.8273  0.00000
     3     -8.0579  0.00000
     4     -7.5780  0.00000
     5      4.6553  0.00000
     6     10.2778  0.00000
     7     10.7427  0.00000
     8     17.6221  0.00000

 KPT          280  SPIN            1  KWEIGHT    3.3333333333333335E-003
     1    -21.2284  0.00000
     2    -10.8604  0.00000
     3     -7.9689  0.00000
     4     -7.5259  0.00000
     5      4.7322  0.00000
     6     10.1690  0.00000
     7     10.6074  0.00000
     8     17.5402  0.00000

 KPT          281  SPIN            1  KWEIGHT    3.3333333333333335E-003
     1    -21.2567  0.00000
     2    -10.8920  0.00000
     3     -7.8825  0.00000
     4     -7.4758  0.00000
     5      4.8058  0.00000
     6     10.0647  0.00000
     7     10.4751  0.00000
     8     17.4633  0.00000

 KPT          282  SPIN            1  KWEIGHT    3.3333333333333335E-003
     1    -21.2835  0.00000
     2    -10.9219  0.00000
     3     -7.7989  0.00000
     4     -7.4277  0.00000
     5      4.8761  0.00000
     6      9.9650  0.00000
     7     10.3463  0.00000
     8     17.3914  0.00000

 KPT          283  SPIN            1  KWEIGHT    3.3333333333333335E-003
     1    -21.3090  0.00000
     2    -10.9503  0.00000
     3     -7.7182  0.00000
     4     -7.3818  0.00000
     5      4.9430  0.00000
     6      9.8702  0.00000
     7     10.2213  0.00000
     8     17.3243  0.00000

 KPT          284  SPIN            1  KWEIGHT    3.3333333333333335E-003
     1    -21.3330  0.00000
     2    -10.9771  0.00000
     3     -7.6407  0.00000
     4     -7.3381  0.00000
     5      5.0065  0.00000
     6      9.7803  0.00000
     7     10.1007  0.00000
     8     17.2617  0.00000

 KPT          285  SPIN            1  KWEIGHT    3.3333333333333335E-003
     1    -21.3556  0.00000
     2    -11.0022  0.00000
     3     -7.5665  0.00000
     4     -7.2966  0.00000
     5      5.0664  0.00000
     6      9.6953  0.00000
     7      9.9848  0.00000
     8     17.2037  0.00000

 KPT          286  SPIN            1  KWEIGHT    3.3333333333333335E-003
     1    -21.3767  0.00000
     2    -11.0258  0.00000
     3     -7.4959  0.00000
     4     -7.2575  0.00000
     5      5.1228  0.00000
     6      9.6154  0.00000
     7      9.8741  0.00000
     8     17.1501  0.00000

 KPT          287  SPIN            1  KWEIGHT    3.3333333333333335E-003
     1    -21.3964  0.00000
     2    -11.0477  0.00000
     3     -7.4291  0.00000
     4     -7.2207  0.00000
     5      5.1756  0.00000
     6      9.5406  0.00000
     7      9.7690  0.00000
     8     17.1006  0.00000

 KPT          288  SPIN            1  KWEIGHT    3.3333333333333335E-003
     1    -21.4146  0.00000
     2    -11.0681  0.00000
     3     -7.3662  0.00000
     4     -7.1864  0.00000
     5      5.2246  0.00000
     6      9.4711  0.00000
     7      9.6699  0.00000
     8     17.0554  0.00000

 KPT          289  SPIN            1  KWEIGHT    3.3333333333333335E-003
     1    -21.4314  0.00000
     2    -11.0868  0.00000
     3     -7.3075  0.00000
     4     -7.1547  0.00000
     5      5.2699  0.00000
     6      9.4068  0.00000
     7      9.5772  0.00000
     8     17.0141  0.00000

 KPT          290  SPIN            1  KWEIGHT    3.3333333333333335E-003
     1    -21.4468  0.00000
     2    -11.1039  0.00000
     3     -7.2531  0.00000
     4     -7.1255  0.00000
     5      5.3115  0.00000
     6      9.3479  0.00000
     7      9.4913  0.00000
     8     16.9768  0.00000

 KPT          291  SPIN            1  KWEIGHT    3.3333333333333335E-003
     1    -21.4606  0.00000
     2    -11.1194  0.00000
     3     -7.2033  0.00000
     4     -7.0989  0.00000
     5      5.3492  0.00000
     6      9.2944  0.00000
     7      9.4124  0.00000
     8     16.9433  0.00000

 KPT          292  SPIN            1  KWEIGHT    3.3333333333333335E-003
     1    -21.4731  0.00000
     2    -11.1333  0.00000
     3     -7.1582  0.00000
     4     -7.0750  0.00000
     5      5.3830  0.00000
     6      9.2463  0.00000
     7      9.3410  0.00000
     8     16.9135  0.00000

 KPT          293  SPIN            1  KWEIGHT    3.3333333333333335E-003
     1    -21.4840  0.00000
     2    -11.1455  0.00000
     3     -7.1180  0.00000
     4     -7.0538  0.00000
     5      5.4130  0.00000
     6      9.2038  0.00000
     7      9.2772  0.00000
     8     16.8874  0.00000

 KPT          294  SPIN            1  KWEIGHT    3.3333333333333335E-003
     1    -21.4936  0.00000
     2    -11.1561  0.00000
     3     -7.0828  0.00000
     4     -7.0353  0.00000
     5      5.4390  0.00000
     6      9.1669  0.00000
     7      9.2214  0.00000
     8     16.8649  0.00000

 KPT          295  SPIN            1  KWEIGHT    3.3333333333333335E-003
     1    -21.5016  0.00000
     2    -11.1651  0.00000
     3     -7.0528  0.00000
     4     -7.0196  0.00000
     5      5.4611  0.00000
     6      9.1356  0.00000
     7      9.1738  0.00000
     8     16.8460  0.00000

 KPT          296  SPIN            1  KWEIGHT    3.3333333333333335E-003
     1    -21.5082  0.00000
     2    -11.1724  0.00000
     3     -7.0281  0.00000
     4     -7.0068  0.00000
     5      5.4792  0.00000
     6      9.1099  0.00000
     7      9.1346  0.00000
     8     16.8306  0.00000

 KPT          297  SPIN            1  KWEIGHT    3.3333333333333335E-003
     1    -21.5133  0.00000
     2    -11.1781  0.00000
     3     -7.0088  0.00000
     4     -6.9967  0.00000
     5      5.4933  0.00000
     6      9.0899  0.00000
     7      9.1039  0.00000
     8     16.8187  0.00000

 KPT          298  SPIN            1  KWEIGHT    3.3333333333333335E-003
     1    -21.5170  0.00000
     2    -11.1822  0.00000
     3     -6.9949  0.00000
     4     -6.9896  0.00000
     5      5.5033  0.00000
     6      9.0756  0.00000
     7      9.0818  0.00000
     8     16.8101  0.00000

 KPT          299  SPIN            1  KWEIGHT    3.3333333333333335E-003
     1    -21.5192  0.00000
     2    -11.1847  0.00000
     3     -6.9866  0.00000
     4     -6.9852  0.00000
     5      5.5094  0.00000
     6      9.0670  0.00000
     7      9.0686  0.00000
     8     16.8050  0.00000

 KPT          300  SPIN            1  KWEIGHT    3.3333333333333335E-003
     1    -21.5199  0.00000
     2    -11.1855  0.00000
     3     -6.9838  0.00000
     4     -6.9838  0.00000
     5      5.5114  0.00000
     6      9.0642  0.00000
     7      9.0642  0.00000
     8     16.8033  0.00000

